BL51 BANKED LINKER/LOCATER V6.00                                                        02/16/2023  11:09:09  PAGE 1


BL51 BANKED LINKER/LOCATER V6.00, INVOKED BY:
C:\KEIL\C51\BIN\BL51.EXE STARTUP.obj, ÎÂ¿Ø³ÌÐò.obj, modbus.obj, crc.obj TO ÎÂ¿Ø³ÌÐò RAMSIZE (256)


MEMORY MODEL: LARGE WITH FLOATING POINT ARITHMETIC


INPUT MODULES INCLUDED:
  STARTUP.obj (?C_STARTUP)
  ÎÂ¿Ø³ÌÐò.obj (ÎÂ¿_³ÌÐò)
  modbus.obj (MODBUS)
  crc.obj (CRC)
  C:\KEIL\C51\LIB\C51FPL.LIB (?C?FPADD)
  C:\KEIL\C51\LIB\C51FPL.LIB (?C?FPMUL)
  C:\KEIL\C51\LIB\C51FPL.LIB (?C?FPCMP)
  C:\KEIL\C51\LIB\C51FPL.LIB (?C?FCAST)
  C:\KEIL\C51\LIB\C51FPL.LIB (?C?CASTF)
  C:\KEIL\C51\LIB\C51FPL.LIB (?C?FPGETOPN)
  C:\KEIL\C51\LIB\C51L.LIB (?C_INIT)
  C:\KEIL\C51\LIB\C51L.LIB (?C?CLDPTR)
  C:\KEIL\C51\LIB\C51L.LIB (?C?CLDOPTR)
  C:\KEIL\C51\LIB\C51L.LIB (?C?CSTOPTR)
  C:\KEIL\C51\LIB\C51L.LIB (?C?UIDIV)
  C:\KEIL\C51\LIB\C51L.LIB (?C?ILDIX)
  C:\KEIL\C51\LIB\C51L.LIB (?C?LNEG)
  C:\KEIL\C51\LIB\C51L.LIB (?C?SLCMP)
  C:\KEIL\C51\LIB\C51L.LIB (?C?LLDIDATA)
  C:\KEIL\C51\LIB\C51L.LIB (?C?LLDIDATA0)
  C:\KEIL\C51\LIB\C51L.LIB (?C?LSTIDATA)
  C:\KEIL\C51\LIB\C51L.LIB (?C?LSTXDATA)
  C:\KEIL\C51\LIB\C51L.LIB (?C?LSTKIDATA)
  C:\KEIL\C51\LIB\C51L.LIB (?C?OFFXADD)
  C:\KEIL\C51\LIB\C51L.LIB (?C?CCASE)


LINK MAP OF MODULE:  ÎÂ¿Ø³ÌÐò (?C_STARTUP)


            TYPE    BASE      LENGTH    RELOCATION   SEGMENT NAME
            -----------------------------------------------------

            * * * * * * *   D A T A   M E M O R Y   * * * * * * *
            REG     0000H     0008H     ABSOLUTE     "REG BANK 0"
            REG     0008H     0008H     ABSOLUTE     "REG BANK 1"
            REG     0010H     0008H     ABSOLUTE     "REG BANK 2"
            IDATA   0018H     0002H     UNIT         ?ID?MODBUS
                    001AH     0006H                  *** GAP ***
            BIT     0020H.0   0005H.1   UNIT         ?BI?ÎÂ¿_³ÌÐò
            BIT     0025H.1   0000H.1   UNIT         ?BI?HOT1_DIS?ÎÂ¿_³ÌÐò
            BIT     0025H.2   0000H.1   UNIT         ?BI?HOT2_DIS?ÎÂ¿_³ÌÐò
            BIT     0025H.3   0000H.1   UNIT         ?BI?HOT3_DIS?ÎÂ¿_³ÌÐò
            BIT     0025H.4   0000H.1   UNIT         ?BI?TB_DIS?ÎÂ¿_³ÌÐò
            BIT     0025H.5   0000H.1   UNIT         ?BI?JG_DIS?ÎÂ¿_³ÌÐò
            BIT     0025H.6   0000H.1   UNIT         ?BI?BF_DIS?ÎÂ¿_³ÌÐò
            BIT     0025H.7   0000H.1   UNIT         ?BI?P1_DIS?ÎÂ¿_³ÌÐò
            BIT     0026H.0   0000H.1   UNIT         ?BI?P2_DIS?ÎÂ¿_³ÌÐò
            BIT     0026H.1   0000H.1   UNIT         _BIT_GROUP_
                    0026H.2   0000H.6                *** GAP ***
BL51 BANKED LINKER/LOCATER V6.00                                                      02/16/2023  11:09:09  PAGE 2


            IDATA   0027H     00A1H     UNIT         ?ID?ÎÂ¿_³ÌÐò
            IDATA   00C8H     0001H     UNIT         ?STACK

            * * * * * * *  X D A T A   M E M O R Y  * * * * * * *
            XDATA   0000H     0242H     UNIT         ?XD?MODBUS
            XDATA   0242H     005EH     UNIT         ?XD?ÎÂ¿_³ÌÐò
            XDATA   02A0H     0027H     UNIT         _XDATA_GROUP_

            * * * * * * *   C O D E   M E M O R Y   * * * * * * *
            CODE    0000H     0003H     ABSOLUTE     
            CODE    0003H     0005H     UNIT         ?PR?_BROADCAST_PROCESS?MODBUS
                    0008H     0003H                  *** GAP ***
            CODE    000BH     0003H     ABSOLUTE     
            CODE    000EH     0015H     UNIT         ?PR?_IAPERASESECTOR?ÎÂ¿_³ÌÐò
            CODE    0023H     0003H     ABSOLUTE     
            CODE    0026H     006BH     UNIT         ?PR?UART?ÎÂ¿_³ÌÐò
            CODE    0091H     000AH     UNIT         ?PR?DELAY50US?ÎÂ¿_³ÌÐò
            CODE    009BH     0003H     ABSOLUTE     
            CODE    009EH     0AB5H     UNIT         ?PR?MAIN?ÎÂ¿_³ÌÐò
            CODE    0B53H     049DH     UNIT         ?C?LIB_CODE
            CODE    0FF0H     0325H     UNIT         ?PR?_FUNCTION_READ_HOLDING_REGISTERS_3?MODBUS
            CODE    1315H     0300H     UNIT         ?PR?_FUNCTION_READ_INPUT_REGISTERS_4?MODBUS
            CODE    1615H     0224H     UNIT         ?PR?_FUNCTION_READ_WRITE_MULTIPLE_REGISTERS_17?MODBUS
            CODE    1839H     0200H     UNIT         ?CO?CRC
            CODE    1A39H     01C6H     UNIT         ?PR?_PARSE_RECV_BUFFER?MODBUS
            CODE    1BFFH     0186H     UNIT         ?PR?TM0_ISR?ÎÂ¿_³ÌÐò
            CODE    1D85H     0164H     UNIT         ?PR?_FUNCTION_READ_COILS_1?MODBUS
            CODE    1EE9H     0164H     UNIT         ?PR?_FUNCTION_READ_DISCREATE_INPUT_2?MODBUS
            CODE    204DH     013BH     UNIT         ?PR?_FUNCTION_WRITE_MULTIPLE_REGISTERS_10?MODBUS
            CODE    2188H     0122H     UNIT         ?PR?_FUNCTION_WRITE_SINGLE_REGISTER_6?MODBUS
            CODE    22AAH     011DH     UNIT         ?PR?_FUNCTION_WRITE_MULTIPLE_COILS_F?MODBUS
            CODE    23C7H     0110H     UNIT         ?PR?_GET_TEMPERATURE?ÎÂ¿_³ÌÐò
            CODE    24D7H     010CH     UNIT         ?PR?_PID1?ÎÂ¿_³ÌÐò
            CODE    25E3H     010CH     UNIT         ?PR?_PID2?ÎÂ¿_³ÌÐò
            CODE    26EFH     010CH     UNIT         ?PR?_PID3?ÎÂ¿_³ÌÐò
            CODE    27FBH     010CH     UNIT         ?PR?_PID4?ÎÂ¿_³ÌÐò
            CODE    2907H     010AH     UNIT         ?PR?ID_READ_OK?ÎÂ¿_³ÌÐò
            CODE    2A11H     0104H     UNIT         ?CO?ÎÂ¿_³ÌÐò
            CODE    2B15H     00DFH     UNIT         ?PR?SAVE_MODE_WR?ÎÂ¿_³ÌÐò
            CODE    2BF4H     00D7H     UNIT         ?PR?_HOT_SELECT?ÎÂ¿_³ÌÐò
            CODE    2CCBH     00C3H     UNIT         ?PR?READ_DATA?ÎÂ¿_³ÌÐò
            CODE    2D8EH     00AFH     UNIT         ?PR?DIS1?ÎÂ¿_³ÌÐò
            CODE    2E3DH     00AAH     UNIT         ?PR?READ_MODE_WR_DATA?ÎÂ¿_³ÌÐò
            CODE    2EE7H     00A5H     UNIT         ?PR?_TEMPERATURE_LPF?ÎÂ¿_³ÌÐò
            CODE    2F8CH     00A2H     UNIT         ?PR?_TM1722_WRITE_WORD?ÎÂ¿_³ÌÐò
            CODE    302EH     0099H     UNIT         ?PR?T3INT?ÎÂ¿_³ÌÐò
            CODE    30C7H     0098H     UNIT         ?PR?_FAN_RUN_STOP?ÎÂ¿_³ÌÐò
            CODE    315FH     0090H     UNIT         ?PR?_FUNCTION_WRITE_SINGLE_COIL_5?MODBUS
            CODE    31EFH     008CH     UNIT         ?C_C51STARTUP
            CODE    327BH     008BH     UNIT         ?PR?_LCD_CLEAR?ÎÂ¿_³ÌÐò
            CODE    3306H     0089H     UNIT         ?PR?_FAN_DIS?ÎÂ¿_³ÌÐò
            CODE    338FH     0065H     UNIT         ?PR?_CRC16?CRC
            CODE    33F4H     0049H     UNIT         ?PR?_SEND_BAD_MSG?MODBUS
            CODE    343DH     0041H     UNIT         ?PR?_TM1722_WRITE_BYTE?ÎÂ¿_³ÌÐò
            CODE    347EH     003DH     UNIT         ?PR?MODE_CHOSE?ÎÂ¿_³ÌÐò
            CODE    34BBH     0034H     UNIT         ?PR?_SEND_BUFFER?ÎÂ¿_³ÌÐò
            CODE    34EFH     0032H     UNIT         ?C_INITSEG
BL51 BANKED LINKER/LOCATER V6.00                                                      02/16/2023  11:09:09  PAGE 3


            CODE    3521H     002FH     UNIT         ?PR?TEMP_DIS?ÎÂ¿_³ÌÐò
            CODE    3550H     002FH     UNIT         ?PR?H1_DIS?ÎÂ¿_³ÌÐò
            CODE    357FH     002FH     UNIT         ?PR?H2_DIS?ÎÂ¿_³ÌÐò
            CODE    35AEH     002FH     UNIT         ?PR?H3_DIS?ÎÂ¿_³ÌÐò
            CODE    35DDH     002FH     UNIT         ?PR?TB_DIS?ÎÂ¿_³ÌÐò
            CODE    360CH     002FH     UNIT         ?PR?JG_DIS?ÎÂ¿_³ÌÐò
            CODE    363BH     002FH     UNIT         ?PR?MODE_DIS?ÎÂ¿_³ÌÐò
            CODE    366AH     002FH     UNIT         ?PR?BF_DIS?ÎÂ¿_³ÌÐò
            CODE    3699H     002FH     UNIT         ?PR?SET_DIS?ÎÂ¿_³ÌÐò
            CODE    36C8H     002FH     UNIT         ?PR?CUR_DIS?ÎÂ¿_³ÌÐò
            CODE    36F7H     002FH     UNIT         ?PR?P1_DIS?ÎÂ¿_³ÌÐò
            CODE    3726H     002FH     UNIT         ?PR?P2_DIS?ÎÂ¿_³ÌÐò
            CODE    3755H     002FH     UNIT         ?PR?S14_DIS?ÎÂ¿_³ÌÐò
            CODE    3784H     002FH     UNIT         ?PR?S15_DIS?ÎÂ¿_³ÌÐò
            CODE    37B3H     002DH     UNIT         ?PR?_GETADCRESULT?ÎÂ¿_³ÌÐò
            CODE    37E0H     0024H     UNIT         ?PR?HOT_POWER_SAVE?ÎÂ¿_³ÌÐò
            CODE    3804H     0023H     UNIT         ?PR?_IAPPROGRAMBYTE?ÎÂ¿_³ÌÐò
            CODE    3827H     001FH     UNIT         ?PR?FAN_CLOSE_READ?ÎÂ¿_³ÌÐò
            CODE    3846H     001EH     UNIT         ?PR?_DELAY1MS?ÎÂ¿_³ÌÐò
            CODE    3864H     001CH     UNIT         ?PR?_IAPREADBYTE?ÎÂ¿_³ÌÐò
            CODE    3880H     0019H     UNIT         ?PR?UARTINIT?ÎÂ¿_³ÌÐò
            CODE    3899H     0018H     UNIT         ?PR?FAN_POWER_SAVE?ÎÂ¿_³ÌÐò
            CODE    38B1H     0018H     UNIT         ?PR?HOT_POWER_READ?ÎÂ¿_³ÌÐò
            CODE    38C9H     0018H     UNIT         ?PR?FAN_POWER_READ?ÎÂ¿_³ÌÐò
            CODE    38E1H     0017H     UNIT         ?PR?FAN_CLOSE_SAVE?ÎÂ¿_³ÌÐò
            CODE    38F8H     0017H     UNIT         ?PR?FAN_STOP?ÎÂ¿_³ÌÐò
            CODE    390FH     0015H     UNIT         ?PR?_NOT_SUPPORT_FUNCTION_CODE?MODBUS
            CODE    3924H     0014H     UNIT         ?PR?SAVE_MODE_NUM?ÎÂ¿_³ÌÐò
            CODE    3938H     0014H     UNIT         ?PR?HOT_DIS?ÎÂ¿_³ÌÐò
            CODE    394CH     0014H     UNIT         ?PR?HOT1_DIS?ÎÂ¿_³ÌÐò
            CODE    3960H     0014H     UNIT         ?PR?HOT2_DIS?ÎÂ¿_³ÌÐò
            CODE    3974H     0014H     UNIT         ?PR?HOT3_DIS?ÎÂ¿_³ÌÐò
            CODE    3988H     0014H     UNIT         ?PR?F_DIS?ÎÂ¿_³ÌÐò
            CODE    399CH     0014H     UNIT         ?PR?M_DIS?ÎÂ¿_³ÌÐò
            CODE    39B0H     0014H     UNIT         ?PR?R_DIS?ÎÂ¿_³ÌÐò
            CODE    39C4H     0014H     UNIT         ?PR?S13_DIS?ÎÂ¿_³ÌÐò
            CODE    39D8H     0013H     UNIT         ?PR?TIMER0INIT?ÎÂ¿_³ÌÐò
            CODE    39EBH     0010H     UNIT         ?PR?TIMER3INIT?ÎÂ¿_³ÌÐò
            CODE    39FBH     000FH     UNIT         ?PR?READ_MODE?ÎÂ¿_³ÌÐò
            CODE    3A0AH     000FH     UNIT         ?PR?_PWM_SET?ÎÂ¿_³ÌÐò
            CODE    3A19H     000DH     UNIT         ?PR?IAPIDLE?ÎÂ¿_³ÌÐò
            CODE    3A26H     000CH     UNIT         ?PR?INITADC?ÎÂ¿_³ÌÐò
            CODE    3A32H     000AH     UNIT         ?PR?FAN_RUN?ÎÂ¿_³ÌÐò



OVERLAY MAP OF MODULE:   ÎÂ¿Ø³ÌÐò (?C_STARTUP)


SEGMENT                                             BIT_GROUP          XDATA_GROUP
  +--> CALLED SEGMENT                            START    LENGTH     START    LENGTH
------------------------------------------------------------------------------------
?C_C51STARTUP                                    -----    -----      -----    -----
  +--> ?PR?MAIN?ÎÂ¿_³ÌÐò
  +--> ?C_INITSEG

?PR?MAIN?ÎÂ¿_³ÌÐò                                -----    -----      -----    -----
BL51 BANKED LINKER/LOCATER V6.00                                                      02/16/2023  11:09:09  PAGE 4


  +--> ?PR?UARTINIT?ÎÂ¿_³ÌÐò
  +--> ?PR?INITADC?ÎÂ¿_³ÌÐò
  +--> ?PR?TIMER0INIT?ÎÂ¿_³ÌÐò
  +--> ?PR?TIMER3INIT?ÎÂ¿_³ÌÐò
  +--> ?PR?READ_MODE?ÎÂ¿_³ÌÐò
  +--> ?PR?READ_DATA?ÎÂ¿_³ÌÐò
  +--> ?PR?FAN_CLOSE_READ?ÎÂ¿_³ÌÐò
  +--> ?PR?HOT_POWER_READ?ÎÂ¿_³ÌÐò
  +--> ?PR?FAN_POWER_READ?ÎÂ¿_³ÌÐò
  +--> ?PR?_LCD_CLEAR?ÎÂ¿_³ÌÐò
  +--> ?PR?DIS1?ÎÂ¿_³ÌÐò
  +--> ?PR?_DELAY1MS?ÎÂ¿_³ÌÐò
  +--> ?PR?FAN_CLOSE_SAVE?ÎÂ¿_³ÌÐò
  +--> ?PR?MODE_CHOSE?ÎÂ¿_³ÌÐò
  +--> ?PR?S13_DIS?ÎÂ¿_³ÌÐò
  +--> ?PR?S14_DIS?ÎÂ¿_³ÌÐò
  +--> ?PR?_FAN_RUN_STOP?ÎÂ¿_³ÌÐò
  +--> ?PR?_PARSE_RECV_BUFFER?MODBUS
  +--> ?PR?_TEMPERATURE_LPF?ÎÂ¿_³ÌÐò
  +--> ?PR?_GET_TEMPERATURE?ÎÂ¿_³ÌÐò
  +--> ?PR?_PID1?ÎÂ¿_³ÌÐò
  +--> ?PR?_PID2?ÎÂ¿_³ÌÐò
  +--> ?PR?_PID3?ÎÂ¿_³ÌÐò
  +--> ?PR?_PID4?ÎÂ¿_³ÌÐò
  +--> ?PR?F_DIS?ÎÂ¿_³ÌÐò
  +--> ?PR?R_DIS?ÎÂ¿_³ÌÐò
  +--> ?PR?M_DIS?ÎÂ¿_³ÌÐò
  +--> ?PR?H2_DIS?ÎÂ¿_³ÌÐò
  +--> ?PR?H3_DIS?ÎÂ¿_³ÌÐò
  +--> ?PR?HOT_DIS?ÎÂ¿_³ÌÐò
  +--> ?PR?SAVE_MODE_WR?ÎÂ¿_³ÌÐò
  +--> ?PR?_TM1722_WRITE_WORD?ÎÂ¿_³ÌÐò
  +--> ?PR?HOT_POWER_SAVE?ÎÂ¿_³ÌÐò
  +--> ?PR?FAN_STOP?ÎÂ¿_³ÌÐò
  +--> ?PR?FAN_POWER_SAVE?ÎÂ¿_³ÌÐò
  +--> ?PR?_FAN_DIS?ÎÂ¿_³ÌÐò
  +--> ?PR?CUR_DIS?ÎÂ¿_³ÌÐò
  +--> ?PR?SET_DIS?ÎÂ¿_³ÌÐò
  +--> ?PR?TEMP_DIS?ÎÂ¿_³ÌÐò
  +--> ?PR?H1_DIS?ÎÂ¿_³ÌÐò

?PR?READ_MODE?ÎÂ¿_³ÌÐò                           -----    -----      -----    -----
  +--> ?PR?_IAPREADBYTE?ÎÂ¿_³ÌÐò

?PR?_IAPREADBYTE?ÎÂ¿_³ÌÐò                        -----    -----      -----    -----
  +--> ?PR?IAPIDLE?ÎÂ¿_³ÌÐò

?PR?READ_DATA?ÎÂ¿_³ÌÐò                           -----    -----      -----    -----
  +--> ?PR?_IAPREADBYTE?ÎÂ¿_³ÌÐò
  +--> ?PR?READ_MODE_WR_DATA?ÎÂ¿_³ÌÐò

?PR?FAN_CLOSE_READ?ÎÂ¿_³ÌÐò                      -----    -----      -----    -----
  +--> ?PR?_IAPREADBYTE?ÎÂ¿_³ÌÐò

?PR?HOT_POWER_READ?ÎÂ¿_³ÌÐò                      -----    -----      -----    -----
  +--> ?PR?_IAPREADBYTE?ÎÂ¿_³ÌÐò

BL51 BANKED LINKER/LOCATER V6.00                                                      02/16/2023  11:09:09  PAGE 5


?PR?FAN_POWER_READ?ÎÂ¿_³ÌÐò                      -----    -----      -----    -----
  +--> ?PR?_IAPREADBYTE?ÎÂ¿_³ÌÐò

?PR?_LCD_CLEAR?ÎÂ¿_³ÌÐò                          -----    -----      -----    -----
  +--> ?PR?_TM1722_WRITE_BYTE?ÎÂ¿_³ÌÐò

?PR?_TM1722_WRITE_BYTE?ÎÂ¿_³ÌÐò                  -----    -----      -----    -----
  +--> ?PR?DELAY50US?ÎÂ¿_³ÌÐò

?PR?DIS1?ÎÂ¿_³ÌÐò                                0026H.1  0000H.1    02A0H    0005H
  +--> ?PR?_TM1722_WRITE_WORD?ÎÂ¿_³ÌÐò

?PR?_TM1722_WRITE_WORD?ÎÂ¿_³ÌÐò                  -----    -----      02A5H    0001H
  +--> ?PR?HOT_POWER_SAVE?ÎÂ¿_³ÌÐò
  +--> ?CO?ÎÂ¿_³ÌÐò
  +--> ?PR?_TM1722_WRITE_BYTE?ÎÂ¿_³ÌÐò

?PR?HOT_POWER_SAVE?ÎÂ¿_³ÌÐò                      -----    -----      -----    -----
  +--> ?PR?_IAPERASESECTOR?ÎÂ¿_³ÌÐò
  +--> ?PR?_IAPPROGRAMBYTE?ÎÂ¿_³ÌÐò

?PR?_IAPERASESECTOR?ÎÂ¿_³ÌÐò                     -----    -----      -----    -----
  +--> ?PR?IAPIDLE?ÎÂ¿_³ÌÐò

?PR?_IAPPROGRAMBYTE?ÎÂ¿_³ÌÐò                     -----    -----      -----    -----
  +--> ?PR?IAPIDLE?ÎÂ¿_³ÌÐò

?PR?FAN_CLOSE_SAVE?ÎÂ¿_³ÌÐò                      -----    -----      -----    -----
  +--> ?PR?_IAPERASESECTOR?ÎÂ¿_³ÌÐò
  +--> ?PR?_IAPPROGRAMBYTE?ÎÂ¿_³ÌÐò

?PR?MODE_CHOSE?ÎÂ¿_³ÌÐò                          -----    -----      -----    -----
  +--> ?PR?READ_DATA?ÎÂ¿_³ÌÐò
  +--> ?PR?_LCD_CLEAR?ÎÂ¿_³ÌÐò
  +--> ?PR?DIS1?ÎÂ¿_³ÌÐò
  +--> ?PR?MODE_DIS?ÎÂ¿_³ÌÐò
  +--> ?PR?_DELAY1MS?ÎÂ¿_³ÌÐò
  +--> ?PR?TEMP_DIS?ÎÂ¿_³ÌÐò
  +--> ?PR?CUR_DIS?ÎÂ¿_³ÌÐò
  +--> ?PR?_FAN_DIS?ÎÂ¿_³ÌÐò
  +--> ?PR?S13_DIS?ÎÂ¿_³ÌÐò
  +--> ?PR?S14_DIS?ÎÂ¿_³ÌÐò
  +--> ?PR?S15_DIS?ÎÂ¿_³ÌÐò

?PR?MODE_DIS?ÎÂ¿_³ÌÐò                            0026H.1  0000H.1    -----    -----
  +--> ?PR?_TM1722_WRITE_BYTE?ÎÂ¿_³ÌÐò

?PR?TEMP_DIS?ÎÂ¿_³ÌÐò                            0026H.1  0000H.1    -----    -----
  +--> ?PR?_TM1722_WRITE_BYTE?ÎÂ¿_³ÌÐò

?PR?CUR_DIS?ÎÂ¿_³ÌÐò                             0026H.1  0000H.1    -----    -----
  +--> ?PR?_TM1722_WRITE_BYTE?ÎÂ¿_³ÌÐò

?PR?_FAN_DIS?ÎÂ¿_³ÌÐò                            -----    -----      -----    -----
  +--> ?PR?_TM1722_WRITE_BYTE?ÎÂ¿_³ÌÐò

?PR?S13_DIS?ÎÂ¿_³ÌÐò                             0026H.1  0000H.1    -----    -----
BL51 BANKED LINKER/LOCATER V6.00                                                      02/16/2023  11:09:09  PAGE 6


  +--> ?PR?_TM1722_WRITE_BYTE?ÎÂ¿_³ÌÐò

?PR?S14_DIS?ÎÂ¿_³ÌÐò                             0026H.1  0000H.1    -----    -----
  +--> ?PR?_TM1722_WRITE_BYTE?ÎÂ¿_³ÌÐò

?PR?S15_DIS?ÎÂ¿_³ÌÐò                             0026H.1  0000H.1    -----    -----
  +--> ?PR?_TM1722_WRITE_BYTE?ÎÂ¿_³ÌÐò

?PR?_FAN_RUN_STOP?ÎÂ¿_³ÌÐò                       -----    -----      -----    -----
  +--> ?PR?SAVE_MODE_NUM?ÎÂ¿_³ÌÐò
  +--> ?PR?FAN_STOP?ÎÂ¿_³ÌÐò
  +--> ?PR?FAN_RUN?ÎÂ¿_³ÌÐò
  +--> ?PR?_PWM_SET?ÎÂ¿_³ÌÐò

?PR?SAVE_MODE_NUM?ÎÂ¿_³ÌÐò                       -----    -----      -----    -----
  +--> ?PR?_IAPERASESECTOR?ÎÂ¿_³ÌÐò
  +--> ?PR?_IAPPROGRAMBYTE?ÎÂ¿_³ÌÐò

?PR?FAN_STOP?ÎÂ¿_³ÌÐò                            -----    -----      -----    -----
  +--> ?PR?_PWM_SET?ÎÂ¿_³ÌÐò

?PR?_PARSE_RECV_BUFFER?MODBUS                    -----    -----      02A0H    0009H
  +--> ?PR?_CRC16?CRC
  +--> ?PR?_BROADCAST_PROCESS?MODBUS
  +--> ?PR?_FUNCTION_READ_COILS_1?MODBUS
  +--> ?PR?_FUNCTION_READ_DISCREATE_INPUT_2?...
  +--> ?PR?_FUNCTION_READ_HOLDING_REGISTERS_...
  +--> ?PR?_FUNCTION_READ_INPUT_REGISTERS_4?...
  +--> ?PR?_FUNCTION_WRITE_SINGLE_COIL_5?MODBUS
  +--> ?PR?_FUNCTION_WRITE_SINGLE_REGISTER_6...
  +--> ?PR?_FUNCTION_WRITE_MULTIPLE_COILS_F?...
  +--> ?PR?_FUNCTION_WRITE_MULTIPLE_REGISTER...
  +--> ?PR?_FUNCTION_READ_WRITE_MULTIPLE_REG...
  +--> ?PR?_NOT_SUPPORT_FUNCTION_CODE?MODBUS

?PR?_CRC16?CRC                                   -----    -----      02C0H    0007H
  +--> ?CO?CRC

?PR?_FUNCTION_READ_COILS_1?MODBUS                -----    -----      02A9H    000CH
  +--> ?PR?_SEND_BAD_MSG?MODBUS
  +--> ?PR?_CRC16?CRC
  +--> ?PR?_SEND_BUFFER?ÎÂ¿_³ÌÐò

?PR?_SEND_BAD_MSG?MODBUS                         -----    -----      02BBH    0005H
  +--> ?PR?_CRC16?CRC
  +--> ?PR?_SEND_BUFFER?ÎÂ¿_³ÌÐò

?PR?_SEND_BUFFER?ÎÂ¿_³ÌÐò                        -----    -----      02C0H    0003H

?PR?_FUNCTION_READ_DISCREATE_INPUT_2?...         -----    -----      02A9H    000CH
  +--> ?PR?_SEND_BAD_MSG?MODBUS
  +--> ?PR?_CRC16?CRC
  +--> ?PR?_SEND_BUFFER?ÎÂ¿_³ÌÐò

?PR?_FUNCTION_READ_HOLDING_REGISTERS_...         -----    -----      02A9H    000EH
  +--> ?PR?_SEND_BAD_MSG?MODBUS
  +--> ?PR?_CRC16?CRC
BL51 BANKED LINKER/LOCATER V6.00                                                      02/16/2023  11:09:09  PAGE 7


  +--> ?PR?_SEND_BUFFER?ÎÂ¿_³ÌÐò

?PR?_FUNCTION_READ_INPUT_REGISTERS_4?...         -----    -----      02A9H    000EH
  +--> ?PR?_SEND_BAD_MSG?MODBUS
  +--> ?PR?_CRC16?CRC
  +--> ?PR?_SEND_BUFFER?ÎÂ¿_³ÌÐò

?PR?_FUNCTION_WRITE_SINGLE_COIL_5?MODBUS         -----    -----      02A9H    0009H
  +--> ?PR?_SEND_BAD_MSG?MODBUS
  +--> ?PR?_SEND_BUFFER?ÎÂ¿_³ÌÐò

?PR?_FUNCTION_WRITE_SINGLE_REGISTER_6...         -----    -----      02A9H    0009H
  +--> ?PR?_SEND_BAD_MSG?MODBUS
  +--> ?PR?_SEND_BUFFER?ÎÂ¿_³ÌÐò

?PR?_FUNCTION_WRITE_MULTIPLE_COILS_F?...         -----    -----      02A9H    000BH
  +--> ?PR?_SEND_BAD_MSG?MODBUS
  +--> ?PR?_CRC16?CRC
  +--> ?PR?_SEND_BUFFER?ÎÂ¿_³ÌÐò

?PR?_FUNCTION_WRITE_MULTIPLE_REGISTER...         -----    -----      02A9H    000BH
  +--> ?PR?_SEND_BAD_MSG?MODBUS
  +--> ?PR?SAVE_MODE_WR?ÎÂ¿_³ÌÐò
  +--> ?PR?_CRC16?CRC
  +--> ?PR?_SEND_BUFFER?ÎÂ¿_³ÌÐò

?PR?SAVE_MODE_WR?ÎÂ¿_³ÌÐò                        -----    -----      -----    -----
  +--> ?PR?_IAPERASESECTOR?ÎÂ¿_³ÌÐò
  +--> ?PR?_IAPPROGRAMBYTE?ÎÂ¿_³ÌÐò

?PR?_FUNCTION_READ_WRITE_MULTIPLE_REG...         -----    -----      02A9H    0012H
  +--> ?PR?_SEND_BAD_MSG?MODBUS
  +--> ?PR?_CRC16?CRC
  +--> ?PR?_SEND_BUFFER?ÎÂ¿_³ÌÐò

?PR?_NOT_SUPPORT_FUNCTION_CODE?MODBUS            -----    -----      02A9H    0002H
  +--> ?PR?_SEND_BAD_MSG?MODBUS

?PR?_TEMPERATURE_LPF?ÎÂ¿_³ÌÐò                    -----    -----      -----    -----
  +--> ?PR?_GETADCRESULT?ÎÂ¿_³ÌÐò
  +--> ?PR?_DELAY1MS?ÎÂ¿_³ÌÐò

?PR?_GET_TEMPERATURE?ÎÂ¿_³ÌÐò                    -----    -----      02A0H    0005H
  +--> ?CO?ÎÂ¿_³ÌÐò

?PR?_PID1?ÎÂ¿_³ÌÐò                               -----    -----      02A0H    000AH

?PR?_PID2?ÎÂ¿_³ÌÐò                               -----    -----      02A0H    000AH

?PR?_PID3?ÎÂ¿_³ÌÐò                               -----    -----      02A0H    000AH

?PR?_PID4?ÎÂ¿_³ÌÐò                               -----    -----      02A0H    000AH

?PR?F_DIS?ÎÂ¿_³ÌÐò                               0026H.1  0000H.1    -----    -----
  +--> ?PR?_TM1722_WRITE_BYTE?ÎÂ¿_³ÌÐò

?PR?R_DIS?ÎÂ¿_³ÌÐò                               0026H.1  0000H.1    -----    -----
BL51 BANKED LINKER/LOCATER V6.00                                                      02/16/2023  11:09:09  PAGE 8


  +--> ?PR?_TM1722_WRITE_BYTE?ÎÂ¿_³ÌÐò

?PR?M_DIS?ÎÂ¿_³ÌÐò                               0026H.1  0000H.1    -----    -----
  +--> ?PR?_TM1722_WRITE_BYTE?ÎÂ¿_³ÌÐò

?PR?H2_DIS?ÎÂ¿_³ÌÐò                              0026H.1  0000H.1    -----    -----
  +--> ?PR?_TM1722_WRITE_BYTE?ÎÂ¿_³ÌÐò

?PR?H3_DIS?ÎÂ¿_³ÌÐò                              0026H.1  0000H.1    -----    -----
  +--> ?PR?_TM1722_WRITE_BYTE?ÎÂ¿_³ÌÐò

?PR?HOT_DIS?ÎÂ¿_³ÌÐò                             0026H.1  0000H.1    -----    -----
  +--> ?PR?_TM1722_WRITE_BYTE?ÎÂ¿_³ÌÐò

?PR?FAN_POWER_SAVE?ÎÂ¿_³ÌÐò                      -----    -----      -----    -----
  +--> ?PR?_IAPERASESECTOR?ÎÂ¿_³ÌÐò
  +--> ?PR?_IAPPROGRAMBYTE?ÎÂ¿_³ÌÐò

?PR?SET_DIS?ÎÂ¿_³ÌÐò                             0026H.1  0000H.1    -----    -----
  +--> ?PR?_TM1722_WRITE_BYTE?ÎÂ¿_³ÌÐò

?PR?H1_DIS?ÎÂ¿_³ÌÐò                              0026H.1  0000H.1    -----    -----
  +--> ?PR?_TM1722_WRITE_BYTE?ÎÂ¿_³ÌÐò



SYMBOL TABLE OF MODULE:  ÎÂ¿Ø³ÌÐò (?C_STARTUP)

  VALUE           TYPE          NAME
  ----------------------------------

  -------         MODULE        ?C_STARTUP
  C:31EFH         SEGMENT       ?C_C51STARTUP
  I:00C8H         SEGMENT       ?STACK
  C:0000H         PUBLIC        ?C_STARTUP
  D:00E0H         SYMBOL        ACC
  D:00F0H         SYMBOL        B
  D:0083H         SYMBOL        DPH
  D:0082H         SYMBOL        DPL
  N:0000H         SYMBOL        IBPSTACK
  N:0100H         SYMBOL        IBPSTACKTOP
  N:0080H         SYMBOL        IDATALEN
  C:31F2H         SYMBOL        IDATALOOP
  N:0000H         SYMBOL        PBPSTACK
  N:0100H         SYMBOL        PBPSTACKTOP
  N:0000H         SYMBOL        PDATALEN
  N:0000H         SYMBOL        PDATASTART
  N:0000H         SYMBOL        PPAGE
  N:0000H         SYMBOL        PPAGEENABLE
  D:00A0H         SYMBOL        PPAGE_SFR
  D:0081H         SYMBOL        SP
  C:31EFH         SYMBOL        STARTUP1
  N:0000H         SYMBOL        XBPSTACK
  N:0000H         SYMBOL        XBPSTACKTOP
  N:0000H         SYMBOL        XDATALEN
  N:0000H         SYMBOL        XDATASTART
  C:0000H         LINE#         126
BL51 BANKED LINKER/LOCATER V6.00                                                      02/16/2023  11:09:09  PAGE 9


  C:31EFH         LINE#         133
  C:31F1H         LINE#         134
  C:31F2H         LINE#         135
  C:31F3H         LINE#         136
  C:31F5H         LINE#         185
  C:31F8H         LINE#         196
  -------         ENDMOD        ?C_STARTUP

  -------         MODULE        ÎÂ¿_³ÌÐò
  C:0000H         SYMBOL        _ICE_DUMMY_
  C:327BH         PUBLIC        _lcd_clear
  I:0027H         PUBLIC        hot_num
  B:0020H.0       PUBLIC        hot_power_bit
  D:0092H         PUBLIC        P1M0
  D:0093H         PUBLIC        P0M1
  D:0096H         PUBLIC        P2M0
  D:0091H         PUBLIC        P1M1
  D:0080H         PUBLIC        P0
  D:00B2H         PUBLIC        P3M0
  D:0095H         PUBLIC        P2M1
  D:0090H         PUBLIC        P1
  I:0028H         PUBLIC        dis_temp_cnt
  I:0029H         PUBLIC        hot_in_data
  D:00B4H         PUBLIC        P4M0
  D:00B1H         PUBLIC        P3M1
  D:00A0H         PUBLIC        P2
  D:00CAH         PUBLIC        P5M0
  D:00B3H         PUBLIC        P4M1
  D:00B0H         PUBLIC        P3
  C:2B15H         PUBLIC        save_mode_wr
  D:00C9H         PUBLIC        P5M1
  D:00C0H         PUBLIC        P4
  B:0020H.1       PUBLIC        hot_fan_bit
  B:0020H.2       PUBLIC        sp_bit
  B:0080H.7       PUBLIC        hot_in
  D:00C8H         PUBLIC        P5
  B:00A8H.7       PUBLIC        EA
  D:00E8H         PUBLIC        P6
  D:00F8H         PUBLIC        P7
  C:3988H         PUBLIC        f_dis
  B:0020H.3       PUBLIC        ss_bit
  B:0020H.4       PUBLIC        temp_set_bit
  B:0080H.6       PUBLIC        hot_ok
  I:002AH         PUBLIC        tb_num
  B:0020H.5       PUBLIC        fan_bit2
  I:002BH         PUBLIC        keybuf
  B:0020H.6       PUBLIC        fan_bit3
  B:0090H.7       PUBLIC        out1
  I:002CH         PUBLIC        pwm5
  D:00F5H         PUBLIC        PWMCR
  B:00A0H.1       PUBLIC        out2
  B:00A0H.2       PUBLIC        out3
  D:00BAH         PUBLIC        P_SW2
  B:0090H.6       PUBLIC        out4
  I:002EH         PUBLIC        PeriodCnt
  I:0032H         PUBLIC        temp_set_cnt
  I:0033H         PUBLIC        ss_cnt
BL51 BANKED LINKER/LOCATER V6.00                                                      02/16/2023  11:09:09  PAGE 10


  D:00A8H         PUBLIC        IE
  C:399CH         PUBLIC        m_dis
  I:0034H         PUBLIC        lcd_0ah
  I:0035H         PUBLIC        lcd_0bh
  D:00C5H         PUBLIC        IAP_CMD
  C:2BF4H         PUBLIC        _hot_select
  C:3868H         PUBLIC        _IapReadByte
  I:0036H         PUBLIC        tm1
  I:0038H         PUBLIC        lcd_0eh
  C:39B0H         PUBLIC        r_dis
  I:0039H         PUBLIC        tm2
  I:003BH         PUBLIC        lcd_0fh
  D:00BDH         PUBLIC        ADC_RES
  I:003CH         PUBLIC        tm3
  I:003EH         PUBLIC        I_term1
  I:0042H         PUBLIC        tm4
  I:0044H         PUBLIC        I_term2
  D:00F7H         PUBLIC        PWMFDCR
  B:00C8H.4       PUBLIC        speak
  I:0048H         PUBLIC        tm5
  I:004AH         PUBLIC        I_term3
  C:2A11H         PUBLIC        Tab
  I:004EH         PUBLIC        tm6
  I:0050H         PUBLIC        temp_set1
  I:0052H         PUBLIC        fenduan_num
  I:0053H         PUBLIC        I_term4
  B:00A8H.4       PUBLIC        ES
  I:0057H         PUBLIC        temp_set2
  I:0059H         PUBLIC        I_term5
  D:00B8H         PUBLIC        IP
  I:005DH         PUBLIC        temp_set3
  I:005FH         PUBLIC        I_term6
  C:3550H         PUBLIC        H1_dis
  I:0063H         PUBLIC        temp_set4
  I:0065H         PUBLIC        t_cnt
  C:2CCBH         PUBLIC        read_data
  B:0098H.0       PUBLIC        RI
  C:357FH         PUBLIC        H2_dis
  C:3A19H         PUBLIC        IapIdle
  I:0066H         PUBLIC        temp_set5
  C:347EH         PUBLIC        mode_chose
  C:35AEH         PUBLIC        H3_dis
  I:0068H         PUBLIC        HighRH
  I:0069H         PUBLIC        temp_set6
  B:0098H.1       PUBLIC        TI
  C:0026H         PUBLIC        Uart
  B:0020H.7       PUBLIC        fan_rs_bit
  C:394CH         PUBLIC        hot1_dis
  D:00C3H         PUBLIC        IAP_ADDRH
  C:3960H         PUBLIC        hot2_dis
  I:006BH         PUBLIC        HighRL
  C:3974H         PUBLIC        hot3_dis
  C:2A23H         PUBLIC        temp_table
  D:00D8H         PUBLIC        CCON
  D:00C4H         PUBLIC        IAP_ADDRL
  C:39FBH         PUBLIC        read_mode
  C:009EH         PUBLIC        main
BL51 BANKED LINKER/LOCATER V6.00                                                      02/16/2023  11:09:09  PAGE 11


  B:0021H.0       PUBLIC        dis_ss_bit
  B:00C0H.1       PUBLIC        TM1722_CLK
  I:006CH         PUBLIC        tmp_cnt1
  B:00B0H.7       PUBLIC        TM1722_DIO
  I:006EH         PUBLIC        tmp_cnt2
  I:0070H         PUBLIC        tmp_cnt3
  X:0242H         PUBLIC        ID_old
  I:0072H         PUBLIC        tmp_cnt4
  C:3827H         PUBLIC        fan_close_read
  I:0074H         PUBLIC        tmp_cnt5
  I:0076H         PUBLIC        tmp_cnt6
  D:00BCH         PUBLIC        ADC_CONTR
  D:0099H         PUBLIC        SBUF
  C:3461H         PUBLIC        _TM1722_Write_Byte
  B:0021H.1       PUBLIC        tm1_bit
  D:0098H         PUBLIC        SCON
  C:3880H         PUBLIC        UartInit
  B:0021H.2       PUBLIC        tm2_bit
  D:0089H         PUBLIC        TMOD
  D:0088H         PUBLIC        TCON
  B:0021H.3       PUBLIC        tm3_bit
  B:0021H.4       PUBLIC        tm4_bit
  C:330AH         PUBLIC        _fan_dis
  C:23CCH         PUBLIC        _get_temperature
  I:0078H         PUBLIC        temp
  B:0021H.5       PUBLIC        tm5_bit
  C:2EE7H         PUBLIC        _Temperature_LPF
  B:00B0H.6       PUBLIC        TM1722_STB
  X:0249H         PUBLIC        ID_new
  B:0021H.6       PUBLIC        tm6_bit
  X:0250H         PUBLIC        cptr
  I:0086H         PUBLIC        g_need_process_datas
  C:2F9AH         PUBLIC        _TM1722_Write_Word
  D:00AFH         PUBLIC        IE2
  C:0091H         PUBLIC        Delay50us
  X:0252H         PUBLIC        tm_set1
  D:008EH         PUBLIC        AUXR
  C:1BFFH         PUBLIC        tm0_isr
  C:38E1H         PUBLIC        fan_close_save
  X:0253H         PUBLIC        tm_set2
  C:36F7H         PUBLIC        p1_dis
  X:0254H         PUBLIC        tm_set3
  D:00C7H         PUBLIC        IAP_CONTR
  C:3726H         PUBLIC        p2_dis
  X:0255H         PUBLIC        tm_set4
  X:0256H         PUBLIC        tm_set5
  C:38C9H         PUBLIC        fan_power_read
  X:0257H         PUBLIC        tm_set6
  D:00F1H         PUBLIC        PWMCFG
  C:2907H         PUBLIC        ID_read_ok
  X:0258H         PUBLIC        fan_power
  C:363BH         PUBLIC        mode_dis
  I:0087H         PUBLIC        tm1_pwm
  B:00A8H.1       PUBLIC        ET0
  I:0089H         PUBLIC        tm2_pwm
  B:0088H.5       PUBLIC        TF0
  C:39D8H         PUBLIC        Timer0Init
BL51 BANKED LINKER/LOCATER V6.00                                                      02/16/2023  11:09:09  PAGE 12


  I:008BH         PUBLIC        tm3_pwm
  I:008DH         PUBLIC        tm4_pwm
  D:008CH         PUBLIC        TH0
  I:008FH         PUBLIC        tm5_pwm
  C:37B3H         PUBLIC        _GetADCResult
  C:39EBH         PUBLIC        Timer3Init
  I:0091H         PUBLIC        LowRH
  I:0092H         PUBLIC        tm6_pwm
  D:00D6H         PUBLIC        T2H
  D:00D4H         PUBLIC        T3H
  D:008AH         PUBLIC        TL0
  B:0021H.7       PUBLIC        fan_close_bit
  B:0022H.0       PUBLIC        power_bit
  B:0022H.1       PUBLIC        save_bit
  I:0094H         PUBLIC        LowRL
  D:00D7H         PUBLIC        T2L
  D:00D5H         PUBLIC        T3L
  X:0259H         PUBLIC        g_current_need_times
  X:025BH         PUBLIC        g_recv_buffer_index
  D:00C2H         PUBLIC        IAP_DATA
  B:0088H.4       PUBLIC        TR0
  B:0022H.2       PUBLIC        fan_bit
  I:0095H         PUBLIC        power_cnt
  I:0096H         PUBLIC        fan_close_cnt
  I:0097H         PUBLIC        save_cnt
  X:025DH         PUBLIC        g_recv_buffer
  D:00C1H         PUBLIC        WDT_CONTR
  I:0098H         PUBLIC        mode_num
  I:0099H         PUBLIC        recv_cnt
  C:3899H         PUBLIC        fan_power_save
  C:3521H         PUBLIC        temp_dis
  C:38B1H         PUBLIC        hot_power_read
  B:0022H.3       PUBLIC        auto_bit
  B:0022H.4       PUBLIC        clk_bit
  D:009DH         PUBLIC        P1ASF
  I:009AH         PUBLIC        fan_cnt
  X:029DH         PUBLIC        hot_power
  D:00D1H         PUBLIC        T4T3M
  C:38F8H         PUBLIC        fan_stop
  C:3A26H         PUBLIC        InitADC
  B:0022H.5       PUBLIC        dis_HT_bit
  I:009BH         PUBLIC        lcd_03h
  D:00BEH         PUBLIC        ADC_RESL
  C:3A0AH         PUBLIC        _pwm_set
  C:000EH         PUBLIC        _IapEraseSector
  B:00A0H.0       PUBLIC        lcd_bl
  B:0080H.5       PUBLIC        hot_fan
  I:009CH         PUBLIC        lcd_06h
  C:384AH         PUBLIC        _Delay1ms
  I:009DH         PUBLIC        lcd_07h
  B:00C0H.4       PUBLIC        led1
  B:00A0H.6       PUBLIC        led2
  I:009EH         PUBLIC        fan_num
  B:00C0H.3       PUBLIC        led3
  I:009FH         PUBLIC        temp1
  I:00A1H         PUBLIC        key_buf
  C:366AH         PUBLIC        bf_dis
BL51 BANKED LINKER/LOCATER V6.00                                                      02/16/2023  11:09:09  PAGE 13


  C:34BBH         PUBLIC        _send_buffer
  B:0022H.6       PUBLIC        hot_HT_bit
  B:00A0H.5       PUBLIC        led4
  I:00A2H         PUBLIC        temp2
  I:00A4H         PUBLIC        temp_num
  B:0022H.7       PUBLIC        fan_close_ok
  B:00C0H.2       PUBLIC        led5
  I:00A5H         PUBLIC        temp3
  X:029EH         PUBLIC        g_need_times
  C:3924H         PUBLIC        save_mode_num
  B:00A0H.4       PUBLIC        led6
  I:00A7H         PUBLIC        temp4
  I:00A9H         PUBLIC        fan_pwm
  B:0023H.0       PUBLIC        t1_work_bit
  C:3A32H         PUBLIC        fan_run
  C:36C8H         PUBLIC        cur_dis
  C:2E3DH         PUBLIC        read_mode_wr_data
  I:00ABH         PUBLIC        temp5
  B:0023H.1       PUBLIC        t2_work_bit
  C:24D7H         PUBLIC        _PID1
  C:3938H         PUBLIC        hot_dis
  B:0023H.2       PUBLIC        PWMOUT
  I:00ADH         PUBLIC        temp6
  B:0023H.3       PUBLIC        t3_work_bit
  C:25E3H         PUBLIC        _PID2
  C:3699H         PUBLIC        set_dis
  C:380EH         PUBLIC        _IapProgramByte
  B:0023H.4       PUBLIC        key_find_bit
  B:0023H.5       PUBLIC        t4_work_bit
  C:37ECH         PUBLIC        hot_power_save
  C:26EFH         PUBLIC        _PID3
  C:27FBH         PUBLIC        _PID4
  I:00AFH         PUBLIC        mode_wr
  C:2D9DH         PUBLIC        dis1
  B:0023H.6       PUBLIC        tm1_on_bit
  D:00C6H         PUBLIC        IAP_TRIG
  C:360CH         PUBLIC        jg_dis
  B:0023H.7       PUBLIC        tm2_on_bit
  C:302EH         PUBLIC        t3int
  B:0024H.0       PUBLIC        tm3_on_bit
  B:0024H.1       PUBLIC        tm4_on_bit
  I:00B9H         PUBLIC        last_error1
  C:30CEH         PUBLIC        _fan_run_stop
  B:0024H.2       PUBLIC        tm5_on_bit
  I:00BBH         PUBLIC        last_error2
  B:0024H.3       PUBLIC        tb_bit
  B:0024H.4       PUBLIC        tm6_on_bit
  I:00BDH         PUBLIC        last_error3
  C:35DDH         PUBLIC        tb_dis
  I:00BFH         PUBLIC        last_error4
  C:39C4H         PUBLIC        s13_dis
  B:0024H.5       PUBLIC        uart_ok
  I:00C1H         PUBLIC        cnt3
  I:00C2H         PUBLIC        last_error5
  C:3755H         PUBLIC        s14_dis
  I:00C4H         PUBLIC        cnt4
  B:0024H.6       PUBLIC        mode_num_bit
BL51 BANKED LINKER/LOCATER V6.00                                                      02/16/2023  11:09:09  PAGE 14


  I:00C5H         PUBLIC        last_error6
  D:00D0H         PUBLIC        PSW
  C:3784H         PUBLIC        s15_dis
  B:0024H.7       PUBLIC        dis_temp_bit
  I:00C7H         PUBLIC        cnt5
  B:0025H.0       PUBLIC        zb_bit
  D:0094H         PUBLIC        P0M0
  -------         PROC          ID_READ_OK
  -------         DO            
  D:0007H         SYMBOL        i
  -------         ENDDO         
  C:2907H         LINE#         500
  C:2907H         LINE#         501
  C:2907H         LINE#         503
  C:2911H         LINE#         504
  C:2913H         LINE#         505
  C:2913H         LINE#         506
  C:2931H         LINE#         507
  C:2936H         LINE#         509
  C:294BH         LINE#         510
  C:295EH         LINE#         511
  C:2971H         LINE#         512
  C:2984H         LINE#         513
  C:2997H         LINE#         514
  C:29AAH         LINE#         515
  C:29BDH         LINE#         517
  C:29C6H         LINE#         518
  C:29C7H         LINE#         519
  C:29C7H         LINE#         520
  C:29E5H         LINE#         521
  C:29EAH         LINE#         524
  C:29ECH         LINE#         525
  C:2A09H         LINE#         527
  C:2A0EH         LINE#         528
  C:2A10H         LINE#         530
  -------         ENDPROC       ID_READ_OK
  C:23C7H         SYMBOL        L?0605
  -------         PROC          L?0604
  -------         ENDPROC       L?0604
  C:23C7H         SYMBOL        L?0605
  -------         PROC          _GET_TEMPERATURE
  D:0004H         SYMBOL        adc
  -------         DO            
  X:02A0H         SYMBOL        p
  X:02A2H         SYMBOL        i
  D:0006H         SYMBOL        j
  X:02A4H         SYMBOL        k
  D:0002H         SYMBOL        min
  D:0007H         SYMBOL        max
  -------         ENDDO         
  C:23CCH         LINE#         540
  C:23D0H         LINE#         541
  C:23D0H         LINE#         547
  C:23DAH         LINE#         551
  C:23DCH         LINE#         552
  C:23DEH         LINE#         554
  C:23DFH         LINE#         555
BL51 BANKED LINKER/LOCATER V6.00                                                      02/16/2023  11:09:09  PAGE 15


  C:23DFH         LINE#         556
  C:23EBH         LINE#         557
  C:2420H         LINE#         558
  C:2421H         LINE#         559
  C:2426H         LINE#         560
  C:244CH         LINE#         561
  C:2472H         LINE#         563
  C:2472H         LINE#         564
  C:2477H         LINE#         565
  C:2477H         LINE#         566
  C:2478H         LINE#         567
  C:24A0H         LINE#         568
  C:24C3H         LINE#         569
  C:24C3H         LINE#         570
  C:24C4H         LINE#         573
  C:24CEH         LINE#         576
  C:24CEH         LINE#         577
  C:24CEH         LINE#         578
  C:24CEH         LINE#         579
  C:24CEH         LINE#         580
  C:24D6H         LINE#         581
  -------         ENDPROC       _GET_TEMPERATURE
  C:3846H         SYMBOL        L?0601
  -------         PROC          L?0600
  -------         ENDPROC       L?0600
  C:3846H         SYMBOL        L?0601
  -------         PROC          _DELAY1MS
  D:0006H         SYMBOL        dd
  -------         DO            
  D:0005H         SYMBOL        i
  D:0004H         SYMBOL        j
  -------         ENDDO         
  C:384AH         LINE#         586
  C:384AH         LINE#         587
  C:384AH         LINE#         589
  C:384EH         LINE#         590
  C:384FH         LINE#         591
  C:3850H         LINE#         592
  C:3851H         LINE#         593
  C:3853H         LINE#         594
  C:3855H         LINE#         596
  C:3855H         LINE#         597
  C:3857H         LINE#         598
  C:3859H         LINE#         600
  C:385CH         LINE#         601
  C:3861H         LINE#         602
  C:3863H         LINE#         603
  -------         ENDPROC       _DELAY1MS
  -------         PROC          UARTINIT
  C:3880H         LINE#         610
  C:3880H         LINE#         611
  C:3880H         LINE#         612
  C:3883H         LINE#         620
  C:3886H         LINE#         621
  C:3889H         LINE#         622
  C:388CH         LINE#         623
  C:388FH         LINE#         624
BL51 BANKED LINKER/LOCATER V6.00                                                      02/16/2023  11:09:09  PAGE 16


  C:3892H         LINE#         625
  C:3894H         LINE#         626
  C:3896H         LINE#         627
  C:3898H         LINE#         632
  -------         ENDPROC       UARTINIT
  -------         PROC          TIMER0INIT
  C:39D8H         LINE#         635
  C:39D8H         LINE#         636
  C:39D8H         LINE#         637
  C:39DBH         LINE#         638
  C:39DEH         LINE#         639
  C:39E1H         LINE#         640
  C:39E4H         LINE#         641
  C:39E6H         LINE#         642
  C:39E8H         LINE#         643
  C:39EAH         LINE#         644
  -------         ENDPROC       TIMER0INIT
  -------         PROC          TIMER3INIT
  C:39EBH         LINE#         649
  C:39EBH         LINE#         650
  C:39EBH         LINE#         651
  C:39EEH         LINE#         652
  C:39F1H         LINE#         653
  C:39F4H         LINE#         654
  C:39F7H         LINE#         655
  C:39FAH         LINE#         656
  -------         ENDPROC       TIMER3INIT
  -------         PROC          IAPIDLE
  C:3A19H         LINE#         666
  C:3A19H         LINE#         667
  C:3A19H         LINE#         668
  C:3A1CH         LINE#         669
  C:3A1EH         LINE#         670
  C:3A20H         LINE#         671
  C:3A23H         LINE#         672
  C:3A25H         LINE#         673
  -------         ENDPROC       IAPIDLE
  C:3864H         SYMBOL        L?0603
  -------         PROC          L?0602
  -------         ENDPROC       L?0602
  C:3864H         SYMBOL        L?0603
  -------         PROC          _IAPREADBYTE
  D:0006H         SYMBOL        addr
  -------         DO            
  D:0007H         SYMBOL        dat
  -------         ENDDO         
  C:3868H         LINE#         678
  C:3868H         LINE#         679
  C:3868H         LINE#         682
  C:386BH         LINE#         683
  C:386EH         LINE#         684
  C:3870H         LINE#         685
  C:3873H         LINE#         686
  C:3876H         LINE#         687
  C:3879H         LINE#         688
  C:387AH         LINE#         689
  C:387CH         LINE#         690
BL51 BANKED LINKER/LOCATER V6.00                                                      02/16/2023  11:09:09  PAGE 17


  C:387FH         LINE#         692
  C:387FH         LINE#         693
  -------         ENDPROC       _IAPREADBYTE
  C:3804H         SYMBOL        L?0597
  -------         PROC          L?0596
  -------         ENDPROC       L?0596
  C:3804H         SYMBOL        L?0597
  -------         PROC          _IAPPROGRAMBYTE
  D:0006H         SYMBOL        addr
  D:0005H         SYMBOL        dat
  C:380EH         LINE#         698
  C:380EH         LINE#         699
  C:380EH         LINE#         700
  C:3811H         LINE#         701
  C:3814H         LINE#         702
  C:3816H         LINE#         703
  C:3819H         LINE#         704
  C:381DH         LINE#         705
  C:3820H         LINE#         706
  C:3823H         LINE#         707
  C:3824H         LINE#         708
  -------         ENDPROC       _IAPPROGRAMBYTE
  -------         PROC          _IAPERASESECTOR
  D:0006H         SYMBOL        addr
  C:000EH         LINE#         714
  C:000EH         LINE#         715
  C:000EH         LINE#         716
  C:0011H         LINE#         717
  C:0014H         LINE#         718
  C:0016H         LINE#         719
  C:0019H         LINE#         720
  C:001CH         LINE#         721
  C:001FH         LINE#         722
  C:0020H         LINE#         723
  -------         ENDPROC       _IAPERASESECTOR
  -------         PROC          SAVE_MODE_NUM
  -------         DO            
  D:0004H         SYMBOL        addr
  -------         ENDDO         
  C:3924H         LINE#         728
  C:3924H         LINE#         729
  C:3924H         LINE#         732
  C:3927H         LINE#         733
  C:3929H         LINE#         734
  C:392EH         LINE#         736
  C:3935H         LINE#         739
  C:3937H         LINE#         740
  -------         ENDPROC       SAVE_MODE_NUM
  -------         PROC          FAN_CLOSE_SAVE
  -------         DO            
  D:0004H         SYMBOL        addr
  -------         ENDDO         
  C:38E1H         LINE#         743
  C:38E1H         LINE#         744
  C:38E1H         LINE#         747
  C:38E5H         LINE#         748
  C:38E7H         LINE#         749
BL51 BANKED LINKER/LOCATER V6.00                                                      02/16/2023  11:09:09  PAGE 18


  C:38EEH         LINE#         751
  C:38F5H         LINE#         754
  C:38F7H         LINE#         756
  -------         ENDPROC       FAN_CLOSE_SAVE
  -------         PROC          L?0607
  -------         ENDPROC       L?0607
  -------         PROC          HOT_POWER_SAVE
  -------         DO            
  D:0004H         SYMBOL        addr
  -------         ENDDO         
  C:37ECH         LINE#         762
  C:37ECH         LINE#         763
  C:37ECH         LINE#         766
  C:37F0H         LINE#         767
  C:37F2H         LINE#         768
  C:37F9H         LINE#         770
  C:3801H         LINE#         773
  C:3803H         LINE#         775
  -------         ENDPROC       HOT_POWER_SAVE
  -------         PROC          FAN_POWER_SAVE
  -------         DO            
  D:0004H         SYMBOL        addr
  -------         ENDDO         
  C:3899H         LINE#         778
  C:3899H         LINE#         779
  C:3899H         LINE#         782
  C:389DH         LINE#         783
  C:389FH         LINE#         784
  C:38A6H         LINE#         786
  C:38AEH         LINE#         789
  C:38B0H         LINE#         791
  -------         ENDPROC       FAN_POWER_SAVE
  -------         PROC          FAN_CLOSE_READ
  -------         DO            
  D:0006H         SYMBOL        addr
  -------         ENDDO         
  C:3827H         LINE#         794
  C:3827H         LINE#         795
  C:3827H         LINE#         798
  C:382BH         LINE#         799
  C:382DH         LINE#         800
  C:3834H         LINE#         801
  C:3836H         LINE#         803
  C:3845H         LINE#         804
  -------         ENDPROC       FAN_CLOSE_READ
  -------         PROC          HOT_POWER_READ
  -------         DO            
  D:0006H         SYMBOL        addr
  -------         ENDDO         
  C:38B1H         LINE#         807
  C:38B1H         LINE#         808
  C:38B1H         LINE#         811
  C:38B5H         LINE#         812
  C:38B7H         LINE#         813
  C:38BFH         LINE#         814
  C:38C1H         LINE#         816
  C:38C8H         LINE#         818
BL51 BANKED LINKER/LOCATER V6.00                                                      02/16/2023  11:09:09  PAGE 19


  -------         ENDPROC       HOT_POWER_READ
  -------         PROC          FAN_POWER_READ
  -------         DO            
  D:0006H         SYMBOL        addr
  -------         ENDDO         
  C:38C9H         LINE#         822
  C:38C9H         LINE#         823
  C:38C9H         LINE#         826
  C:38CDH         LINE#         827
  C:38CFH         LINE#         828
  C:38D7H         LINE#         829
  C:38D9H         LINE#         831
  C:38E0H         LINE#         833
  -------         ENDPROC       FAN_POWER_READ
  -------         PROC          READ_MODE_WR_DATA
  C:2E3DH         LINE#         836
  C:2E3DH         LINE#         837
  C:2E3DH         LINE#         838
  C:2E44H         LINE#         839
  C:2E4AH         LINE#         840
  C:2E50H         LINE#         841
  C:2E56H         LINE#         843
  C:2E5DH         LINE#         844
  C:2E61H         LINE#         845
  C:2E65H         LINE#         846
  C:2E69H         LINE#         847
  C:2E6DH         LINE#         848
  C:2E71H         LINE#         850
  C:2E80H         LINE#         851
  C:2E8AH         LINE#         852
  C:2E94H         LINE#         853
  C:2E9EH         LINE#         855
  C:2EAAH         LINE#         856
  C:2EB6H         LINE#         857
  C:2EC2H         LINE#         858
  C:2ECEH         LINE#         859
  C:2EDAH         LINE#         860
  C:2EE6H         LINE#         862
  -------         ENDPROC       READ_MODE_WR_DATA
  -------         PROC          SAVE_MODE_WR
  -------         DO            
  D:0004H         SYMBOL        n
  D:0002H         SYMBOL        addr
  -------         ENDDO         
  C:2B15H         LINE#         865
  C:2B15H         LINE#         866
  C:2B15H         LINE#         870
  C:2B1BH         LINE#         871
  C:2B21H         LINE#         872
  C:2B27H         LINE#         873
  C:2B2DH         LINE#         875
  C:2B33H         LINE#         876
  C:2B37H         LINE#         877
  C:2B3BH         LINE#         878
  C:2B3FH         LINE#         879
  C:2B43H         LINE#         880
  C:2B47H         LINE#         882
BL51 BANKED LINKER/LOCATER V6.00                                                      02/16/2023  11:09:09  PAGE 20


  C:2B4FH         LINE#         883
  C:2B4FH         LINE#         884
  C:2B52H         LINE#         885
  C:2B54H         LINE#         886
  C:2B5AH         LINE#         887
  C:2B69H         LINE#         888
  C:2B6BH         LINE#         889
  C:2B6CH         LINE#         891
  C:2B71H         LINE#         892
  C:2B71H         LINE#         893
  C:2B74H         LINE#         894
  C:2B76H         LINE#         895
  C:2B7CH         LINE#         896
  C:2B8BH         LINE#         897
  C:2B8DH         LINE#         898
  C:2B8EH         LINE#         900
  C:2B93H         LINE#         901
  C:2B93H         LINE#         902
  C:2B96H         LINE#         903
  C:2B98H         LINE#         904
  C:2B9EH         LINE#         905
  C:2BADH         LINE#         906
  C:2BAFH         LINE#         907
  C:2BB0H         LINE#         909
  C:2BB5H         LINE#         910
  C:2BB5H         LINE#         911
  C:2BB8H         LINE#         912
  C:2BBAH         LINE#         913
  C:2BC0H         LINE#         914
  C:2BCFH         LINE#         915
  C:2BD1H         LINE#         916
  C:2BD2H         LINE#         918
  C:2BD7H         LINE#         919
  C:2BD7H         LINE#         920
  C:2BDAH         LINE#         921
  C:2BDCH         LINE#         922
  C:2BE2H         LINE#         923
  C:2BF1H         LINE#         924
  C:2BF3H         LINE#         925
  C:2BF3H         LINE#         926
  -------         ENDPROC       SAVE_MODE_WR
  -------         PROC          READ_MODE
  -------         DO            
  D:0006H         SYMBOL        addr
  -------         ENDDO         
  C:39FBH         LINE#         929
  C:39FBH         LINE#         930
  C:39FBH         LINE#         932
  C:39FDH         LINE#         933
  C:3A00H         LINE#         934
  C:3A07H         LINE#         936
  C:3A09H         LINE#         939
  -------         ENDPROC       READ_MODE
  -------         PROC          READ_DATA
  -------         DO            
  D:0002H         SYMBOL        addr
  D:0005H         SYMBOL        n
BL51 BANKED LINKER/LOCATER V6.00                                                      02/16/2023  11:09:09  PAGE 21


  -------         ENDDO         
  C:2CCBH         LINE#         942
  C:2CCBH         LINE#         943
  C:2CCBH         LINE#         947
  C:2CDAH         LINE#         949
  C:2CE2H         LINE#         950
  C:2CE2H         LINE#         951
  C:2CE4H         LINE#         952
  C:2CE7H         LINE#         953
  C:2CFBH         LINE#         954
  C:2CFDH         LINE#         955
  C:2D00H         LINE#         957
  C:2D05H         LINE#         958
  C:2D05H         LINE#         959
  C:2D07H         LINE#         960
  C:2D0AH         LINE#         961
  C:2D1EH         LINE#         962
  C:2D20H         LINE#         963
  C:2D22H         LINE#         965
  C:2D2AH         LINE#         966
  C:2D2AH         LINE#         967
  C:2D2CH         LINE#         968
  C:2D2FH         LINE#         969
  C:2D43H         LINE#         970
  C:2D45H         LINE#         971
  C:2D47H         LINE#         973
  C:2D4CH         LINE#         974
  C:2D4CH         LINE#         975
  C:2D4EH         LINE#         976
  C:2D51H         LINE#         977
  C:2D65H         LINE#         978
  C:2D67H         LINE#         979
  C:2D69H         LINE#         981
  C:2D70H         LINE#         982
  C:2D70H         LINE#         983
  C:2D72H         LINE#         984
  C:2D75H         LINE#         985
  C:2D89H         LINE#         986
  C:2D8BH         LINE#         987
  C:2D8BH         LINE#         989
  -------         ENDPROC       READ_DATA
  -------         PROC          INITADC
  C:3A26H         LINE#         1005
  C:3A26H         LINE#         1006
  C:3A26H         LINE#         1007
  C:3A29H         LINE#         1008
  C:3A2CH         LINE#         1009
  C:3A2EH         LINE#         1010
  C:3A31H         LINE#         1012
  -------         ENDPROC       INITADC
  -------         PROC          _GETADCRESULT
  D:0007H         SYMBOL        ch
  -------         DO            
  D:0004H         SYMBOL        dd
  -------         ENDDO         
  C:37B3H         LINE#         1018
  C:37B3H         LINE#         1019
BL51 BANKED LINKER/LOCATER V6.00                                                      02/16/2023  11:09:09  PAGE 22


  C:37B3H         LINE#         1020
  C:37B6H         LINE#         1022
  C:37BBH         LINE#         1023
  C:37BCH         LINE#         1024
  C:37BDH         LINE#         1025
  C:37BEH         LINE#         1026
  C:37BFH         LINE#         1027
  C:37C4H         LINE#         1028
  C:37C7H         LINE#         1030
  C:37CDH         LINE#         1031
  C:37DAH         LINE#         1032
  C:37DEH         LINE#         1033
  C:37DFH         LINE#         1034
  -------         ENDPROC       _GETADCRESULT
  -------         PROC          _TEMPERATURE_LPF
  D:0003H         SYMBOL        ch
  -------         DO            
  D:0004H         SYMBOL        a
  D:0002H         SYMBOL        i
  D:0007H         SYMBOL        j
  D:0006H         SYMBOL        k
  -------         ENDDO         
  C:2EE7H         LINE#         1038
  C:2EE9H         LINE#         1039
  C:2EE9H         LINE#         1042
  C:2EEBH         LINE#         1043
  C:2EEBH         LINE#         1044
  C:2EFBH         LINE#         1045
  C:2F02H         LINE#         1046
  C:2F07H         LINE#         1047
  C:2F09H         LINE#         1048
  C:2F09H         LINE#         1049
  C:2F11H         LINE#         1050
  C:2F11H         LINE#         1051
  C:2F29H         LINE#         1052
  C:2F29H         LINE#         1053
  C:2F29H         LINE#         1054
  C:2F3FH         LINE#         1055
  C:2F4AH         LINE#         1056
  C:2F4AH         LINE#         1057
  C:2F4DH         LINE#         1058
  C:2F52H         LINE#         1059
  C:2F5DH         LINE#         1061
  C:2F8BH         LINE#         1063
  -------         ENDPROC       _TEMPERATURE_LPF
  -------         PROC          _SEND_BUFFER
  X:02C0H         SYMBOL        buf
  D:0004H         SYMBOL        len
  C:34BBH         LINE#         1083
  C:34C6H         LINE#         1084
  C:34C6H         LINE#         1085
  C:34D0H         LINE#         1086
  C:34D2H         LINE#         1087
  C:34E7H         LINE#         1088
  C:34EAH         LINE#         1089
  C:34ECH         LINE#         1090
  C:34EEH         LINE#         1091
BL51 BANKED LINKER/LOCATER V6.00                                                      02/16/2023  11:09:09  PAGE 23


  -------         ENDPROC       _SEND_BUFFER
  -------         PROC          DELAY50US
  -------         DO            
  D:0007H         SYMBOL        i
  D:0006H         SYMBOL        j
  -------         ENDDO         
  C:0091H         LINE#         1099
  C:0091H         LINE#         1100
  C:0091H         LINE#         1103
  C:0092H         LINE#         1104
  C:0094H         LINE#         1105
  C:0096H         LINE#         1107
  C:0096H         LINE#         1108
  C:0098H         LINE#         1109
  C:009AH         LINE#         1111
  -------         ENDPROC       DELAY50US
  C:343DH         SYMBOL        L?0587
  C:3458H         SYMBOL        L?0588
  C:345AH         SYMBOL        L?0589
  -------         PROC          L?0586
  -------         ENDPROC       L?0586
  C:343DH         SYMBOL        L?0587
  C:3458H         SYMBOL        L?0588
  C:345AH         SYMBOL        L?0589
  -------         PROC          _TM1722_WRITE_BYTE
  D:0005H         SYMBOL        dat
  -------         DO            
  D:0007H         SYMBOL        i
  -------         ENDDO         
  C:3461H         LINE#         1123
  C:3463H         LINE#         1124
  C:3463H         LINE#         1127
  C:3466H         LINE#         1128
  C:3468H         LINE#         1129
  C:346AH         LINE#         1130
  C:346AH         LINE#         1131
  C:346CH         LINE#         1132
  C:3470H         LINE#         1133
  C:3472H         LINE#         1134
  C:3476H         LINE#         1135
  C:347BH         LINE#         1136
  -------         ENDPROC       _TM1722_WRITE_BYTE
  -------         PROC          L?0606
  -------         ENDPROC       L?0606
  -------         PROC          _TM1722_WRITE_WORD
  D:0002H         SYMBOL        num_addr
  D:0005H         SYMBOL        num
  -------         DO            
  X:02A5H         SYMBOL        temp1
  D:0004H         SYMBOL        temp2
  D:0001H         SYMBOL        addr1
  D:0003H         SYMBOL        addr2
  C:3020H         SYMBOL        next_num1
  -------         ENDDO         
  C:2F9AH         LINE#         1149
  C:2F9CH         LINE#         1150
  C:2F9CH         LINE#         1155
BL51 BANKED LINKER/LOCATER V6.00                                                      02/16/2023  11:09:09  PAGE 24


  C:2FCCH         LINE#         1156
  C:2FE2H         LINE#         1157
  C:2FF9H         LINE#         1161
  C:2FFBH         LINE#         1162
  C:2FFDH         LINE#         1163
  C:2FFFH         LINE#         1164
  C:3004H         LINE#         1165
  C:3006H         LINE#         1166
  C:300BH         LINE#         1167
  C:300DH         LINE#         1169
  C:3011H         LINE#         1171
  C:3016H         LINE#         1172
  C:301EH         LINE#         1173
  C:3020H         LINE#         1175
  C:3021H         LINE#         1177
  C:3026H         LINE#         1178
  C:3028H         LINE#         1179
  C:3028H         LINE#         1181
  C:302BH         LINE#         1182
  C:302DH         LINE#         1184
  -------         ENDPROC       _TM1722_WRITE_WORD
  C:3306H         SYMBOL        L?0609
  -------         PROC          L?0608
  -------         ENDPROC       L?0608
  C:3306H         SYMBOL        L?0609
  -------         PROC          _FAN_DIS
  D:0007H         SYMBOL        num
  C:330AH         LINE#         1187
  C:330AH         LINE#         1188
  C:330AH         LINE#         1189
  C:3316H         LINE#         1190
  C:3325H         LINE#         1191
  C:3334H         LINE#         1192
  C:3343H         LINE#         1193
  C:3352H         LINE#         1194
  C:3361H         LINE#         1195
  C:336EH         LINE#         1197
  C:3370H         LINE#         1198
  C:3372H         LINE#         1199
  C:3374H         LINE#         1200
  C:3379H         LINE#         1201
  C:337BH         LINE#         1202
  C:3380H         LINE#         1203
  C:3382H         LINE#         1206
  C:3387H         LINE#         1207
  C:3389H         LINE#         1208
  C:3389H         LINE#         1210
  C:338CH         LINE#         1211
  C:338EH         LINE#         1213
  -------         ENDPROC       _FAN_DIS
  -------         PROC          _LCD_CLEAR
  D:0007H         SYMBOL        dat
  C:327BH         LINE#         1223
  C:327BH         LINE#         1224
  C:327BH         LINE#         1226
  C:327FH         LINE#         1227
  C:3282H         LINE#         1228
BL51 BANKED LINKER/LOCATER V6.00                                                      02/16/2023  11:09:09  PAGE 25


  C:3285H         LINE#         1229
  C:3289H         LINE#         1230
  C:328CH         LINE#         1231
  C:3290H         LINE#         1232
  C:3294H         LINE#         1234
  C:3296H         LINE#         1235
  C:3298H         LINE#         1236
  C:329AH         LINE#         1237
  C:329FH         LINE#         1238
  C:32A1H         LINE#         1239
  C:32A6H         LINE#         1240
  C:32A8H         LINE#         1243
  C:32ADH         LINE#         1244
  C:32B4H         LINE#         1245
  C:32B6H         LINE#         1247
  C:32BBH         LINE#         1248
  C:32C1H         LINE#         1249
  C:32C3H         LINE#         1251
  C:32C8H         LINE#         1252
  C:32CEH         LINE#         1253
  C:32D0H         LINE#         1255
  C:32D5H         LINE#         1256
  C:32DCH         LINE#         1257
  C:32DEH         LINE#         1260
  C:32E3H         LINE#         1261
  C:32E9H         LINE#         1262
  C:32EBH         LINE#         1264
  C:32F0H         LINE#         1265
  C:32F7H         LINE#         1266
  C:32F9H         LINE#         1268
  C:32FEH         LINE#         1269
  C:3300H         LINE#         1270
  C:3300H         LINE#         1272
  C:3303H         LINE#         1273
  C:3305H         LINE#         1275
  -------         ENDPROC       _LCD_CLEAR
  C:2D90H         SYMBOL        L?0591
  C:2D93H         SYMBOL        L?0592
  C:2D94H         SYMBOL        L?0593
  C:2D96H         SYMBOL        L?0594
  C:2D99H         SYMBOL        L?0595
  -------         PROC          L?0590
  -------         ENDPROC       L?0590
  C:2D90H         SYMBOL        L?0591
  C:2D93H         SYMBOL        L?0592
  C:2D94H         SYMBOL        L?0593
  C:2D96H         SYMBOL        L?0594
  C:2D99H         SYMBOL        L?0595
  -------         PROC          DIS1
  B:0026H.1       SYMBOL        sss
  X:02A0H         SYMBOL        ss
  -------         DO            
  X:02A2H         SYMBOL        a1
  X:02A3H         SYMBOL        a2
  X:02A4H         SYMBOL        a3
  -------         ENDDO         
  C:2D9DH         LINE#         1279
BL51 BANKED LINKER/LOCATER V6.00                                                      02/16/2023  11:09:09  PAGE 26


  C:2D9DH         LINE#         1280
  C:2D9DH         LINE#         1282
  C:2DA3H         LINE#         1283
  C:2DA3H         LINE#         1284
  C:2DC5H         LINE#         1285
  C:2DE0H         LINE#         1286
  C:2DF4H         LINE#         1288
  C:2DFEH         LINE#         1289
  C:2E08H         LINE#         1291
  C:2E16H         LINE#         1292
  C:2E20H         LINE#         1294
  C:2E25H         LINE#         1296
  C:2E27H         LINE#         1298
  C:2E27H         LINE#         1299
  C:2E2EH         LINE#         1300
  C:2E35H         LINE#         1301
  C:2E3CH         LINE#         1303
  C:2E3CH         LINE#         1305
  -------         ENDPROC       DIS1
  -------         PROC          TEMP_DIS
  B:0026H.1       SYMBOL        on_off
  C:3521H         LINE#         1311
  C:3521H         LINE#         1312
  C:3521H         LINE#         1313
  C:352CH         LINE#         1314
  C:352FH         LINE#         1316
  C:3531H         LINE#         1317
  C:3533H         LINE#         1318
  C:3535H         LINE#         1319
  C:353AH         LINE#         1320
  C:353CH         LINE#         1321
  C:3541H         LINE#         1322
  C:3543H         LINE#         1324
  C:3548H         LINE#         1325
  C:354AH         LINE#         1326
  C:354AH         LINE#         1329
  C:354DH         LINE#         1330
  C:354FH         LINE#         1331
  -------         ENDPROC       TEMP_DIS
  -------         PROC          HOT_DIS
  B:0026H.1       SYMBOL        on_off
  C:3938H         LINE#         1335
  C:3938H         LINE#         1336
  C:3938H         LINE#         1337
  C:3943H         LINE#         1338
  C:3946H         LINE#         1340
  C:3946H         LINE#         1341
  C:3946H         LINE#         1342
  C:3946H         LINE#         1343
  C:3946H         LINE#         1344
  C:3946H         LINE#         1345
  C:3946H         LINE#         1346
  C:3946H         LINE#         1348
  C:3946H         LINE#         1349
  C:3946H         LINE#         1350
  C:3946H         LINE#         1353
  C:3949H         LINE#         1354
BL51 BANKED LINKER/LOCATER V6.00                                                      02/16/2023  11:09:09  PAGE 27


  C:394BH         LINE#         1355
  -------         ENDPROC       HOT_DIS
  -------         PROC          HOT1_DIS
  B:0025H.1       SYMBOL        on_off
  C:394CH         LINE#         1359
  C:394CH         LINE#         1360
  C:394CH         LINE#         1361
  C:3957H         LINE#         1362
  C:395AH         LINE#         1364
  C:395AH         LINE#         1365
  C:395AH         LINE#         1366
  C:395AH         LINE#         1367
  C:395AH         LINE#         1368
  C:395AH         LINE#         1369
  C:395AH         LINE#         1370
  C:395AH         LINE#         1372
  C:395AH         LINE#         1373
  C:395AH         LINE#         1374
  C:395AH         LINE#         1377
  C:395DH         LINE#         1378
  C:395FH         LINE#         1379
  -------         ENDPROC       HOT1_DIS
  -------         PROC          HOT2_DIS
  B:0025H.2       SYMBOL        on_off
  C:3960H         LINE#         1385
  C:3960H         LINE#         1386
  C:3960H         LINE#         1387
  C:396BH         LINE#         1388
  C:396EH         LINE#         1390
  C:396EH         LINE#         1391
  C:396EH         LINE#         1392
  C:396EH         LINE#         1393
  C:396EH         LINE#         1394
  C:396EH         LINE#         1395
  C:396EH         LINE#         1396
  C:396EH         LINE#         1398
  C:396EH         LINE#         1399
  C:396EH         LINE#         1400
  C:396EH         LINE#         1403
  C:3971H         LINE#         1404
  C:3973H         LINE#         1405
  -------         ENDPROC       HOT2_DIS
  -------         PROC          HOT3_DIS
  B:0025H.3       SYMBOL        on_off
  C:3974H         LINE#         1410
  C:3974H         LINE#         1411
  C:3974H         LINE#         1412
  C:397FH         LINE#         1413
  C:3982H         LINE#         1415
  C:3982H         LINE#         1416
  C:3982H         LINE#         1417
  C:3982H         LINE#         1418
  C:3982H         LINE#         1419
  C:3982H         LINE#         1420
  C:3982H         LINE#         1421
  C:3982H         LINE#         1423
  C:3982H         LINE#         1424
BL51 BANKED LINKER/LOCATER V6.00                                                      02/16/2023  11:09:09  PAGE 28


  C:3982H         LINE#         1425
  C:3982H         LINE#         1428
  C:3985H         LINE#         1429
  C:3987H         LINE#         1430
  -------         ENDPROC       HOT3_DIS
  -------         PROC          H1_DIS
  B:0026H.1       SYMBOL        on_off
  C:3550H         LINE#         1436
  C:3550H         LINE#         1437
  C:3550H         LINE#         1438
  C:355BH         LINE#         1439
  C:355EH         LINE#         1441
  C:3560H         LINE#         1442
  C:3562H         LINE#         1443
  C:3564H         LINE#         1444
  C:3569H         LINE#         1445
  C:356BH         LINE#         1446
  C:3570H         LINE#         1447
  C:3572H         LINE#         1449
  C:3577H         LINE#         1450
  C:3579H         LINE#         1451
  C:3579H         LINE#         1454
  C:357CH         LINE#         1455
  C:357EH         LINE#         1456
  -------         ENDPROC       H1_DIS
  -------         PROC          H2_DIS
  B:0026H.1       SYMBOL        on_off
  C:357FH         LINE#         1459
  C:357FH         LINE#         1460
  C:357FH         LINE#         1461
  C:358AH         LINE#         1462
  C:358DH         LINE#         1464
  C:358FH         LINE#         1465
  C:3591H         LINE#         1466
  C:3593H         LINE#         1467
  C:3598H         LINE#         1468
  C:359AH         LINE#         1469
  C:359FH         LINE#         1470
  C:35A1H         LINE#         1472
  C:35A6H         LINE#         1473
  C:35A8H         LINE#         1474
  C:35A8H         LINE#         1477
  C:35ABH         LINE#         1478
  C:35ADH         LINE#         1479
  -------         ENDPROC       H2_DIS
  -------         PROC          H3_DIS
  B:0026H.1       SYMBOL        on_off
  C:35AEH         LINE#         1485
  C:35AEH         LINE#         1486
  C:35AEH         LINE#         1487
  C:35B9H         LINE#         1488
  C:35BCH         LINE#         1490
  C:35BEH         LINE#         1491
  C:35C0H         LINE#         1492
  C:35C2H         LINE#         1493
  C:35C7H         LINE#         1494
  C:35C9H         LINE#         1495
BL51 BANKED LINKER/LOCATER V6.00                                                      02/16/2023  11:09:09  PAGE 29


  C:35CEH         LINE#         1496
  C:35D0H         LINE#         1498
  C:35D5H         LINE#         1499
  C:35D7H         LINE#         1500
  C:35D7H         LINE#         1503
  C:35DAH         LINE#         1504
  C:35DCH         LINE#         1505
  -------         ENDPROC       H3_DIS
  -------         PROC          TB_DIS
  B:0025H.4       SYMBOL        on_off
  C:35DDH         LINE#         1509
  C:35DDH         LINE#         1510
  C:35DDH         LINE#         1511
  C:35E8H         LINE#         1512
  C:35EBH         LINE#         1514
  C:35EDH         LINE#         1515
  C:35EFH         LINE#         1516
  C:35F1H         LINE#         1517
  C:35F6H         LINE#         1518
  C:35F8H         LINE#         1519
  C:35FDH         LINE#         1520
  C:35FFH         LINE#         1522
  C:3604H         LINE#         1523
  C:3606H         LINE#         1524
  C:3606H         LINE#         1527
  C:3609H         LINE#         1528
  C:360BH         LINE#         1529
  -------         ENDPROC       TB_DIS
  -------         PROC          JG_DIS
  B:0025H.5       SYMBOL        on_off
  C:360CH         LINE#         1537
  C:360CH         LINE#         1538
  C:360CH         LINE#         1539
  C:3617H         LINE#         1540
  C:361AH         LINE#         1542
  C:361CH         LINE#         1543
  C:361EH         LINE#         1544
  C:3620H         LINE#         1545
  C:3625H         LINE#         1546
  C:3627H         LINE#         1547
  C:362CH         LINE#         1548
  C:362EH         LINE#         1550
  C:3633H         LINE#         1551
  C:3635H         LINE#         1552
  C:3635H         LINE#         1555
  C:3638H         LINE#         1556
  C:363AH         LINE#         1557
  -------         ENDPROC       JG_DIS
  -------         PROC          MODE_DIS
  B:0026H.1       SYMBOL        on_off
  C:363BH         LINE#         1564
  C:363BH         LINE#         1565
  C:363BH         LINE#         1566
  C:3646H         LINE#         1567
  C:3649H         LINE#         1569
  C:364BH         LINE#         1570
  C:364DH         LINE#         1571
BL51 BANKED LINKER/LOCATER V6.00                                                      02/16/2023  11:09:09  PAGE 30


  C:364FH         LINE#         1572
  C:3654H         LINE#         1573
  C:3656H         LINE#         1574
  C:365BH         LINE#         1575
  C:365DH         LINE#         1577
  C:3662H         LINE#         1578
  C:3664H         LINE#         1579
  C:3664H         LINE#         1582
  C:3667H         LINE#         1583
  C:3669H         LINE#         1584
  -------         ENDPROC       MODE_DIS
  -------         PROC          BF_DIS
  B:0025H.6       SYMBOL        on_off
  C:366AH         LINE#         1593
  C:366AH         LINE#         1594
  C:366AH         LINE#         1595
  C:3675H         LINE#         1596
  C:3678H         LINE#         1598
  C:367AH         LINE#         1599
  C:367CH         LINE#         1600
  C:367EH         LINE#         1601
  C:3683H         LINE#         1602
  C:3685H         LINE#         1603
  C:368AH         LINE#         1604
  C:368CH         LINE#         1606
  C:3691H         LINE#         1607
  C:3693H         LINE#         1608
  C:3693H         LINE#         1611
  C:3696H         LINE#         1612
  C:3698H         LINE#         1613
  -------         ENDPROC       BF_DIS
  -------         PROC          SET_DIS
  B:0026H.1       SYMBOL        on_off
  C:3699H         LINE#         1619
  C:3699H         LINE#         1620
  C:3699H         LINE#         1621
  C:36A4H         LINE#         1622
  C:36A7H         LINE#         1624
  C:36A9H         LINE#         1625
  C:36ABH         LINE#         1626
  C:36ADH         LINE#         1627
  C:36B2H         LINE#         1628
  C:36B4H         LINE#         1629
  C:36B9H         LINE#         1630
  C:36BBH         LINE#         1632
  C:36C0H         LINE#         1633
  C:36C2H         LINE#         1634
  C:36C2H         LINE#         1637
  C:36C5H         LINE#         1638
  C:36C7H         LINE#         1639
  -------         ENDPROC       SET_DIS
  -------         PROC          CUR_DIS
  B:0026H.1       SYMBOL        on_off
  C:36C8H         LINE#         1643
  C:36C8H         LINE#         1644
  C:36C8H         LINE#         1645
  C:36D3H         LINE#         1646
BL51 BANKED LINKER/LOCATER V6.00                                                      02/16/2023  11:09:09  PAGE 31


  C:36D6H         LINE#         1648
  C:36D8H         LINE#         1649
  C:36DAH         LINE#         1650
  C:36DCH         LINE#         1651
  C:36E1H         LINE#         1652
  C:36E3H         LINE#         1653
  C:36E8H         LINE#         1654
  C:36EAH         LINE#         1656
  C:36EFH         LINE#         1657
  C:36F1H         LINE#         1658
  C:36F1H         LINE#         1661
  C:36F4H         LINE#         1662
  C:36F6H         LINE#         1663
  -------         ENDPROC       CUR_DIS
  -------         PROC          F_DIS
  B:0026H.1       SYMBOL        on_off
  C:3988H         LINE#         1668
  C:3988H         LINE#         1669
  C:3988H         LINE#         1670
  C:3993H         LINE#         1671
  C:3996H         LINE#         1673
  C:3996H         LINE#         1674
  C:3996H         LINE#         1675
  C:3996H         LINE#         1676
  C:3996H         LINE#         1677
  C:3996H         LINE#         1678
  C:3996H         LINE#         1679
  C:3996H         LINE#         1681
  C:3996H         LINE#         1682
  C:3996H         LINE#         1683
  C:3996H         LINE#         1686
  C:3999H         LINE#         1687
  C:399BH         LINE#         1688
  -------         ENDPROC       F_DIS
  -------         PROC          M_DIS
  B:0026H.1       SYMBOL        on_off
  C:399CH         LINE#         1694
  C:399CH         LINE#         1695
  C:399CH         LINE#         1696
  C:39A7H         LINE#         1697
  C:39AAH         LINE#         1699
  C:39AAH         LINE#         1700
  C:39AAH         LINE#         1701
  C:39AAH         LINE#         1702
  C:39AAH         LINE#         1703
  C:39AAH         LINE#         1704
  C:39AAH         LINE#         1705
  C:39AAH         LINE#         1707
  C:39AAH         LINE#         1708
  C:39AAH         LINE#         1709
  C:39AAH         LINE#         1712
  C:39ADH         LINE#         1713
  C:39AFH         LINE#         1714
  -------         ENDPROC       M_DIS
  -------         PROC          R_DIS
  B:0026H.1       SYMBOL        on_off
  C:39B0H         LINE#         1719
BL51 BANKED LINKER/LOCATER V6.00                                                      02/16/2023  11:09:09  PAGE 32


  C:39B0H         LINE#         1720
  C:39B0H         LINE#         1721
  C:39BBH         LINE#         1722
  C:39BEH         LINE#         1724
  C:39BEH         LINE#         1725
  C:39BEH         LINE#         1726
  C:39BEH         LINE#         1727
  C:39BEH         LINE#         1728
  C:39BEH         LINE#         1729
  C:39BEH         LINE#         1730
  C:39BEH         LINE#         1732
  C:39BEH         LINE#         1733
  C:39BEH         LINE#         1734
  C:39BEH         LINE#         1737
  C:39C1H         LINE#         1738
  C:39C3H         LINE#         1739
  -------         ENDPROC       R_DIS
  -------         PROC          P1_DIS
  B:0025H.7       SYMBOL        on_off
  C:36F7H         LINE#         1744
  C:36F7H         LINE#         1745
  C:36F7H         LINE#         1746
  C:3702H         LINE#         1747
  C:3705H         LINE#         1749
  C:3707H         LINE#         1750
  C:3709H         LINE#         1751
  C:370BH         LINE#         1752
  C:3710H         LINE#         1753
  C:3712H         LINE#         1754
  C:3717H         LINE#         1755
  C:3719H         LINE#         1757
  C:371EH         LINE#         1758
  C:3720H         LINE#         1759
  C:3720H         LINE#         1762
  C:3723H         LINE#         1763
  C:3725H         LINE#         1764
  -------         ENDPROC       P1_DIS
  -------         PROC          P2_DIS
  B:0026H.0       SYMBOL        on_off
  C:3726H         LINE#         1769
  C:3726H         LINE#         1770
  C:3726H         LINE#         1771
  C:3731H         LINE#         1772
  C:3734H         LINE#         1774
  C:3736H         LINE#         1775
  C:3738H         LINE#         1776
  C:373AH         LINE#         1777
  C:373FH         LINE#         1778
  C:3741H         LINE#         1779
  C:3746H         LINE#         1780
  C:3748H         LINE#         1782
  C:374DH         LINE#         1783
  C:374FH         LINE#         1784
  C:374FH         LINE#         1787
  C:3752H         LINE#         1788
  C:3754H         LINE#         1789
  -------         ENDPROC       P2_DIS
BL51 BANKED LINKER/LOCATER V6.00                                                      02/16/2023  11:09:09  PAGE 33


  -------         PROC          S13_DIS
  B:0026H.1       SYMBOL        on_off
  C:39C4H         LINE#         1794
  C:39C4H         LINE#         1795
  C:39C4H         LINE#         1796
  C:39CFH         LINE#         1797
  C:39D2H         LINE#         1799
  C:39D2H         LINE#         1800
  C:39D2H         LINE#         1801
  C:39D2H         LINE#         1802
  C:39D2H         LINE#         1803
  C:39D2H         LINE#         1804
  C:39D2H         LINE#         1805
  C:39D2H         LINE#         1807
  C:39D2H         LINE#         1808
  C:39D2H         LINE#         1809
  C:39D2H         LINE#         1812
  C:39D5H         LINE#         1813
  C:39D7H         LINE#         1814
  -------         ENDPROC       S13_DIS
  -------         PROC          S14_DIS
  B:0026H.1       SYMBOL        on_off
  C:3755H         LINE#         1819
  C:3755H         LINE#         1820
  C:3755H         LINE#         1821
  C:3760H         LINE#         1822
  C:3763H         LINE#         1824
  C:3765H         LINE#         1825
  C:3767H         LINE#         1826
  C:3769H         LINE#         1827
  C:376EH         LINE#         1828
  C:3770H         LINE#         1829
  C:3775H         LINE#         1830
  C:3777H         LINE#         1832
  C:377CH         LINE#         1833
  C:377EH         LINE#         1834
  C:377EH         LINE#         1837
  C:3781H         LINE#         1838
  C:3783H         LINE#         1839
  -------         ENDPROC       S14_DIS
  -------         PROC          S15_DIS
  B:0026H.1       SYMBOL        on_off
  C:3784H         LINE#         1842
  C:3784H         LINE#         1843
  C:3784H         LINE#         1844
  C:378FH         LINE#         1845
  C:3792H         LINE#         1847
  C:3794H         LINE#         1848
  C:3796H         LINE#         1849
  C:3798H         LINE#         1850
  C:379DH         LINE#         1851
  C:379FH         LINE#         1852
  C:37A4H         LINE#         1853
  C:37A6H         LINE#         1855
  C:37ABH         LINE#         1856
  C:37ADH         LINE#         1857
  C:37ADH         LINE#         1860
BL51 BANKED LINKER/LOCATER V6.00                                                      02/16/2023  11:09:09  PAGE 34


  C:37B0H         LINE#         1861
  C:37B2H         LINE#         1862
  -------         ENDPROC       S15_DIS
  -------         PROC          _HOT_SELECT
  D:0007H         SYMBOL        dd
  C:2BF4H         LINE#         1869
  C:2BF4H         LINE#         1870
  C:2BF4H         LINE#         1871
  C:2C21H         LINE#         1872
  C:2C21H         LINE#         1873
  C:2C39H         LINE#         1874
  C:2C51H         LINE#         1875
  C:2C64H         LINE#         1876
  C:2C77H         LINE#         1877
  C:2C8FH         LINE#         1878
  C:2CACH         LINE#         1879
  C:2CCAH         LINE#         1880
  C:2CCAH         LINE#         1883
  -------         ENDPROC       _HOT_SELECT
  -------         PROC          MODE_CHOSE
  C:347EH         LINE#         1890
  C:347EH         LINE#         1891
  C:347EH         LINE#         1892
  C:3481H         LINE#         1894
  C:3486H         LINE#         1897
  C:349FH         LINE#         1900
  C:34A4H         LINE#         1901
  C:34A9H         LINE#         1903
  C:34ACH         LINE#         1910
  C:34B1H         LINE#         1911
  C:34B6H         LINE#         1912
[...]
  C:0FFBH         LINE#         183
  C:0FFBH         LINE#         184
  C:1000H         LINE#         185
  C:1002H         LINE#         186
  C:1006H         LINE#         187
  C:100AH         LINE#         188
  C:100EH         LINE#         189
  C:1012H         LINE#         192
  C:102AH         LINE#         193
  C:103EH         LINE#         194
  C:104BH         LINE#         195
  C:105FH         LINE#         196
  C:106BH         LINE#         203
  C:1081H         LINE#         204
  C:1087H         LINE#         205
  C:108FH         LINE#         206
  C:1093H         LINE#         207
  C:1093H         LINE#         212
  C:10AAH         LINE#         213
  C:10B8H         LINE#         214
  C:10BFH         LINE#         215
  C:10D1H         LINE#         216
  C:10DBH         LINE#         217
  C:10E3H         LINE#         218
  C:10FDH         LINE#         219
  C:10FDH         LINE#         220
  C:110EH         LINE#         223
  C:1132H         LINE#         224
  C:1157H         LINE#         226
  C:117BH         LINE#         227
  C:119FH         LINE#         228
  C:11C3H         LINE#         229
  C:11E7H         LINE#         231
  C:120CH         LINE#         232
  C:1231H         LINE#         233
  C:1256H         LINE#         234
  C:127BH         LINE#         235
  C:127EH         LINE#         236
  C:1289H         LINE#         237
  C:1296H         LINE#         238
  C:12AEH         LINE#         239
  C:12C7H         LINE#         240
  C:12D5H         LINE#         241
  C:12DEH         LINE#         242
  C:12E7H         LINE#         243
  C:12E9H         LINE#         245
  C:130CH         LINE#         246
  C:1314H         LINE#         247
  -------         ENDPROC       _FUNCTION_READ_HOLDING_REGISTERS_3
  -------         PROC          _FUNCTION_READ_INPUT_REGISTERS_4
  X:02A9H         SYMBOL        buf
  -------         DO            
  X:02ACH         SYMBOL        ret
  X:02AEH         SYMBOL        out_count
  X:02AFH         SYMBOL        start_address
  X:02B1H         SYMBOL        count
BL51 BANKED LINKER/LOCATER V6.00                                                      02/16/2023  11:09:09  PAGE 49


  X:02B3H         SYMBOL        crc
  X:02B5H         SYMBOL        send_total_count
  -------         ENDDO         
  C:1315H         LINE#         250
  C:1320H         LINE#         251
  C:1320H         LINE#         252
  C:1325H         LINE#         253
  C:1327H         LINE#         254
  C:132BH         LINE#         255
  C:132FH         LINE#         256
  C:1333H         LINE#         257
  C:1337H         LINE#         260
  C:134FH         LINE#         261
  C:1363H         LINE#         262
  C:1370H         LINE#         263
  C:1384H         LINE#         264
  C:1390H         LINE#         271
  C:13A6H         LINE#         272
  C:13ACH         LINE#         273
  C:13B4H         LINE#         274
  C:13B8H         LINE#         275
  C:13B8H         LINE#         281
  C:13BFH         LINE#         282
  C:13D1H         LINE#         283
  C:13DBH         LINE#         284
  C:13E3H         LINE#         285
  C:13FDH         LINE#         286
  C:13FDH         LINE#         287
  C:140EH         LINE#         290
  C:1432H         LINE#         291
  C:1457H         LINE#         294
  C:147BH         LINE#         295
  C:149FH         LINE#         296
  C:14C3H         LINE#         297
  C:14E7H         LINE#         299
  C:150CH         LINE#         300
  C:1531H         LINE#         301
  C:1556H         LINE#         302
  C:157BH         LINE#         303
  C:157EH         LINE#         304
  C:1589H         LINE#         305
  C:1596H         LINE#         306
  C:15AEH         LINE#         307
  C:15C7H         LINE#         308
  C:15D5H         LINE#         309
  C:15DEH         LINE#         310
  C:15E7H         LINE#         311
  C:15E9H         LINE#         314
  C:160CH         LINE#         315
  C:1614H         LINE#         316
  -------         ENDPROC       _FUNCTION_READ_INPUT_REGISTERS_4
  -------         PROC          _FUNCTION_WRITE_SINGLE_COIL_5
  X:02A9H         SYMBOL        buf
  X:02ACH         SYMBOL        len
  -------         DO            
  X:02AEH         SYMBOL        ret
  X:02B0H         SYMBOL        start_address
BL51 BANKED LINKER/LOCATER V6.00                                                      02/16/2023  11:09:09  PAGE 50


  D:0006H         SYMBOL        value
  -------         ENDDO         
  C:315FH         LINE#         319
  C:3170H         LINE#         320
  C:3170H         LINE#         321
  C:3175H         LINE#         322
  C:3179H         LINE#         323
  C:3179H         LINE#         326
  C:3191H         LINE#         327
  C:31A5H         LINE#         328
  C:31AEH         LINE#         329
  C:31B9H         LINE#         336
  C:31C3H         LINE#         337
  C:31C6H         LINE#         338
  C:31CEH         LINE#         339
  C:31D2H         LINE#         340
  C:31D2H         LINE#         352
  C:31E6H         LINE#         356
  C:31EEH         LINE#         357
  -------         ENDPROC       _FUNCTION_WRITE_SINGLE_COIL_5
  -------         PROC          _FUNCTION_WRITE_SINGLE_REGISTER_6
  X:02A9H         SYMBOL        buf
  X:02ACH         SYMBOL        len
  -------         DO            
  X:02AEH         SYMBOL        ret
  X:02B0H         SYMBOL        start_address
  D:0006H         SYMBOL        value
  -------         ENDDO         
  C:2188H         LINE#         360
  C:2199H         LINE#         361
  C:2199H         LINE#         362
  C:219EH         LINE#         363
  C:21A2H         LINE#         364
  C:21A2H         LINE#         368
  C:21BAH         LINE#         369
  C:21CEH         LINE#         370
  C:21D7H         LINE#         371
  C:21E2H         LINE#         375
  C:21F0H         LINE#         376
  C:21F6H         LINE#         377
  C:21FEH         LINE#         378
  C:2202H         LINE#         379
  C:2202H         LINE#         380
  C:2219H         LINE#         381
  C:2219H         LINE#         382
  C:2235H         LINE#         383
  C:2239H         LINE#         384
  C:223BH         LINE#         385
  C:223BH         LINE#         386
  C:223BH         LINE#         387
  C:223BH         LINE#         388
  C:223DH         LINE#         390
  C:2257H         LINE#         391
  C:2257H         LINE#         393
  C:2269H         LINE#         394
  C:226BH         LINE#         395
  C:2276H         LINE#         397
BL51 BANKED LINKER/LOCATER V6.00                                                      02/16/2023  11:09:09  PAGE 51


  C:227FH         LINE#         398
  C:2281H         LINE#         402
  C:22A1H         LINE#         405
  C:22A9H         LINE#         406
  -------         ENDPROC       _FUNCTION_WRITE_SINGLE_REGISTER_6
  -------         PROC          _FUNCTION_WRITE_MULTIPLE_COILS_F
  X:02A9H         SYMBOL        buf
  -------         DO            
  X:02ACH         SYMBOL        ret
  X:02AEH         SYMBOL        crc
  X:02B0H         SYMBOL        start_address
  D:0006H         SYMBOL        count
  X:02B2H         SYMBOL        localbufLength
  X:02B3H         SYMBOL        index
  -------         ENDDO         
  C:22AAH         LINE#         417
  C:22B5H         LINE#         418
  C:22B5H         LINE#         419
  C:22BAH         LINE#         420
  C:22BEH         LINE#         421
  C:22C2H         LINE#         422
  C:22C2H         LINE#         423
  C:22C4H         LINE#         424
  C:22C6H         LINE#         428
  C:22DEH         LINE#         429
  C:22F2H         LINE#         430
  C:22FBH         LINE#         431
  C:2306H         LINE#         438
  C:2318H         LINE#         439
  C:231EH         LINE#         440
  C:2326H         LINE#         441
  C:232AH         LINE#         442
  C:232AH         LINE#         446
  C:233FH         LINE#         447
  C:234DH         LINE#         448
  C:2374H         LINE#         449
  C:237CH         LINE#         452
  C:2396H         LINE#         453
  C:23B0H         LINE#         454
  C:23B7H         LINE#         455
  C:23BEH         LINE#         459
  C:23C6H         LINE#         460
  -------         ENDPROC       _FUNCTION_WRITE_MULTIPLE_COILS_F
  -------         PROC          _FUNCTION_WRITE_MULTIPLE_REGISTERS_10
  X:02A9H         SYMBOL        buf
  -------         DO            
  X:02ACH         SYMBOL        ret
  X:02AEH         SYMBOL        crc
  X:02B0H         SYMBOL        start_address
  D:0006H         SYMBOL        count
  X:02B2H         SYMBOL        localbufLength
  X:02B3H         SYMBOL        index
  -------         ENDDO         
  C:204DH         LINE#         469
  C:2058H         LINE#         470
  C:2058H         LINE#         471
  C:205DH         LINE#         472
BL51 BANKED LINKER/LOCATER V6.00                                                      02/16/2023  11:09:09  PAGE 52


  C:2061H         LINE#         473
  C:2065H         LINE#         474
  C:2065H         LINE#         475
  C:2067H         LINE#         476
  C:2069H         LINE#         480
  C:2081H         LINE#         481
  C:2095H         LINE#         482
  C:209EH         LINE#         483
  C:20A9H         LINE#         490
  C:20BBH         LINE#         491
  C:20C1H         LINE#         492
  C:20C8H         LINE#         493
  C:20CBH         LINE#         494
  C:20CBH         LINE#         497
  C:20FDH         LINE#         498
  C:2104H         LINE#         499
  C:2106H         LINE#         500
  C:2106H         LINE#         504
  C:2118H         LINE#         505
  C:2122H         LINE#         506
  C:212CH         LINE#         507
  C:2136H         LINE#         508
  C:2139H         LINE#         510
  C:2153H         LINE#         511
  C:216DH         LINE#         512
  C:2174H         LINE#         513
  C:217BH         LINE#         514
  C:2184H         LINE#         516
  C:2187H         LINE#         517
  -------         ENDPROC       _FUNCTION_WRITE_MULTIPLE_REGISTERS_10
  -------         PROC          _FUNCTION_READ_WRITE_MULTIPLE_REGISTERS_17
  X:02A9H         SYMBOL        buf
  -------         DO            
  X:02ACH         SYMBOL        ret
  X:02AEH         SYMBOL        crc
  X:02B0H         SYMBOL        read_start_address
  D:0006H         SYMBOL        write_start_address
  X:02B2H         SYMBOL        readCount
  X:02B4H         SYMBOL        writebytes
  X:02B5H         SYMBOL        writeCount
  X:02B7H         SYMBOL        localbufLength
  X:02B8H         SYMBOL        index
  X:02B9H         SYMBOL        send_total_count
  -------         ENDDO         
  C:1615H         LINE#         526
  C:1620H         LINE#         527
  C:1620H         LINE#         528
  C:1626H         LINE#         529
  C:162BH         LINE#         530
  C:162FH         LINE#         531
  C:162FH         LINE#         532
  C:1633H         LINE#         533
  C:1635H         LINE#         534
  C:1639H         LINE#         535
  C:163BH         LINE#         536
  C:163DH         LINE#         537
  C:1641H         LINE#         541
BL51 BANKED LINKER/LOCATER V6.00                                                      02/16/2023  11:09:09  PAGE 53


  C:1659H         LINE#         542
  C:166DH         LINE#         543
  C:167AH         LINE#         544
  C:168EH         LINE#         546
  C:1694H         LINE#         547
  C:169AH         LINE#         548
  C:16A7H         LINE#         549
  C:16BBH         LINE#         551
  C:16C5H         LINE#         554
  C:16DEH         LINE#         555
  C:16DEH         LINE#         556
  C:16DEH         LINE#         557
  C:16E0H         LINE#         558
  C:16E0H         LINE#         559
  C:16F9H         LINE#         560
  C:16FFH         LINE#         561
  C:1707H         LINE#         562
  C:170BH         LINE#         563
  C:170BH         LINE#         567
  C:1713H         LINE#         568
  C:1721H         LINE#         569
  C:1748H         LINE#         570
  C:1750H         LINE#         573
  C:1757H         LINE#         574
  C:1769H         LINE#         575
  C:1773H         LINE#         576
  C:177CH         LINE#         577
  C:178AH         LINE#         578
  C:179DH         LINE#         579
  C:17ABH         LINE#         580
  C:17BEH         LINE#         581
  C:17CCH         LINE#         582
  C:17CEH         LINE#         583
  C:17D9H         LINE#         584
  C:17E6H         LINE#         585
  C:17FEH         LINE#         586
  C:1819H         LINE#         587
  C:1827H         LINE#         588
  C:1830H         LINE#         591
  C:1838H         LINE#         592
  -------         ENDPROC       _FUNCTION_READ_WRITE_MULTIPLE_REGISTERS_17
  -------         PROC          _NOT_SUPPORT_FUNCTION_CODE
  D:0007H         SYMBOL        address
  D:0005H         SYMBOL        function
  -------         DO            
  X:02A9H         SYMBOL        ret
  -------         ENDDO         
  C:390FH         LINE#         597
  C:390FH         LINE#         598
  C:390FH         LINE#         599
  C:3916H         LINE#         600
  C:391BH         LINE#         603
  C:3923H         LINE#         604
  -------         ENDPROC       _NOT_SUPPORT_FUNCTION_CODE
  -------         PROC          _PARSE_RECV_BUFFER
  X:02A0H         SYMBOL        buf
  X:02A3H         SYMBOL        len
BL51 BANKED LINKER/LOCATER V6.00                                                      02/16/2023  11:09:09  PAGE 54


  -------         DO            
  X:02A5H         SYMBOL        ret
  X:02A7H         SYMBOL        temp_crc
  D:0006H         SYMBOL        temp_crc2
  -------         ENDDO         
  C:1A39H         LINE#         609
  C:1A4AH         LINE#         610
  C:1A4AH         LINE#         611
  C:1A4FH         LINE#         612
  C:1A53H         LINE#         613
  C:1A55H         LINE#         615
  C:1A61H         LINE#         616
  C:1A72H         LINE#         618
  C:1A8BH         LINE#         620
  C:1A8BH         LINE#         621
  C:1A8DH         LINE#         622
  C:1A8DH         LINE#         623
  C:1AA8H         LINE#         624
  C:1ACAH         LINE#         625
  C:1ADBH         LINE#         627
  C:1AE7H         LINE#         629
  C:1AEFH         LINE#         630
  C:1AF3H         LINE#         631
  C:1AF3H         LINE#         633
  C:1B03H         LINE#         634
  C:1B0EH         LINE#         635
  C:1B0EH         LINE#         638
  C:1B41H         LINE#         639
  C:1B47H         LINE#         640
  C:1B58H         LINE#         641
  C:1B69H         LINE#         642
  C:1B79H         LINE#         643
  C:1B8FH         LINE#         644
  C:1BA5H         LINE#         645
  C:1BB5H         LINE#         646
  C:1BC5H         LINE#         647
  C:1BD5H         LINE#         648
  C:1BF6H         LINE#         649
  C:1BF6H         LINE#         651
  C:1BFEH         LINE#         652
  -------         ENDPROC       _PARSE_RECV_BUFFER
  -------         ENDMOD        MODBUS

  -------         MODULE        CRC
  C:0000H         SYMBOL        _ICE_DUMMY_
  C:338FH         PUBLIC        _crc16
  C:1839H         SYMBOL        auchCRCHi
  C:1939H         SYMBOL        auchCRCLo
  -------         PROC          _CRC16
  X:02C0H         SYMBOL        msg
  X:02C3H         SYMBOL        DataLen
  -------         DO            
  X:02C5H         SYMBOL        usTemp
  D:0007H         SYMBOL        uchCRCHi
  D:0005H         SYMBOL        uchCRCLo
  D:0002H         SYMBOL        uIndex
  -------         ENDDO         
BL51 BANKED LINKER/LOCATER V6.00                                                      02/16/2023  11:09:09  PAGE 55


  C:338FH         LINE#         81
  C:33A0H         LINE#         82
  C:33A0H         LINE#         83
  C:33A5H         LINE#         84
  C:33A7H         LINE#         85
  C:33A9H         LINE#         87
  C:33B7H         LINE#         88
  C:33CEH         LINE#         89
  C:33D4H         LINE#         90
  C:33DAH         LINE#         91
  C:33DCH         LINE#         92
  C:33E4H         LINE#         93
  C:33EEH         LINE#         95
  C:33F3H         LINE#         96
  -------         ENDPROC       _CRC16
  -------         ENDMOD        CRC

  -------         MODULE        ?C?FPADD
  C:0B5AH         PUBLIC        ?C?FPADD
  C:0B56H         PUBLIC        ?C?FPSUB
  -------         ENDMOD        ?C?FPADD

  -------         MODULE        ?C?FPMUL
  C:0C4BH         PUBLIC        ?C?FPMUL
  -------         ENDMOD        ?C?FPMUL

  -------         MODULE        ?C?FPCMP
  C:0D53H         PUBLIC        ?C?FPCMP
  C:0D51H         PUBLIC        ?C?FPCMP3
  -------         ENDMOD        ?C?FPCMP

  -------         MODULE        ?C?FCAST
  C:0DC8H         PUBLIC        ?C?FCASTC
  C:0DC3H         PUBLIC        ?C?FCASTI
  C:0DBEH         PUBLIC        ?C?FCASTL
  -------         ENDMOD        ?C?FCAST

  -------         MODULE        ?C?CASTF
  C:0DFCH         PUBLIC        ?C?CASTF
  -------         ENDMOD        ?C?CASTF

  -------         MODULE        ?C?CLDPTR
  C:0E7DH         PUBLIC        ?C?CLDPTR
  -------         ENDMOD        ?C?CLDPTR

  -------         MODULE        ?C?CLDOPTR
  C:0E96H         PUBLIC        ?C?CLDOPTR
  -------         ENDMOD        ?C?CLDOPTR

  -------         MODULE        ?C?CSTOPTR
  C:0EC3H         PUBLIC        ?C?CSTOPTR
  -------         ENDMOD        ?C?CSTOPTR

  -------         MODULE        ?C?UIDIV
  C:0EE5H         PUBLIC        ?C?UIDIV
  -------         ENDMOD        ?C?UIDIV

BL51 BANKED LINKER/LOCATER V6.00                                                      02/16/2023  11:09:09  PAGE 56


  -------         MODULE        ?C?ILDIX
  C:0F3AH         PUBLIC        ?C?ILDIX
  -------         ENDMOD        ?C?ILDIX

  -------         MODULE        ?C?LNEG
  C:0F50H         PUBLIC        ?C?LNEG
  -------         ENDMOD        ?C?LNEG

  -------         MODULE        ?C?SLCMP
  C:0F5EH         PUBLIC        ?C?SLCMP
  -------         ENDMOD        ?C?SLCMP

  -------         MODULE        ?C?LLDIDATA
  C:0F74H         PUBLIC        ?C?LLDIDATA
  -------         ENDMOD        ?C?LLDIDATA

  -------         MODULE        ?C?LLDIDATA0
  C:0F80H         PUBLIC        ?C?LLDIDATA0
  -------         ENDMOD        ?C?LLDIDATA0

  -------         MODULE        ?C?LSTIDATA
  C:0F8DH         PUBLIC        ?C?LSTIDATA
  -------         ENDMOD        ?C?LSTIDATA

  -------         MODULE        ?C?LSTXDATA
  C:0F99H         PUBLIC        ?C?LSTXDATA
  -------         ENDMOD        ?C?LSTXDATA

  -------         MODULE        ?C?LSTKIDATA
  C:0FA5H         PUBLIC        ?C?LSTKIDATA
  -------         ENDMOD        ?C?LSTKIDATA

  -------         MODULE        ?C?OFFXADD
  C:0FBEH         PUBLIC        ?C?OFFXADD
  -------         ENDMOD        ?C?OFFXADD

  -------         MODULE        ?C?CCASE
  C:0FCAH         PUBLIC        ?C?CCASE
  -------         ENDMOD        ?C?CCASE

*** WARNING L16: UNCALLED SEGMENT, IGNORED FOR OVERLAY PROCESS
    SEGMENT: ?PR?ID_READ_OK?ÎÂ¿_³ÌÐò

*** WARNING L16: UNCALLED SEGMENT, IGNORED FOR OVERLAY PROCESS
    SEGMENT: ?PR?TB_DIS?ÎÂ¿_³ÌÐò

*** WARNING L16: UNCALLED SEGMENT, IGNORED FOR OVERLAY PROCESS
    SEGMENT: ?PR?JG_DIS?ÎÂ¿_³ÌÐò

*** WARNING L16: UNCALLED SEGMENT, IGNORED FOR OVERLAY PROCESS
    SEGMENT: ?PR?BF_DIS?ÎÂ¿_³ÌÐò

*** WARNING L16: UNCALLED SEGMENT, IGNORED FOR OVERLAY PROCESS
    SEGMENT: ?PR?P1_DIS?ÎÂ¿_³ÌÐò

*** WARNING L16: UNCALLED SEGMENT, IGNORED FOR OVERLAY PROCESS
    SEGMENT: ?PR?P2_DIS?ÎÂ¿_³ÌÐò
BL51 BANKED LINKER/LOCATER V6.00                                                      02/16/2023  11:09:09  PAGE 57



*** WARNING L16: UNCALLED SEGMENT, IGNORED FOR OVERLAY PROCESS
    SEGMENT: ?PR?_HOT_SELECT?ÎÂ¿_³ÌÐò

Program Size: data=194.2 xdata=711 code=14905
LINK/LOCATE RUN COMPLETE.  7 WARNING(S),  0 ERROR(S)
