BL51 BANKED LINKER/LOCATER V6.22.4.0                                                    11/08/2024  16:16:15  PAGE 1


BL51 BANKED LINKER/LOCATER V6.22.4.0, INVOKED BY:
D:\APP\KEIL_V5\C51\BIN\BL51.EXE .\output\STARTUP.obj, .\output\ÎÂ¿Ø³ÌÐò.obj, .\output\modbus.obj, .\output\crc.obj TO .\
>> output\ÎÂ¿Ø±Õ»·°åmodebuf³ÌÐò PRINT (.\ÎÂ¿Ø±Õ»·°åmodebuf³ÌÐò.m51) RAMSIZE (256)


MEMORY MODEL: LARGE WITH FLOATING POINT ARITHMETIC


INPUT MODULES INCLUDED:
  .\output\STARTUP.obj (?C_STARTUP)
  .\output\ÎÂ¿Ø³ÌÐò.obj (________)
  .\output\modbus.obj (MODBUS)
  .\output\crc.obj (CRC)
  D:\APP\KEIL_V5\C51\LIB\C51FPL.LIB (?C?FPADD)
  D:\APP\KEIL_V5\C51\LIB\C51FPL.LIB (?C?FPMUL)
  D:\APP\KEIL_V5\C51\LIB\C51FPL.LIB (?C?FPCMP)
  D:\APP\KEIL_V5\C51\LIB\C51FPL.LIB (?C?FCAST)
  D:\APP\KEIL_V5\C51\LIB\C51FPL.LIB (?C?CASTF)
  D:\APP\KEIL_V5\C51\LIB\C51FPL.LIB (?C?FPGETOPN)
  D:\APP\KEIL_V5\C51\LIB\C51L.LIB (?C_INIT)
  D:\APP\KEIL_V5\C51\LIB\C51L.LIB (?C?CLDPTR)
  D:\APP\KEIL_V5\C51\LIB\C51L.LIB (?C?CLDOPTR)
  D:\APP\KEIL_V5\C51\LIB\C51L.LIB (?C?CSTOPTR)
  D:\APP\KEIL_V5\C51\LIB\C51L.LIB (?C?IMUL)
  D:\APP\KEIL_V5\C51\LIB\C51L.LIB (?C?UIDIV)
  D:\APP\KEIL_V5\C51\LIB\C51L.LIB (?C?ILDIX)
  D:\APP\KEIL_V5\C51\LIB\C51L.LIB (?C?LNEG)
  D:\APP\KEIL_V5\C51\LIB\C51L.LIB (?C?SLCMP)
  D:\APP\KEIL_V5\C51\LIB\C51L.LIB (?C?LLDIDATA)
  D:\APP\KEIL_V5\C51\LIB\C51L.LIB (?C?LLDIDATA0)
  D:\APP\KEIL_V5\C51\LIB\C51L.LIB (?C?LSTIDATA)
  D:\APP\KEIL_V5\C51\LIB\C51L.LIB (?C?LSTXDATA)
  D:\APP\KEIL_V5\C51\LIB\C51L.LIB (?C?LSTKIDATA)
  D:\APP\KEIL_V5\C51\LIB\C51L.LIB (?C?OFFXADD)
  D:\APP\KEIL_V5\C51\LIB\C51L.LIB (?C?CCASE)


LINK MAP OF MODULE:  .\output\ÎÂ¿Ø±Õ»·°åmodebuf³ÌÐò (?C_STARTUP)


            TYPE    BASE      LENGTH    RELOCATION   SEGMENT NAME
            -----------------------------------------------------

            * * * * * * *   D A T A   M E M O R Y   * * * * * * *
            REG     0000H     0008H     ABSOLUTE     "REG BANK 0"
            REG     0008H     0008H     ABSOLUTE     "REG BANK 1"
            REG     0010H     0008H     ABSOLUTE     "REG BANK 2"
            IDATA   0018H     0002H     UNIT         ?ID?MODBUS
                    001AH     0006H                  *** GAP ***
            BIT     0020H.0   0005H.1   UNIT         ?BI?________
            BIT     0025H.1   0000H.1   UNIT         ?BI?HOT1_DIS?________
            BIT     0025H.2   0000H.1   UNIT         ?BI?HOT2_DIS?________
            BIT     0025H.3   0000H.1   UNIT         ?BI?HOT3_DIS?________
            BIT     0025H.4   0000H.1   UNIT         ?BI?TB_DIS?________
            BIT     0025H.5   0000H.1   UNIT         ?BI?JG_DIS?________
            BIT     0025H.6   0000H.1   UNIT         ?BI?BF_DIS?________
            BIT     0025H.7   0000H.1   UNIT         ?BI?P1_DIS?________
            BIT     0026H.0   0000H.1   UNIT         ?BI?P2_DIS?________
BL51 BANKED LINKER/LOCATER V6.22.4.0                                                  11/08/2024  16:16:15  PAGE 2


            BIT     0026H.1   0000H.1   UNIT         _BIT_GROUP_
                    0026H.2   0000H.6                *** GAP ***
            IDATA   0027H     00A1H     UNIT         ?ID?________
            IDATA   00C8H     0001H     UNIT         ?STACK

            * * * * * * *  X D A T A   M E M O R Y  * * * * * * *
            XDATA   0000H     0242H     UNIT         ?XD?MODBUS
            XDATA   0242H     005EH     UNIT         ?XD?________
            XDATA   02A0H     0027H     UNIT         _XDATA_GROUP_

            * * * * * * *   C O D E   M E M O R Y   * * * * * * *
            CODE    0000H     0003H     ABSOLUTE     
            CODE    0003H     0005H     UNIT         ?PR?_BROADCAST_PROCESS?MODBUS
                    0008H     0003H                  *** GAP ***
            CODE    000BH     0003H     ABSOLUTE     
            CODE    000EH     0015H     UNIT         ?PR?_IAPERASESECTOR?________
            CODE    0023H     0003H     ABSOLUTE     
            CODE    0026H     0073H     UNIT         ?PR?_CRC16?CRC
                    0099H     0002H                  *** GAP ***
            CODE    009BH     0003H     ABSOLUTE     
            CODE    009EH     0AB5H     UNIT         ?PR?MAIN?________
            CODE    0B53H     04BBH     UNIT         ?C?LIB_CODE
            CODE    100EH     0325H     UNIT         ?PR?_FUNCTION_READ_HOLDING_REGISTERS_3?MODBUS
            CODE    1333H     0300H     UNIT         ?PR?_FUNCTION_READ_INPUT_REGISTERS_4?MODBUS
            CODE    1633H     0224H     UNIT         ?PR?_FUNCTION_READ_WRITE_MULTIPLE_REGISTERS_17?MODBUS
            CODE    1857H     0200H     UNIT         ?CO?CRC
            CODE    1A57H     01C6H     UNIT         ?PR?_PARSE_RECV_BUFFER?MODBUS
            CODE    1C1DH     0186H     UNIT         ?PR?TM0_ISR?________
            CODE    1DA3H     017AH     UNIT         ?PR?ID_READ_OK?________
            CODE    1F1DH     0164H     UNIT         ?PR?_FUNCTION_READ_COILS_1?MODBUS
            CODE    2081H     0164H     UNIT         ?PR?_FUNCTION_READ_DISCREATE_INPUT_2?MODBUS
            CODE    21E5H     0161H     UNIT         ?PR?_FUNCTION_WRITE_MULTIPLE_REGISTERS_10?MODBUS
            CODE    2346H     0122H     UNIT         ?PR?_FUNCTION_WRITE_SINGLE_REGISTER_6?MODBUS
            CODE    2468H     011DH     UNIT         ?PR?_FUNCTION_WRITE_MULTIPLE_COILS_F?MODBUS
            CODE    2585H     0110H     UNIT         ?PR?_GET_TEMPERATURE?________
            CODE    2695H     010BH     UNIT         ?PR?_PID1?________
            CODE    27A0H     010BH     UNIT         ?PR?_PID2?________
            CODE    28ABH     010BH     UNIT         ?PR?_PID3?________
            CODE    29B6H     010BH     UNIT         ?PR?_PID4?________
            CODE    2AC1H     0104H     UNIT         ?CO?________
            CODE    2BC5H     00DFH     UNIT         ?PR?SAVE_MODE_WR?________
            CODE    2CA4H     00D7H     UNIT         ?PR?_HOT_SELECT?________
            CODE    2D7BH     00C3H     UNIT         ?PR?READ_DATA?________
            CODE    2E3EH     00AFH     UNIT         ?PR?DIS1?________
            CODE    2EEDH     00AAH     UNIT         ?PR?READ_MODE_WR_DATA?________
            CODE    2F97H     00A4H     UNIT         ?PR?_TEMPERATURE_LPF?________
            CODE    303BH     00A2H     UNIT         ?PR?_TM1722_WRITE_WORD?________
            CODE    30DDH     0099H     UNIT         ?PR?T3INT?________
            CODE    3176H     0098H     UNIT         ?PR?_FAN_RUN_STOP?________
            CODE    320EH     0090H     UNIT         ?PR?_FUNCTION_WRITE_SINGLE_COIL_5?MODBUS
            CODE    329EH     008CH     UNIT         ?C_C51STARTUP
            CODE    332AH     008BH     UNIT         ?PR?_LCD_CLEAR?________
            CODE    33B5H     0089H     UNIT         ?PR?_FAN_DIS?________
            CODE    343EH     006BH     UNIT         ?PR?UART?________
            CODE    34A9H     0049H     UNIT         ?PR?_SEND_BAD_MSG?MODBUS
            CODE    34F2H     0041H     UNIT         ?PR?_TM1722_WRITE_BYTE?________
            CODE    3533H     003DH     UNIT         ?PR?MODE_CHOSE?________
BL51 BANKED LINKER/LOCATER V6.22.4.0                                                  11/08/2024  16:16:15  PAGE 3


            CODE    3570H     0034H     UNIT         ?PR?_SEND_BUFFER?________
            CODE    35A4H     0032H     UNIT         ?C_INITSEG
            CODE    35D6H     002FH     UNIT         ?PR?TEMP_DIS?________
            CODE    3605H     002FH     UNIT         ?PR?H1_DIS?________
            CODE    3634H     002FH     UNIT         ?PR?H2_DIS?________
            CODE    3663H     002FH     UNIT         ?PR?H3_DIS?________
            CODE    3692H     002FH     UNIT         ?PR?TB_DIS?________
            CODE    36C1H     002FH     UNIT         ?PR?JG_DIS?________
            CODE    36F0H     002FH     UNIT         ?PR?MODE_DIS?________
            CODE    371FH     002FH     UNIT         ?PR?BF_DIS?________
            CODE    374EH     002FH     UNIT         ?PR?SET_DIS?________
            CODE    377DH     002FH     UNIT         ?PR?CUR_DIS?________
            CODE    37ACH     002FH     UNIT         ?PR?P1_DIS?________
            CODE    37DBH     002FH     UNIT         ?PR?P2_DIS?________
            CODE    380AH     002FH     UNIT         ?PR?S14_DIS?________
            CODE    3839H     002FH     UNIT         ?PR?S15_DIS?________
            CODE    3868H     002DH     UNIT         ?PR?_GETADCRESULT?________
            CODE    3895H     0024H     UNIT         ?PR?HOT_POWER_SAVE?________
            CODE    38B9H     0023H     UNIT         ?PR?_IAPPROGRAMBYTE?________
            CODE    38DCH     001FH     UNIT         ?PR?FAN_CLOSE_READ?________
            CODE    38FBH     001EH     UNIT         ?PR?_DELAY1MS?________
            CODE    3919H     001BH     UNIT         ?PR?_IAPREADBYTE?________
            CODE    3934H     0019H     UNIT         ?PR?UARTINIT?________
            CODE    394DH     0018H     UNIT         ?PR?FAN_POWER_SAVE?________
            CODE    3965H     0018H     UNIT         ?PR?HOT_POWER_READ?________
            CODE    397DH     0018H     UNIT         ?PR?FAN_POWER_READ?________
            CODE    3995H     0017H     UNIT         ?PR?FAN_CLOSE_SAVE?________
            CODE    39ACH     0017H     UNIT         ?PR?FAN_STOP?________
            CODE    39C3H     0015H     UNIT         ?PR?_NOT_SUPPORT_FUNCTION_CODE?MODBUS
            CODE    39D8H     0014H     UNIT         ?PR?SAVE_MODE_NUM?________
            CODE    39ECH     0014H     UNIT         ?PR?HOT_DIS?________
            CODE    3A00H     0014H     UNIT         ?PR?HOT1_DIS?________
            CODE    3A14H     0014H     UNIT         ?PR?HOT2_DIS?________
            CODE    3A28H     0014H     UNIT         ?PR?HOT3_DIS?________
            CODE    3A3CH     0014H     UNIT         ?PR?F_DIS?________
            CODE    3A50H     0014H     UNIT         ?PR?M_DIS?________
            CODE    3A64H     0014H     UNIT         ?PR?R_DIS?________
            CODE    3A78H     0014H     UNIT         ?PR?S13_DIS?________
            CODE    3A8CH     0013H     UNIT         ?PR?TIMER0INIT?________
            CODE    3A9FH     0010H     UNIT         ?PR?TIMER3INIT?________
            CODE    3AAFH     000FH     UNIT         ?PR?READ_MODE?________
            CODE    3ABEH     000FH     UNIT         ?PR?_PWM_SET?________
            CODE    3ACDH     000DH     UNIT         ?PR?IAPIDLE?________
            CODE    3ADAH     000CH     UNIT         ?PR?INITADC?________
            CODE    3AE6H     000AH     UNIT         ?PR?DELAY50US?________
            CODE    3AF0H     000AH     UNIT         ?PR?FAN_RUN?________



OVERLAY MAP OF MODULE:   .\output\ÎÂ¿Ø±Õ»·°åmodebuf³ÌÐò (?C_STARTUP)


SEGMENT                                             BIT_GROUP          XDATA_GROUP
  +--> CALLED SEGMENT                            START    LENGTH     START    LENGTH
------------------------------------------------------------------------------------
?C_C51STARTUP                                    -----    -----      -----    -----
  +--> ?PR?MAIN?________
BL51 BANKED LINKER/LOCATER V6.22.4.0                                                  11/08/2024  16:16:15  PAGE 4


  +--> ?C_INITSEG

?PR?MAIN?________                                -----    -----      -----    -----
  +--> ?PR?UARTINIT?________
  +--> ?PR?INITADC?________
  +--> ?PR?TIMER0INIT?________
  +--> ?PR?TIMER3INIT?________
  +--> ?PR?READ_MODE?________
  +--> ?PR?READ_DATA?________
  +--> ?PR?FAN_CLOSE_READ?________
  +--> ?PR?HOT_POWER_READ?________
  +--> ?PR?FAN_POWER_READ?________
  +--> ?PR?_LCD_CLEAR?________
  +--> ?PR?DIS1?________
  +--> ?PR?_DELAY1MS?________
  +--> ?PR?FAN_CLOSE_SAVE?________
  +--> ?PR?MODE_CHOSE?________
  +--> ?PR?S13_DIS?________
  +--> ?PR?S14_DIS?________
  +--> ?PR?_FAN_RUN_STOP?________
  +--> ?PR?_PARSE_RECV_BUFFER?MODBUS
  +--> ?PR?_TEMPERATURE_LPF?________
  +--> ?PR?_GET_TEMPERATURE?________
  +--> ?PR?_PID1?________
  +--> ?PR?_PID2?________
  +--> ?PR?_PID3?________
  +--> ?PR?_PID4?________
  +--> ?PR?H1_DIS?________
  +--> ?PR?F_DIS?________
  +--> ?PR?R_DIS?________
  +--> ?PR?M_DIS?________
  +--> ?PR?HOT_DIS?________
  +--> ?PR?SAVE_MODE_WR?________
  +--> ?PR?_TM1722_WRITE_WORD?________
  +--> ?PR?HOT_POWER_SAVE?________
  +--> ?PR?_FAN_DIS?________
  +--> ?PR?CUR_DIS?________
  +--> ?PR?SET_DIS?________
  +--> ?PR?TEMP_DIS?________
  +--> ?PR?H2_DIS?________
  +--> ?PR?H3_DIS?________

?PR?READ_MODE?________                           -----    -----      -----    -----
  +--> ?PR?_IAPREADBYTE?________

?PR?_IAPREADBYTE?________                        -----    -----      -----    -----
  +--> ?PR?IAPIDLE?________

?PR?READ_DATA?________                           -----    -----      -----    -----
  +--> ?PR?_IAPREADBYTE?________
  +--> ?PR?READ_MODE_WR_DATA?________

?PR?FAN_CLOSE_READ?________                      -----    -----      -----    -----
  +--> ?PR?_IAPREADBYTE?________

?PR?HOT_POWER_READ?________                      -----    -----      -----    -----
  +--> ?PR?_IAPREADBYTE?________
BL51 BANKED LINKER/LOCATER V6.22.4.0                                                  11/08/2024  16:16:15  PAGE 5



?PR?FAN_POWER_READ?________                      -----    -----      -----    -----
  +--> ?PR?_IAPREADBYTE?________

?PR?_LCD_CLEAR?________                          -----    -----      -----    -----
  +--> ?PR?_TM1722_WRITE_BYTE?________

?PR?_TM1722_WRITE_BYTE?________                  -----    -----      -----    -----
  +--> ?PR?DELAY50US?________

?PR?DIS1?________                                0026H.1  0000H.1    02A0H    0005H
  +--> ?PR?_TM1722_WRITE_WORD?________

?PR?_TM1722_WRITE_WORD?________                  -----    -----      02A5H    0001H
  +--> ?PR?HOT_POWER_SAVE?________
  +--> ?CO?________
  +--> ?PR?_TM1722_WRITE_BYTE?________

?PR?HOT_POWER_SAVE?________                      -----    -----      -----    -----
  +--> ?PR?_IAPERASESECTOR?________
  +--> ?PR?_IAPPROGRAMBYTE?________

?PR?_IAPERASESECTOR?________                     -----    -----      -----    -----
  +--> ?PR?IAPIDLE?________

?PR?_IAPPROGRAMBYTE?________                     -----    -----      -----    -----
  +--> ?PR?IAPIDLE?________

?PR?FAN_CLOSE_SAVE?________                      -----    -----      -----    -----
  +--> ?PR?_IAPERASESECTOR?________
  +--> ?PR?_IAPPROGRAMBYTE?________

?PR?MODE_CHOSE?________                          -----    -----      -----    -----
  +--> ?PR?READ_DATA?________
  +--> ?PR?_LCD_CLEAR?________
  +--> ?PR?DIS1?________
  +--> ?PR?MODE_DIS?________
  +--> ?PR?_DELAY1MS?________
  +--> ?PR?TEMP_DIS?________
  +--> ?PR?CUR_DIS?________
  +--> ?PR?_FAN_DIS?________
  +--> ?PR?S13_DIS?________
  +--> ?PR?S14_DIS?________
  +--> ?PR?S15_DIS?________

?PR?MODE_DIS?________                            0026H.1  0000H.1    -----    -----
  +--> ?PR?_TM1722_WRITE_BYTE?________

?PR?TEMP_DIS?________                            0026H.1  0000H.1    -----    -----
  +--> ?PR?_TM1722_WRITE_BYTE?________

?PR?CUR_DIS?________                             0026H.1  0000H.1    -----    -----
  +--> ?PR?_TM1722_WRITE_BYTE?________

?PR?_FAN_DIS?________                            -----    -----      -----    -----
  +--> ?PR?_TM1722_WRITE_BYTE?________

BL51 BANKED LINKER/LOCATER V6.22.4.0                                                  11/08/2024  16:16:15  PAGE 6


?PR?S13_DIS?________                             0026H.1  0000H.1    -----    -----
  +--> ?PR?_TM1722_WRITE_BYTE?________

?PR?S14_DIS?________                             0026H.1  0000H.1    -----    -----
  +--> ?PR?_TM1722_WRITE_BYTE?________

?PR?S15_DIS?________                             0026H.1  0000H.1    -----    -----
  +--> ?PR?_TM1722_WRITE_BYTE?________

?PR?_FAN_RUN_STOP?________                       -----    -----      -----    -----
  +--> ?PR?SAVE_MODE_NUM?________
  +--> ?PR?FAN_STOP?________
  +--> ?PR?FAN_RUN?________
  +--> ?PR?_PWM_SET?________

?PR?SAVE_MODE_NUM?________                       -----    -----      -----    -----
  +--> ?PR?_IAPERASESECTOR?________
  +--> ?PR?_IAPPROGRAMBYTE?________

?PR?FAN_STOP?________                            -----    -----      -----    -----
  +--> ?PR?_PWM_SET?________

?PR?_PARSE_RECV_BUFFER?MODBUS                    -----    -----      02A0H    0009H
  +--> ?PR?_CRC16?CRC
  +--> ?PR?_BROADCAST_PROCESS?MODBUS
  +--> ?PR?_FUNCTION_READ_COILS_1?MODBUS
  +--> ?PR?_FUNCTION_READ_DISCREATE_INPUT_2?...
  +--> ?PR?_FUNCTION_READ_HOLDING_REGISTERS_...
  +--> ?PR?_FUNCTION_READ_INPUT_REGISTERS_4?...
  +--> ?PR?_FUNCTION_WRITE_SINGLE_COIL_5?MODBUS
  +--> ?PR?_FUNCTION_WRITE_SINGLE_REGISTER_6...
  +--> ?PR?_FUNCTION_WRITE_MULTIPLE_COILS_F?...
  +--> ?PR?_FUNCTION_WRITE_MULTIPLE_REGISTER...
  +--> ?PR?_FUNCTION_READ_WRITE_MULTIPLE_REG...
  +--> ?PR?_NOT_SUPPORT_FUNCTION_CODE?MODBUS

?PR?_CRC16?CRC                                   -----    -----      02C0H    0007H
  +--> ?CO?CRC

?PR?_FUNCTION_READ_COILS_1?MODBUS                -----    -----      02A9H    000CH
  +--> ?PR?_SEND_BAD_MSG?MODBUS
  +--> ?PR?_CRC16?CRC
  +--> ?PR?_SEND_BUFFER?________

?PR?_SEND_BAD_MSG?MODBUS                         -----    -----      02BBH    0005H
  +--> ?PR?_CRC16?CRC
  +--> ?PR?_SEND_BUFFER?________

?PR?_SEND_BUFFER?________                        -----    -----      02C0H    0003H

?PR?_FUNCTION_READ_DISCREATE_INPUT_2?...         -----    -----      02A9H    000CH
  +--> ?PR?_SEND_BAD_MSG?MODBUS
  +--> ?PR?_CRC16?CRC
  +--> ?PR?_SEND_BUFFER?________

?PR?_FUNCTION_READ_HOLDING_REGISTERS_...         -----    -----      02A9H    000EH
  +--> ?PR?_SEND_BAD_MSG?MODBUS
BL51 BANKED LINKER/LOCATER V6.22.4.0                                                  11/08/2024  16:16:15  PAGE 7


  +--> ?PR?_CRC16?CRC
  +--> ?PR?_SEND_BUFFER?________

?PR?_FUNCTION_READ_INPUT_REGISTERS_4?...         -----    -----      02A9H    000EH
  +--> ?PR?_SEND_BAD_MSG?MODBUS
  +--> ?PR?_CRC16?CRC
  +--> ?PR?_SEND_BUFFER?________

?PR?_FUNCTION_WRITE_SINGLE_COIL_5?MODBUS         -----    -----      02A9H    0009H
  +--> ?PR?_SEND_BAD_MSG?MODBUS
  +--> ?PR?_SEND_BUFFER?________

?PR?_FUNCTION_WRITE_SINGLE_REGISTER_6...         -----    -----      02A9H    0009H
  +--> ?PR?_SEND_BAD_MSG?MODBUS
  +--> ?PR?_SEND_BUFFER?________

?PR?_FUNCTION_WRITE_MULTIPLE_COILS_F?...         -----    -----      02A9H    000BH
  +--> ?PR?_SEND_BAD_MSG?MODBUS
  +--> ?PR?_CRC16?CRC
  +--> ?PR?_SEND_BUFFER?________

?PR?_FUNCTION_WRITE_MULTIPLE_REGISTER...         -----    -----      02A9H    000BH
  +--> ?PR?_SEND_BAD_MSG?MODBUS
  +--> ?PR?_CRC16?CRC
  +--> ?PR?_SEND_BUFFER?________
  +--> ?PR?SAVE_MODE_WR?________

?PR?SAVE_MODE_WR?________                        -----    -----      -----    -----
  +--> ?PR?_IAPERASESECTOR?________
  +--> ?PR?_IAPPROGRAMBYTE?________

?PR?_FUNCTION_READ_WRITE_MULTIPLE_REG...         -----    -----      02A9H    0012H
  +--> ?PR?_SEND_BAD_MSG?MODBUS
  +--> ?PR?_CRC16?CRC
  +--> ?PR?_SEND_BUFFER?________

?PR?_NOT_SUPPORT_FUNCTION_CODE?MODBUS            -----    -----      02A9H    0002H
  +--> ?PR?_SEND_BAD_MSG?MODBUS

?PR?_TEMPERATURE_LPF?________                    -----    -----      -----    -----
  +--> ?PR?_GETADCRESULT?________
  +--> ?PR?_DELAY1MS?________

?PR?_GET_TEMPERATURE?________                    -----    -----      02A0H    0005H
  +--> ?CO?________

?PR?_PID1?________                               -----    -----      02A0H    000AH

?PR?_PID2?________                               -----    -----      02A0H    000AH

?PR?_PID3?________                               -----    -----      02A0H    000AH

?PR?_PID4?________                               -----    -----      02A0H    000AH

?PR?H1_DIS?________                              0026H.1  0000H.1    -----    -----
  +--> ?PR?_TM1722_WRITE_BYTE?________

BL51 BANKED LINKER/LOCATER V6.22.4.0                                                  11/08/2024  16:16:15  PAGE 8


?PR?F_DIS?________                               0026H.1  0000H.1    -----    -----
  +--> ?PR?_TM1722_WRITE_BYTE?________

?PR?R_DIS?________                               0026H.1  0000H.1    -----    -----
  +--> ?PR?_TM1722_WRITE_BYTE?________

?PR?M_DIS?________                               0026H.1  0000H.1    -----    -----
  +--> ?PR?_TM1722_WRITE_BYTE?________

?PR?HOT_DIS?________                             0026H.1  0000H.1    -----    -----
  +--> ?PR?_TM1722_WRITE_BYTE?________

?PR?SET_DIS?________                             0026H.1  0000H.1    -----    -----
  +--> ?PR?_TM1722_WRITE_BYTE?________

?PR?H2_DIS?________                              0026H.1  0000H.1    -----    -----
  +--> ?PR?_TM1722_WRITE_BYTE?________

?PR?H3_DIS?________                              0026H.1  0000H.1    -----    -----
  +--> ?PR?_TM1722_WRITE_BYTE?________



SYMBOL TABLE OF MODULE:  .\output\ÎÂ¿Ø±Õ»·°åmodebuf³ÌÐò (?C_STARTUP)

  VALUE           TYPE          NAME
  ----------------------------------

  -------         MODULE        ?C_STARTUP
  C:329EH         SEGMENT       ?C_C51STARTUP
  I:00C8H         SEGMENT       ?STACK
  C:0000H         PUBLIC        ?C_STARTUP
  D:00E0H         SYMBOL        ACC
  D:00F0H         SYMBOL        B
  D:0083H         SYMBOL        DPH
  D:0082H         SYMBOL        DPL
  N:0000H         SYMBOL        IBPSTACK
  N:0100H         SYMBOL        IBPSTACKTOP
  N:0080H         SYMBOL        IDATALEN
  C:32A1H         SYMBOL        IDATALOOP
  N:0000H         SYMBOL        PBPSTACK
  N:0100H         SYMBOL        PBPSTACKTOP
  N:0000H         SYMBOL        PDATALEN
  N:0000H         SYMBOL        PDATASTART
  N:0000H         SYMBOL        PPAGE
  N:0000H         SYMBOL        PPAGEENABLE
  D:00A0H         SYMBOL        PPAGE_SFR
  D:0081H         SYMBOL        SP
  C:329EH         SYMBOL        STARTUP1
  N:0000H         SYMBOL        XBPSTACK
  N:0000H         SYMBOL        XBPSTACKTOP
  N:0000H         SYMBOL        XDATALEN
  N:0000H         SYMBOL        XDATASTART
  C:0000H         LINE#         126
  C:329EH         LINE#         133
  C:32A0H         LINE#         134
  C:32A1H         LINE#         135
BL51 BANKED LINKER/LOCATER V6.22.4.0                                                  11/08/2024  16:16:15  PAGE 9


  C:32A2H         LINE#         136
  C:32A4H         LINE#         185
  C:32A7H         LINE#         196
  -------         ENDMOD        ?C_STARTUP

  -------         MODULE        ________
  C:0000H         SYMBOL        _ICE_DUMMY_
  I:0027H         PUBLIC        hot_num
  B:0020H.0       PUBLIC        hot_power_bit
  D:0092H         PUBLIC        P1M0
  D:0093H         PUBLIC        P0M1
  D:0096H         PUBLIC        P2M0
  D:0091H         PUBLIC        P1M1
  D:0080H         PUBLIC        P0
  D:00B2H         PUBLIC        P3M0
  D:0095H         PUBLIC        P2M1
  D:0090H         PUBLIC        P1
  I:0028H         PUBLIC        dis_temp_cnt
  I:0029H         PUBLIC        hot_in_data
  D:00B4H         PUBLIC        P4M0
  D:00B1H         PUBLIC        P3M1
  D:00A0H         PUBLIC        P2
  D:00CAH         PUBLIC        P5M0
  D:00B3H         PUBLIC        P4M1
  D:00B0H         PUBLIC        P3
  C:3ABEH         PUBLIC        _pwm_set
  C:2BC5H         PUBLIC        save_mode_wr
  C:000EH         PUBLIC        _IapEraseSector
  D:00C9H         PUBLIC        P5M1
  D:00C0H         PUBLIC        P4
  C:38FFH         PUBLIC        _Delay1ms
  B:0020H.1       PUBLIC        hot_fan_bit
  B:0020H.2       PUBLIC        sp_bit
  B:0080H.7       PUBLIC        hot_in
  D:00C8H         PUBLIC        P5
  B:00A8H.7       PUBLIC        EA
  D:00E8H         PUBLIC        P6
  D:00F8H         PUBLIC        P7
  C:3A3CH         PUBLIC        f_dis
  B:0020H.3       PUBLIC        ss_bit
  B:0020H.4       PUBLIC        temp_set_bit
  B:0080H.6       PUBLIC        hot_ok
  I:002AH         PUBLIC        tb_num
  B:0020H.5       PUBLIC        fan_bit2
  I:002BH         PUBLIC        keybuf
  C:3570H         PUBLIC        _send_buffer
  B:0020H.6       PUBLIC        fan_bit3
  B:0090H.7       PUBLIC        out1
  I:002CH         PUBLIC        pwm5
  D:00F5H         PUBLIC        PWMCR
  B:00A0H.1       PUBLIC        out2
  B:00A0H.2       PUBLIC        out3
  D:00BAH         PUBLIC        P_SW2
  B:0090H.6       PUBLIC        out4
  I:002EH         PUBLIC        PeriodCnt
  I:0032H         PUBLIC        temp_set_cnt
  I:0033H         PUBLIC        ss_cnt
BL51 BANKED LINKER/LOCATER V6.22.4.0                                                  11/08/2024  16:16:15  PAGE 10


  D:00A8H         PUBLIC        IE
  C:2695H         PUBLIC        _PID1
  C:3A50H         PUBLIC        m_dis
  I:0034H         PUBLIC        lcd_0ah
  C:27A0H         PUBLIC        _PID2
  C:38C3H         PUBLIC        _IapProgramByte
  I:0035H         PUBLIC        lcd_0bh
  D:00C5H         PUBLIC        IAP_CMD
  C:28ABH         PUBLIC        _PID3
  C:29B6H         PUBLIC        _PID4
  I:0036H         PUBLIC        tm1
  I:0038H         PUBLIC        lcd_0eh
  C:3A64H         PUBLIC        r_dis
  I:0039H         PUBLIC        tm2
  I:003BH         PUBLIC        lcd_0fh
  D:00BDH         PUBLIC        ADC_RES
  I:003CH         PUBLIC        tm3
  I:003EH         PUBLIC        I_term1
  I:0042H         PUBLIC        tm4
  I:0044H         PUBLIC        I_term2
  D:00F7H         PUBLIC        PWMFDCR
  C:317DH         PUBLIC        _fan_run_stop
  B:00C8H.4       PUBLIC        speak
  I:0048H         PUBLIC        tm5
  I:004AH         PUBLIC        I_term3
  C:2AC1H         PUBLIC        Tab
  I:004EH         PUBLIC        tm6
  I:0050H         PUBLIC        temp_set1
  I:0052H         PUBLIC        fenduan_num
  I:0053H         PUBLIC        I_term4
  B:00A8H.4       PUBLIC        ES
  I:0057H         PUBLIC        temp_set2
  I:0059H         PUBLIC        I_term5
  D:00B8H         PUBLIC        IP
  I:005DH         PUBLIC        temp_set3
  I:005FH         PUBLIC        I_term6
  C:3605H         PUBLIC        H1_dis
  I:0063H         PUBLIC        temp_set4
  I:0065H         PUBLIC        t_cnt
  C:2D7BH         PUBLIC        read_data
  B:0098H.0       PUBLIC        RI
  C:3634H         PUBLIC        H2_dis
  C:3ACDH         PUBLIC        IapIdle
  I:0066H         PUBLIC        temp_set5
  C:3533H         PUBLIC        mode_chose
  C:3663H         PUBLIC        H3_dis
  I:0068H         PUBLIC        HighRH
  I:0069H         PUBLIC        temp_set6
  B:0098H.1       PUBLIC        TI
  C:343EH         PUBLIC        Uart
  B:0020H.7       PUBLIC        fan_rs_bit
  C:332AH         PUBLIC        _lcd_clear
  C:3A00H         PUBLIC        hot1_dis
  D:00C3H         PUBLIC        IAP_ADDRH
  C:3A14H         PUBLIC        hot2_dis
  I:006BH         PUBLIC        HighRL
  C:3A28H         PUBLIC        hot3_dis
BL51 BANKED LINKER/LOCATER V6.22.4.0                                                  11/08/2024  16:16:15  PAGE 11


  C:2AD3H         PUBLIC        temp_table
  D:00D8H         PUBLIC        CCON
  D:00C4H         PUBLIC        IAP_ADDRL
  C:3AAFH         PUBLIC        read_mode
  C:009EH         PUBLIC        main
  B:0021H.0       PUBLIC        dis_ss_bit
  B:00C0H.1       PUBLIC        TM1722_CLK
  I:006CH         PUBLIC        tmp_cnt1
  B:00B0H.7       PUBLIC        TM1722_DIO
  I:006EH         PUBLIC        tmp_cnt2
  I:0070H         PUBLIC        tmp_cnt3
  X:0242H         PUBLIC        ID_old
  I:0072H         PUBLIC        tmp_cnt4
  C:38DCH         PUBLIC        fan_close_read
  I:0074H         PUBLIC        tmp_cnt5
  I:0076H         PUBLIC        tmp_cnt6
  C:2CA4H         PUBLIC        _hot_select
  C:391DH         PUBLIC        _IapReadByte
  D:00BCH         PUBLIC        ADC_CONTR
  D:0099H         PUBLIC        SBUF
  B:0021H.1       PUBLIC        tm1_bit
  D:0098H         PUBLIC        SCON
  C:3934H         PUBLIC        UartInit
  B:0021H.2       PUBLIC        tm2_bit
  D:0089H         PUBLIC        TMOD
  D:0088H         PUBLIC        TCON
  B:0021H.3       PUBLIC        tm3_bit
  B:0021H.4       PUBLIC        tm4_bit
  I:0078H         PUBLIC        temp
  B:0021H.5       PUBLIC        tm5_bit
  B:00B0H.6       PUBLIC        TM1722_STB
  X:0249H         PUBLIC        ID_new
  B:0021H.6       PUBLIC        tm6_bit
  X:0250H         PUBLIC        cptr
  I:0086H         PUBLIC        g_need_process_datas
  D:00AFH         PUBLIC        IE2
  C:3AE6H         PUBLIC        Delay50us
  X:0252H         PUBLIC        tm_set1
  D:008EH         PUBLIC        AUXR
  C:1C1DH         PUBLIC        tm0_isr
  C:3995H         PUBLIC        fan_close_save
  X:0253H         PUBLIC        tm_set2
  C:37ACH         PUBLIC        p1_dis
  X:0254H         PUBLIC        tm_set3
  D:00C7H         PUBLIC        IAP_CONTR
  C:37DBH         PUBLIC        p2_dis
  X:0255H         PUBLIC        tm_set4
  X:0256H         PUBLIC        tm_set5
  C:397DH         PUBLIC        fan_power_read
  X:0257H         PUBLIC        tm_set6
  D:00F1H         PUBLIC        PWMCFG
  C:1DA3H         PUBLIC        ID_read_ok
  X:0258H         PUBLIC        fan_power
  C:36F0H         PUBLIC        mode_dis
  I:0087H         PUBLIC        tm1_pwm
  B:00A8H.1       PUBLIC        ET0
  I:0089H         PUBLIC        tm2_pwm
BL51 BANKED LINKER/LOCATER V6.22.4.0                                                  11/08/2024  16:16:15  PAGE 12


  B:0088H.5       PUBLIC        TF0
  C:3A8CH         PUBLIC        Timer0Init
  I:008BH         PUBLIC        tm3_pwm
  I:008DH         PUBLIC        tm4_pwm
  D:008CH         PUBLIC        TH0
  I:008FH         PUBLIC        tm5_pwm
  C:3A9FH         PUBLIC        Timer3Init
  I:0091H         PUBLIC        LowRH
  I:0092H         PUBLIC        tm6_pwm
  D:00D6H         PUBLIC        T2H
  D:00D4H         PUBLIC        T3H
  D:008AH         PUBLIC        TL0
  B:0021H.7       PUBLIC        fan_close_bit
  B:0022H.0       PUBLIC        power_bit
  B:0022H.1       PUBLIC        save_bit
  I:0094H         PUBLIC        LowRL
  D:00D7H         PUBLIC        T2L
  D:00D5H         PUBLIC        T3L
  C:3516H         PUBLIC        _TM1722_Write_Byte
  X:0259H         PUBLIC        g_current_need_times
  X:025BH         PUBLIC        g_recv_buffer_index
  D:00C2H         PUBLIC        IAP_DATA
  B:0088H.4       PUBLIC        TR0
  B:0022H.2       PUBLIC        fan_bit
  I:0095H         PUBLIC        power_cnt
  I:0096H         PUBLIC        fan_close_cnt
  C:33B9H         PUBLIC        _fan_dis
  C:258AH         PUBLIC        _get_temperature
  I:0097H         PUBLIC        save_cnt
  X:025DH         PUBLIC        g_recv_buffer
  D:00C1H         PUBLIC        WDT_CONTR
  C:2F97H         PUBLIC        _Temperature_LPF
  I:0098H         PUBLIC        mode_num
  I:0099H         PUBLIC        recv_cnt
  C:394DH         PUBLIC        fan_power_save
  C:35D6H         PUBLIC        temp_dis
  C:3049H         PUBLIC        _TM1722_Write_Word
  C:3965H         PUBLIC        hot_power_read
  B:0022H.3       PUBLIC        auto_bit
  B:0022H.4       PUBLIC        clk_bit
  D:009DH         PUBLIC        P1ASF
  I:009AH         PUBLIC        fan_cnt
  X:029DH         PUBLIC        hot_power
  D:00D1H         PUBLIC        T4T3M
  C:39ACH         PUBLIC        fan_stop
  C:3ADAH         PUBLIC        InitADC
  B:0022H.5       PUBLIC        dis_HT_bit
  I:009BH         PUBLIC        lcd_03h
  D:00BEH         PUBLIC        ADC_RESL
  B:00A0H.0       PUBLIC        lcd_bl
  B:0080H.5       PUBLIC        hot_fan
  I:009CH         PUBLIC        lcd_06h
  I:009DH         PUBLIC        lcd_07h
  B:00C0H.4       PUBLIC        led1
  B:00A0H.6       PUBLIC        led2
  I:009EH         PUBLIC        fan_num
  B:00C0H.3       PUBLIC        led3
BL51 BANKED LINKER/LOCATER V6.22.4.0                                                  11/08/2024  16:16:15  PAGE 13


  I:009FH         PUBLIC        temp1
  I:00A1H         PUBLIC        key_buf
  C:371FH         PUBLIC        bf_dis
  B:0022H.6       PUBLIC        hot_HT_bit
  B:00A0H.5       PUBLIC        led4
  I:00A2H         PUBLIC        temp2
  I:00A4H         PUBLIC        temp_num
  B:0022H.7       PUBLIC        fan_close_ok
  B:00C0H.2       PUBLIC        led5
  I:00A5H         PUBLIC        temp3
  X:029EH         PUBLIC        g_need_times
  C:39D8H         PUBLIC        save_mode_num
  B:00A0H.4       PUBLIC        led6
  I:00A7H         PUBLIC        temp4
  I:00A9H         PUBLIC        fan_pwm
  B:0023H.0       PUBLIC        t1_work_bit
  C:3AF0H         PUBLIC        fan_run
  C:377DH         PUBLIC        cur_dis
  C:2EEDH         PUBLIC        read_mode_wr_data
  I:00ABH         PUBLIC        temp5
  B:0023H.1       PUBLIC        t2_work_bit
  C:39ECH         PUBLIC        hot_dis
  C:3868H         PUBLIC        _GetADCResult
  B:0023H.2       PUBLIC        PWMOUT
  I:00ADH         PUBLIC        temp6
  B:0023H.3       PUBLIC        t3_work_bit
  C:374EH         PUBLIC        set_dis
  B:0023H.4       PUBLIC        key_find_bit
  B:0023H.5       PUBLIC        t4_work_bit
  C:38A1H         PUBLIC        hot_power_save
  I:00AFH         PUBLIC        mode_wr
  C:2E4DH         PUBLIC        dis1
  B:0023H.6       PUBLIC        tm1_on_bit
  D:00C6H         PUBLIC        IAP_TRIG
  C:36C1H         PUBLIC        jg_dis
  B:0023H.7       PUBLIC        tm2_on_bit
  C:30DDH         PUBLIC        t3int
  B:0024H.0       PUBLIC        tm3_on_bit
  B:0024H.1       PUBLIC        tm4_on_bit
  I:00B9H         PUBLIC        last_error1
  B:0024H.2       PUBLIC        tm5_on_bit
  I:00BBH         PUBLIC        last_error2
  B:0024H.3       PUBLIC        tb_bit
  B:0024H.4       PUBLIC        tm6_on_bit
  I:00BDH         PUBLIC        last_error3
  C:3692H         PUBLIC        tb_dis
  I:00BFH         PUBLIC        last_error4
  C:3A78H         PUBLIC        s13_dis
  B:0024H.5       PUBLIC        uart_ok
  I:00C1H         PUBLIC        cnt3
  I:00C2H         PUBLIC        last_error5
  C:380AH         PUBLIC        s14_dis
  I:00C4H         PUBLIC        cnt4
  B:0024H.6       PUBLIC        mode_num_bit
  I:00C5H         PUBLIC        last_error6
  D:00D0H         PUBLIC        PSW
  C:3839H         PUBLIC        s15_dis
BL51 BANKED LINKER/LOCATER V6.22.4.0                                                  11/08/2024  16:16:15  PAGE 14


  B:0024H.7       PUBLIC        dis_temp_bit
  I:00C7H         PUBLIC        cnt5
  B:0025H.0       PUBLIC        zb_bit
  D:0094H         PUBLIC        P0M0
  -------         PROC          ID_READ_OK
  -------         DO            
  D:0007H         SYMBOL        i
  -------         ENDDO         
  C:1DA3H         LINE#         500
  C:1DA3H         LINE#         501
  C:1DA3H         LINE#         503
  C:1DADH         LINE#         504
  C:1DAFH         LINE#         505
  C:1DAFH         LINE#         506
  C:1DCDH         LINE#         507
  C:1DD2H         LINE#         509
  C:1DF7H         LINE#         510
  C:1E1AH         LINE#         511
  C:1E3DH         LINE#         512
  C:1E60H         LINE#         513
  C:1E83H         LINE#         514
  C:1EA6H         LINE#         515
  C:1EC9H         LINE#         517
  C:1ED2H         LINE#         518
  C:1ED3H         LINE#         519
  C:1ED3H         LINE#         520
  C:1EF1H         LINE#         521
  C:1EF6H         LINE#         524
  C:1EF8H         LINE#         525
  C:1F15H         LINE#         527
  C:1F1AH         LINE#         528
  C:1F1CH         LINE#         530
  -------         ENDPROC       ID_READ_OK
  C:2585H         SYMBOL        L?0610
  -------         PROC          L?0609
  -------         ENDPROC       L?0609
  C:2585H         SYMBOL        L?0610
  -------         PROC          _GET_TEMPERATURE
  D:0004H         SYMBOL        adc
  -------         DO            
  X:02A0H         SYMBOL        p
  X:02A2H         SYMBOL        i
  D:0006H         SYMBOL        j
  X:02A4H         SYMBOL        k
  D:0002H         SYMBOL        min
  D:0007H         SYMBOL        max
  -------         ENDDO         
  C:258AH         LINE#         540
  C:258EH         LINE#         541
  C:258EH         LINE#         547
  C:2598H         LINE#         551
  C:259AH         LINE#         552
  C:259CH         LINE#         554
  C:259DH         LINE#         555
  C:259DH         LINE#         556
  C:25A9H         LINE#         557
  C:25DEH         LINE#         558
BL51 BANKED LINKER/LOCATER V6.22.4.0                                                  11/08/2024  16:16:15  PAGE 15


  C:25DFH         LINE#         559
  C:25E4H         LINE#         560
  C:260AH         LINE#         561
  C:2630H         LINE#         563
  C:2630H         LINE#         564
  C:2635H         LINE#         565
  C:2635H         LINE#         566
  C:2636H         LINE#         567
  C:265EH         LINE#         568
  C:2681H         LINE#         569
  C:2681H         LINE#         570
  C:2682H         LINE#         573
  C:268CH         LINE#         576
  C:268CH         LINE#         577
  C:268CH         LINE#         578
  C:268CH         LINE#         579
  C:268CH         LINE#         580
  C:2694H         LINE#         581
  -------         ENDPROC       _GET_TEMPERATURE
  C:38FBH         SYMBOL        L?0604
  -------         PROC          L?0603
  -------         ENDPROC       L?0603
  C:38FBH         SYMBOL        L?0604
  -------         PROC          _DELAY1MS
  D:0006H         SYMBOL        dd
  -------         DO            
  D:0005H         SYMBOL        i
  D:0004H         SYMBOL        j
  -------         ENDDO         
  C:38FFH         LINE#         586
  C:38FFH         LINE#         587
  C:38FFH         LINE#         589
  C:3903H         LINE#         590
  C:3904H         LINE#         591
  C:3905H         LINE#         592
  C:3906H         LINE#         593
  C:3908H         LINE#         594
  C:390AH         LINE#         596
  C:390AH         LINE#         597
  C:390CH         LINE#         598
  C:390EH         LINE#         600
  C:3911H         LINE#         601
  C:3916H         LINE#         602
  C:3918H         LINE#         603
  -------         ENDPROC       _DELAY1MS
  -------         PROC          UARTINIT
  C:3934H         LINE#         610
  C:3934H         LINE#         611
  C:3934H         LINE#         612
  C:3937H         LINE#         620
  C:393AH         LINE#         621
  C:393DH         LINE#         622
  C:3940H         LINE#         623
  C:3943H         LINE#         624
  C:3946H         LINE#         625
  C:3948H         LINE#         626
  C:394AH         LINE#         627
BL51 BANKED LINKER/LOCATER V6.22.4.0                                                  11/08/2024  16:16:15  PAGE 16


  C:394CH         LINE#         632
  -------         ENDPROC       UARTINIT
  -------         PROC          TIMER0INIT
  C:3A8CH         LINE#         635
  C:3A8CH         LINE#         636
  C:3A8CH         LINE#         637
  C:3A8FH         LINE#         638
  C:3A92H         LINE#         639
  C:3A95H         LINE#         640
  C:3A98H         LINE#         641
  C:3A9AH         LINE#         642
  C:3A9CH         LINE#         643
  C:3A9EH         LINE#         644
  -------         ENDPROC       TIMER0INIT
  -------         PROC          TIMER3INIT
  C:3A9FH         LINE#         649
  C:3A9FH         LINE#         650
  C:3A9FH         LINE#         651
  C:3AA2H         LINE#         652
  C:3AA5H         LINE#         653
  C:3AA8H         LINE#         654
  C:3AABH         LINE#         655
  C:3AAEH         LINE#         656
  -------         ENDPROC       TIMER3INIT
  -------         PROC          IAPIDLE
  C:3ACDH         LINE#         666
  C:3ACDH         LINE#         667
  C:3ACDH         LINE#         668
  C:3AD0H         LINE#         669
  C:3AD2H         LINE#         670
  C:3AD4H         LINE#         671
  C:3AD7H         LINE#         672
  C:3AD9H         LINE#         673
  -------         ENDPROC       IAPIDLE
  C:3919H         SYMBOL        L?0608
  -------         PROC          L?0607
  -------         ENDPROC       L?0607
  C:3919H         SYMBOL        L?0608
  -------         PROC          _IAPREADBYTE
  D:0006H         SYMBOL        addr
  -------         DO            
  D:0007H         SYMBOL        dat
  -------         ENDDO         
  C:391DH         LINE#         678
  C:391DH         LINE#         679
  C:391DH         LINE#         682
  C:3920H         LINE#         683
  C:3923H         LINE#         684
  C:3925H         LINE#         685
  C:3928H         LINE#         686
  C:392BH         LINE#         687
  C:392EH         LINE#         688
  C:392FH         LINE#         689
  C:3931H         LINE#         690
  -------         ENDPROC       _IAPREADBYTE
  C:38B9H         SYMBOL        L?0602
  -------         PROC          L?0601
BL51 BANKED LINKER/LOCATER V6.22.4.0                                                  11/08/2024  16:16:15  PAGE 17


  -------         ENDPROC       L?0601
  C:38B9H         SYMBOL        L?0602
  -------         PROC          _IAPPROGRAMBYTE
  D:0006H         SYMBOL        addr
  D:0005H         SYMBOL        dat
  C:38C3H         LINE#         698
  C:38C3H         LINE#         699
  C:38C3H         LINE#         700
  C:38C6H         LINE#         701
  C:38C9H         LINE#         702
  C:38CBH         LINE#         703
  C:38CEH         LINE#         704
  C:38D2H         LINE#         705
  C:38D5H         LINE#         706
  C:38D8H         LINE#         707
  C:38D9H         LINE#         708
  -------         ENDPROC       _IAPPROGRAMBYTE
  -------         PROC          _IAPERASESECTOR
  D:0006H         SYMBOL        addr
  C:000EH         LINE#         714
  C:000EH         LINE#         715
  C:000EH         LINE#         716
  C:0011H         LINE#         717
  C:0014H         LINE#         718
  C:0016H         LINE#         719
  C:0019H         LINE#         720
  C:001CH         LINE#         721
  C:001FH         LINE#         722
  C:0020H         LINE#         723
  -------         ENDPROC       _IAPERASESECTOR
  -------         PROC          SAVE_MODE_NUM
  -------         DO            
  D:0004H         SYMBOL        addr
  -------         ENDDO         
  C:39D8H         LINE#         728
  C:39D8H         LINE#         729
  C:39D8H         LINE#         732
  C:39DBH         LINE#         733
  C:39DDH         LINE#         734
  C:39E2H         LINE#         736
  C:39E9H         LINE#         739
  C:39EBH         LINE#         740
  -------         ENDPROC       SAVE_MODE_NUM
  -------         PROC          FAN_CLOSE_SAVE
  -------         DO            
  D:0004H         SYMBOL        addr
  -------         ENDDO         
  C:3995H         LINE#         743
  C:3995H         LINE#         744
  C:3995H         LINE#         747
  C:3999H         LINE#         748
  C:399BH         LINE#         749
  C:39A2H         LINE#         751
  C:39A9H         LINE#         754
  C:39ABH         LINE#         756
  -------         ENDPROC       FAN_CLOSE_SAVE
  -------         PROC          L?0612
BL51 BANKED LINKER/LOCATER V6.22.4.0                                                  11/08/2024  16:16:15  PAGE 18


  -------         ENDPROC       L?0612
  -------         PROC          HOT_POWER_SAVE
  -------         DO            
  D:0004H         SYMBOL        addr
  -------         ENDDO         
  C:38A1H         LINE#         762
  C:38A1H         LINE#         763
  C:38A1H         LINE#         766
  C:38A5H         LINE#         767
  C:38A7H         LINE#         768
  C:38AEH         LINE#         770
  C:38B6H         LINE#         773
  C:38B8H         LINE#         775
  -------         ENDPROC       HOT_POWER_SAVE
  -------         PROC          FAN_POWER_SAVE
  -------         DO            
  D:0004H         SYMBOL        addr
  -------         ENDDO         
  C:394DH         LINE#         778
  C:394DH         LINE#         779
  C:394DH         LINE#         782
  C:3951H         LINE#         783
  C:3953H         LINE#         784
  C:395AH         LINE#         786
  C:3962H         LINE#         789
  C:3964H         LINE#         791
  -------         ENDPROC       FAN_POWER_SAVE
  -------         PROC          FAN_CLOSE_READ
  -------         DO            
  D:0006H         SYMBOL        addr
  -------         ENDDO         
  C:38DCH         LINE#         794
  C:38DCH         LINE#         795
  C:38DCH         LINE#         798
  C:38E0H         LINE#         799
  C:38E2H         LINE#         800
  C:38E9H         LINE#         801
  C:38EBH         LINE#         803
  C:38FAH         LINE#         804
  -------         ENDPROC       FAN_CLOSE_READ
  -------         PROC          HOT_POWER_READ
  -------         DO            
  D:0006H         SYMBOL        addr
  -------         ENDDO         
  C:3965H         LINE#         807
  C:3965H         LINE#         808
  C:3965H         LINE#         811
  C:3969H         LINE#         812
  C:396BH         LINE#         813
  C:3973H         LINE#         814
  C:3975H         LINE#         816
  C:397CH         LINE#         818
  -------         ENDPROC       HOT_POWER_READ
  -------         PROC          FAN_POWER_READ
  -------         DO            
  D:0006H         SYMBOL        addr
  -------         ENDDO         
BL51 BANKED LINKER/LOCATER V6.22.4.0                                                  11/08/2024  16:16:15  PAGE 19


  C:397DH         LINE#         822
  C:397DH         LINE#         823
  C:397DH         LINE#         826
  C:3981H         LINE#         827
  C:3983H         LINE#         828
  C:398BH         LINE#         829
  C:398DH         LINE#         831
  C:3994H         LINE#         833
  -------         ENDPROC       FAN_POWER_READ
  -------         PROC          READ_MODE_WR_DATA
  C:2EEDH         LINE#         836
  C:2EEDH         LINE#         837
  C:2EEDH         LINE#         838
  C:2EF4H         LINE#         839
  C:2EFAH         LINE#         840
  C:2F00H         LINE#         841
  C:2F06H         LINE#         843
  C:2F0DH         LINE#         844
  C:2F11H         LINE#         845
  C:2F15H         LINE#         846
  C:2F19H         LINE#         847
  C:2F1DH         LINE#         848
  C:2F21H         LINE#         850
  C:2F30H         LINE#         851
  C:2F3AH         LINE#         852
  C:2F44H         LINE#         853
  C:2F4EH         LINE#         855
  C:2F5AH         LINE#         856
  C:2F66H         LINE#         857
  C:2F72H         LINE#         858
  C:2F7EH         LINE#         859
  C:2F8AH         LINE#         860
  C:2F96H         LINE#         862
  -------         ENDPROC       READ_MODE_WR_DATA
  -------         PROC          SAVE_MODE_WR
  -------         DO            
  D:0004H         SYMBOL        n
  D:0002H         SYMBOL        addr
  -------         ENDDO         
  C:2BC5H         LINE#         865
  C:2BC5H         LINE#         866
  C:2BC5H         LINE#         870
  C:2BCBH         LINE#         871
  C:2BD1H         LINE#         872
  C:2BD7H         LINE#         873
  C:2BDDH         LINE#         875
  C:2BE3H         LINE#         876
  C:2BE7H         LINE#         877
  C:2BEBH         LINE#         878
  C:2BEFH         LINE#         879
  C:2BF3H         LINE#         880
  C:2BF7H         LINE#         882
  C:2BFFH         LINE#         883
  C:2BFFH         LINE#         884
  C:2C02H         LINE#         885
  C:2C04H         LINE#         886
  C:2C0AH         LINE#         887
BL51 BANKED LINKER/LOCATER V6.22.4.0                                                  11/08/2024  16:16:15  PAGE 20


  C:2C19H         LINE#         888
  C:2C1BH         LINE#         889
  C:2C1CH         LINE#         891
  C:2C21H         LINE#         892
  C:2C21H         LINE#         893
  C:2C24H         LINE#         894
  C:2C26H         LINE#         895
  C:2C2CH         LINE#         896
  C:2C3BH         LINE#         897
  C:2C3DH         LINE#         898
  C:2C3EH         LINE#         900
  C:2C43H         LINE#         901
  C:2C43H         LINE#         902
  C:2C46H         LINE#         903
  C:2C48H         LINE#         904
  C:2C4EH         LINE#         905
  C:2C5DH         LINE#         906
  C:2C5FH         LINE#         907
  C:2C60H         LINE#         909
  C:2C65H         LINE#         910
  C:2C65H         LINE#         911
  C:2C68H         LINE#         912
  C:2C6AH         LINE#         913
  C:2C70H         LINE#         914
  C:2C7FH         LINE#         915
  C:2C81H         LINE#         916
  C:2C82H         LINE#         918
  C:2C87H         LINE#         919
  C:2C87H         LINE#         920
  C:2C8AH         LINE#         921
  C:2C8CH         LINE#         922
  C:2C92H         LINE#         923
  C:2CA1H         LINE#         924
  C:2CA3H         LINE#         925
  C:2CA3H         LINE#         926
  -------         ENDPROC       SAVE_MODE_WR
  -------         PROC          READ_MODE
  -------         DO            
  D:0006H         SYMBOL        addr
  -------         ENDDO         
  C:3AAFH         LINE#         929
  C:3AAFH         LINE#         930
  C:3AAFH         LINE#         932
  C:3AB1H         LINE#         933
  C:3AB4H         LINE#         934
  C:3ABBH         LINE#         936
  C:3ABDH         LINE#         939
  -------         ENDPROC       READ_MODE
  -------         PROC          READ_DATA
  -------         DO            
  D:0002H         SYMBOL        addr
  D:0005H         SYMBOL        n
  -------         ENDDO         
  C:2D7BH         LINE#         942
  C:2D7BH         LINE#         943
  C:2D7BH         LINE#         947
  C:2D8AH         LINE#         949
BL51 BANKED LINKER/LOCATER V6.22.4.0                                                  11/08/2024  16:16:15  PAGE 21


  C:2D92H         LINE#         950
  C:2D92H         LINE#         951
  C:2D94H         LINE#         952
  C:2D97H         LINE#         953
  C:2DABH         LINE#         954
  C:2DADH         LINE#         955
  C:2DB0H         LINE#         957
  C:2DB5H         LINE#         958
  C:2DB5H         LINE#         959
  C:2DB7H         LINE#         960
  C:2DBAH         LINE#         961
  C:2DCEH         LINE#         962
  C:2DD0H         LINE#         963
  C:2DD2H         LINE#         965
  C:2DDAH         LINE#         966
  C:2DDAH         LINE#         967
  C:2DDCH         LINE#         968
  C:2DDFH         LINE#         969
  C:2DF3H         LINE#         970
  C:2DF5H         LINE#         971
  C:2DF7H         LINE#         973
  C:2DFCH         LINE#         974
  C:2DFCH         LINE#         975
  C:2DFEH         LINE#         976
  C:2E01H         LINE#         977
  C:2E15H         LINE#         978
  C:2E17H         LINE#         979
  C:2E19H         LINE#         981
  C:2E20H         LINE#         982
  C:2E20H         LINE#         983
  C:2E22H         LINE#         984
  C:2E25H         LINE#         985
  C:2E39H         LINE#         986
  C:2E3BH         LINE#         987
  C:2E3BH         LINE#         989
  -------         ENDPROC       READ_DATA
  -------         PROC          INITADC
  C:3ADAH         LINE#         1005
  C:3ADAH         LINE#         1006
  C:3ADAH         LINE#         1007
  C:3ADDH         LINE#         1008
  C:3AE0H         LINE#         1009
  C:3AE2H         LINE#         1010
  C:3AE5H         LINE#         1012
  -------         ENDPROC       INITADC
  -------         PROC          _GETADCRESULT
  D:0007H         SYMBOL        ch
  -------         DO            
  D:0004H         SYMBOL        dd
  -------         ENDDO         
  C:3868H         LINE#         1017
  C:3868H         LINE#         1018
  C:3868H         LINE#         1019
  C:386BH         LINE#         1021
  C:3870H         LINE#         1022
  C:3871H         LINE#         1023
  C:3872H         LINE#         1024
BL51 BANKED LINKER/LOCATER V6.22.4.0                                                  11/08/2024  16:16:15  PAGE 22


  C:3873H         LINE#         1025
  C:3874H         LINE#         1026
  C:3879H         LINE#         1027
  C:387CH         LINE#         1029
  C:3882H         LINE#         1030
  C:388FH         LINE#         1031
  C:3893H         LINE#         1032
  C:3894H         LINE#         1033
  -------         ENDPROC       _GETADCRESULT
  -------         PROC          _TEMPERATURE_LPF
  D:0003H         SYMBOL        ch
  -------         DO            
  D:0004H         SYMBOL        a
  D:0002H         SYMBOL        i
  D:0007H         SYMBOL        j
  D:0006H         SYMBOL        k
  -------         ENDDO         
  C:2F97H         LINE#         1037
  C:2F99H         LINE#         1038
  C:2F99H         LINE#         1041
  C:2F9BH         LINE#         1042
  C:2F9BH         LINE#         1043
  C:2FABH         LINE#         1044
  C:2FB2H         LINE#         1045
  C:2FB7H         LINE#         1046
  C:2FB9H         LINE#         1047
  C:2FB9H         LINE#         1048
  C:2FC1H         LINE#         1049
  C:2FC1H         LINE#         1050
  C:2FD9H         LINE#         1051
  C:2FD9H         LINE#         1052
  C:2FD9H         LINE#         1053
  C:2FEFH         LINE#         1054
  C:2FFAH         LINE#         1055
  C:2FFAH         LINE#         1056
  C:2FFDH         LINE#         1057
  C:3002H         LINE#         1058
  C:300DH         LINE#         1060
  -------         ENDPROC       _TEMPERATURE_LPF
  -------         PROC          _SEND_BUFFER
  X:02C0H         SYMBOL        buf
  D:0004H         SYMBOL        len
  C:3570H         LINE#         1082
  C:357BH         LINE#         1083
  C:357BH         LINE#         1084
  C:3585H         LINE#         1085
  C:3587H         LINE#         1086
  C:359CH         LINE#         1087
  C:359FH         LINE#         1088
  C:35A1H         LINE#         1089
  C:35A3H         LINE#         1090
  -------         ENDPROC       _SEND_BUFFER
  -------         PROC          DELAY50US
  -------         DO            
  D:0007H         SYMBOL        i
  D:0006H         SYMBOL        j
  -------         ENDDO         
BL51 BANKED LINKER/LOCATER V6.22.4.0                                                  11/08/2024  16:16:15  PAGE 23


  C:3AE6H         LINE#         1098
  C:3AE6H         LINE#         1099
  C:3AE6H         LINE#         1102
  C:3AE7H         LINE#         1103
  C:3AE9H         LINE#         1104
  C:3AEBH         LINE#         1106
  C:3AEBH         LINE#         1107
  C:3AEDH         LINE#         1108
  C:3AEFH         LINE#         1110
  -------         ENDPROC       DELAY50US
  C:34F2H         SYMBOL        L?0592
  C:350DH         SYMBOL        L?0593
  C:350FH         SYMBOL        L?0594
  -------         PROC          L?0591
  -------         ENDPROC       L?0591
  C:34F2H         SYMBOL        L?0592
  C:350DH         SYMBOL        L?0593
  C:350FH         SYMBOL        L?0594
  -------         PROC          _TM1722_WRITE_BYTE
  D:0005H         SYMBOL        dat
  -------         DO            
  D:0007H         SYMBOL        i
  -------         ENDDO         
  C:3516H         LINE#         1122
  C:3518H         LINE#         1123
  C:3518H         LINE#         1126
  C:351BH         LINE#         1127
  C:351DH         LINE#         1128
  C:351FH         LINE#         1129
  C:351FH         LINE#         1130
  C:3521H         LINE#         1131
  C:3525H         LINE#         1132
  C:3527H         LINE#         1133
  C:352BH         LINE#         1134
  C:3530H         LINE#         1135
  -------         ENDPROC       _TM1722_WRITE_BYTE
  -------         PROC          L?0611
  -------         ENDPROC       L?0611
  -------         PROC          _TM1722_WRITE_WORD
  D:0002H         SYMBOL        num_addr
  D:0005H         SYMBOL        num
  -------         DO            
  X:02A5H         SYMBOL        temp1
  D:0004H         SYMBOL        temp2
  D:0001H         SYMBOL        addr1
  D:0003H         SYMBOL        addr2
  C:30CFH         SYMBOL        next_num1
  -------         ENDDO         
  C:3049H         LINE#         1148
  C:304BH         LINE#         1149
  C:304BH         LINE#         1154
  C:307BH         LINE#         1155
  C:3091H         LINE#         1156
  C:30A8H         LINE#         1160
  C:30AAH         LINE#         1161
  C:30ACH         LINE#         1162
  C:30AEH         LINE#         1163
BL51 BANKED LINKER/LOCATER V6.22.4.0                                                  11/08/2024  16:16:15  PAGE 24


  C:30B3H         LINE#         1164
  C:30B5H         LINE#         1165
  C:30BAH         LINE#         1166
  C:30BCH         LINE#         1168
  C:30C0H         LINE#         1170
  C:30C5H         LINE#         1171
  C:30CDH         LINE#         1172
  C:30CFH         LINE#         1174
  C:30D0H         LINE#         1176
  C:30D5H         LINE#         1177
  C:30D7H         LINE#         1178
  C:30D7H         LINE#         1180
  C:30DAH         LINE#         1181
  C:30DCH         LINE#         1183
  -------         ENDPROC       _TM1722_WRITE_WORD
  C:33B5H         SYMBOL        L?0614
  -------         PROC          L?0613
  -------         ENDPROC       L?0613
  C:33B5H         SYMBOL        L?0614
  -------         PROC          _FAN_DIS
  D:0007H         SYMBOL        num
  C:33B9H         LINE#         1186
  C:33B9H         LINE#         1187
  C:33B9H         LINE#         1188
  C:33C5H         LINE#         1189
  C:33D4H         LINE#         1190
  C:33E3H         LINE#         1191
  C:33F2H         LINE#         1192
  C:3401H         LINE#         1193
  C:3410H         LINE#         1194
  C:341DH         LINE#         1196
  C:341FH         LINE#         1197
  C:3421H         LINE#         1198
  C:3423H         LINE#         1199
  C:3428H         LINE#         1200
  C:342AH         LINE#         1201
  C:342FH         LINE#         1202
  C:3431H         LINE#         1205
  C:3436H         LINE#         1206
  C:3438H         LINE#         1207
  C:3438H         LINE#         1209
  C:343BH         LINE#         1210
  C:343DH         LINE#         1212
  -------         ENDPROC       _FAN_DIS
  -------         PROC          _LCD_CLEAR
  D:0007H         SYMBOL        dat
  C:332AH         LINE#         1222
  C:332AH         LINE#         1223
  C:332AH         LINE#         1225
  C:332EH         LINE#         1226
  C:3331H         LINE#         1227
  C:3334H         LINE#         1228
  C:3338H         LINE#         1229
  C:333BH         LINE#         1230
  C:333FH         LINE#         1231
  C:3343H         LINE#         1233
  C:3345H         LINE#         1234
BL51 BANKED LINKER/LOCATER V6.22.4.0                                                  11/08/2024  16:16:15  PAGE 25


  C:3347H         LINE#         1235
  C:3349H         LINE#         1236
  C:334EH         LINE#         1237
  C:3350H         LINE#         1238
  C:3355H         LINE#         1239
  C:3357H         LINE#         1242
  C:335CH         LINE#         1243
  C:3363H         LINE#         1244
  C:3365H         LINE#         1246
  C:336AH         LINE#         1247
  C:3370H         LINE#         1248
  C:3372H         LINE#         1250
  C:3377H         LINE#         1251
  C:337DH         LINE#         1252
  C:337FH         LINE#         1254
  C:3384H         LINE#         1255
  C:338BH         LINE#         1256
  C:338DH         LINE#         1259
  C:3392H         LINE#         1260
  C:3398H         LINE#         1261
  C:339AH         LINE#         1263
  C:339FH         LINE#         1264
  C:33A6H         LINE#         1265
  C:33A8H         LINE#         1267
  C:33ADH         LINE#         1268
  C:33AFH         LINE#         1269
  C:33AFH         LINE#         1271
  C:33B2H         LINE#         1272
  C:33B4H         LINE#         1274
  -------         ENDPROC       _LCD_CLEAR
  C:2E40H         SYMBOL        L?0596
  C:2E43H         SYMBOL        L?0597
  C:2E44H         SYMBOL        L?0598
  C:2E46H         SYMBOL        L?0599
  C:2E49H         SYMBOL        L?0600
  -------         PROC          L?0595
  -------         ENDPROC       L?0595
  C:2E40H         SYMBOL        L?0596
  C:2E43H         SYMBOL        L?0597
  C:2E44H         SYMBOL        L?0598
  C:2E46H         SYMBOL        L?0599
  C:2E49H         SYMBOL        L?0600
  -------         PROC          DIS1
  B:0026H.1       SYMBOL        sss
  X:02A0H         SYMBOL        ss
  -------         DO            
  X:02A2H         SYMBOL        a1
  X:02A3H         SYMBOL        a2
  X:02A4H         SYMBOL        a3
  -------         ENDDO         
  C:2E4DH         LINE#         1278
  C:2E4DH         LINE#         1279
  C:2E4DH         LINE#         1281
  C:2E53H         LINE#         1282
  C:2E53H         LINE#         1283
  C:2E75H         LINE#         1284
  C:2E90H         LINE#         1285
BL51 BANKED LINKER/LOCATER V6.22.4.0                                                  11/08/2024  16:16:15  PAGE 26


  C:2EA4H         LINE#         1287
  C:2EAEH         LINE#         1288
  C:2EB8H         LINE#         1290
  C:2EC6H         LINE#         1291
  C:2ED0H         LINE#         1293
  C:2ED5H         LINE#         1295
  C:2ED7H         LINE#         1297
  C:2ED7H         LINE#         1298
  C:2EDEH         LINE#         1299
  C:2EE5H         LINE#         1300
  C:2EECH         LINE#         1302
  C:2EECH         LINE#         1304
  -------         ENDPROC       DIS1
  -------         PROC          TEMP_DIS
  B:0026H.1       SYMBOL        on_off
  C:35D6H         LINE#         1310
  C:35D6H         LINE#         1311
  C:35D6H         LINE#         1312
  C:35E1H         LINE#         1313
  C:35E4H         LINE#         1315
  C:35E6H         LINE#         1316
  C:35E8H         LINE#         1317
  C:35EAH         LINE#         1318
  C:35EFH         LINE#         1319
  C:35F1H         LINE#         1320
  C:35F6H         LINE#         1321
  C:35F8H         LINE#         1323
  C:35FDH         LINE#         1324
  C:35FFH         LINE#         1325
  C:35FFH         LINE#         1328
  C:3602H         LINE#         1329
  C:3604H         LINE#         1330
  -------         ENDPROC       TEMP_DIS
  -------         PROC          HOT_DIS
  B:0026H.1       SYMBOL        on_off
  C:39ECH         LINE#         1334
  C:39ECH         LINE#         1335
  C:39ECH         LINE#         1336
  C:39F7H         LINE#         1337
  C:39FAH         LINE#         1339
  C:39FAH         LINE#         1340
  C:39FAH         LINE#         1341
  C:39FAH         LINE#         1342
  C:39FAH         LINE#         1343
  C:39FAH         LINE#         1344
  C:39FAH         LINE#         1345
  C:39FAH         LINE#         1347
  C:39FAH         LINE#         1348
  C:39FAH         LINE#         1349
  C:39FAH         LINE#         1352
  C:39FDH         LINE#         1353
  C:39FFH         LINE#         1354
  -------         ENDPROC       HOT_DIS
  -------         PROC          HOT1_DIS
  B:0025H.1       SYMBOL        on_off
  C:3A00H         LINE#         1358
  C:3A00H         LINE#         1359
BL51 BANKED LINKER/LOCATER V6.22.4.0                                                  11/08/2024  16:16:15  PAGE 27


  C:3A00H         LINE#         1360
  C:3A0BH         LINE#         1361
  C:3A0EH         LINE#         1363
  C:3A0EH         LINE#         1364
  C:3A0EH         LINE#         1365
  C:3A0EH         LINE#         1366
  C:3A0EH         LINE#         1367
  C:3A0EH         LINE#         1368
  C:3A0EH         LINE#         1369
  C:3A0EH         LINE#         1371
  C:3A0EH         LINE#         1372
  C:3A0EH         LINE#         1373
  C:3A0EH         LINE#         1376
  C:3A11H         LINE#         1377
  C:3A13H         LINE#         1378
  -------         ENDPROC       HOT1_DIS
  -------         PROC          HOT2_DIS
  B:0025H.2       SYMBOL        on_off
  C:3A14H         LINE#         1384
  C:3A14H         LINE#         1385
  C:3A14H         LINE#         1386
  C:3A1FH         LINE#         1387
  C:3A22H         LINE#         1389
  C:3A22H         LINE#         1390
  C:3A22H         LINE#         1391
  C:3A22H         LINE#         1392
  C:3A22H         LINE#         1393
  C:3A22H         LINE#         1394
  C:3A22H         LINE#         1395
  C:3A22H         LINE#         1397
  C:3A22H         LINE#         1398
  C:3A22H         LINE#         1399
  C:3A22H         LINE#         1402
  C:3A25H         LINE#         1403
  C:3A27H         LINE#         1404
  -------         ENDPROC       HOT2_DIS
  -------         PROC          HOT3_DIS
  B:0025H.3       SYMBOL        on_off
  C:3A28H         LINE#         1409
  C:3A28H         LINE#         1410
  C:3A28H         LINE#         1411
  C:3A33H         LINE#         1412
  C:3A36H         LINE#         1414
  C:3A36H         LINE#         1415
  C:3A36H         LINE#         1416
  C:3A36H         LINE#         1417
  C:3A36H         LINE#         1418
  C:3A36H         LINE#         1419
  C:3A36H         LINE#         1420
  C:3A36H         LINE#         1422
  C:3A36H         LINE#         1423
  C:3A36H         LINE#         1424
  C:3A36H         LINE#         1427
  C:3A39H         LINE#         1428
  C:3A3BH         LINE#         1429
  -------         ENDPROC       HOT3_DIS
  -------         PROC          H1_DIS
BL51 BANKED LINKER/LOCATER V6.22.4.0                                                  11/08/2024  16:16:15  PAGE 28


  B:0026H.1       SYMBOL        on_off
  C:3605H         LINE#         1435
  C:3605H         LINE#         1436
  C:3605H         LINE#         1437
  C:3610H         LINE#         1438
  C:3613H         LINE#         1440
  C:3615H         LINE#         1441
  C:3617H         LINE#         1442
  C:3619H         LINE#         1443
  C:361EH         LINE#         1444
  C:3620H         LINE#         1445
  C:3625H         LINE#         1446
  C:3627H         LINE#         1448
  C:362CH         LINE#         1449
  C:362EH         LINE#         1450
  C:362EH         LINE#         1453
  C:3631H         LINE#         1454
  C:3633H         LINE#         1455
  -------         ENDPROC       H1_DIS
  -------         PROC          H2_DIS
  B:0026H.1       SYMBOL        on_off
  C:3634H         LINE#         1458
  C:3634H         LINE#         1459
  C:3634H         LINE#         1460
  C:363FH         LINE#         1461
  C:3642H         LINE#         1463
  C:3644H         LINE#         1464
  C:3646H         LINE#         1465
  C:3648H         LINE#         1466
  C:364DH         LINE#         1467
  C:364FH         LINE#         1468
  C:3654H         LINE#         1469
  C:3656H         LINE#         1471
  C:365BH         LINE#         1472
  C:365DH         LINE#         1473
  C:365DH         LINE#         1476
  C:3660H         LINE#         1477
  C:3662H         LINE#         1478
  -------         ENDPROC       H2_DIS
  -------         PROC          H3_DIS
  B:0026H.1       SYMBOL        on_off
  C:3663H         LINE#         1484
  C:3663H         LINE#         1485
  C:3663H         LINE#         1486
  C:366EH         LINE#         1487
  C:3671H         LINE#         1489
  C:3673H         LINE#         1490
  C:3675H         LINE#         1491
  C:3677H         LINE#         1492
  C:367CH         LINE#         1493
  C:367EH         LINE#         1494
  C:3683H         LINE#         1495
  C:3685H         LINE#         1497
  C:368AH         LINE#         1498
  C:368CH         LINE#         1499
  C:368CH         LINE#         1502
  C:368FH         LINE#         1503
BL51 BANKED LINKER/LOCATER V6.22.4.0                                                  11/08/2024  16:16:15  PAGE 29


  C:3691H         LINE#         1504
  -------         ENDPROC       H3_DIS
  -------         PROC          TB_DIS
  B:0025H.4       SYMBOL        on_off
  C:3692H         LINE#         1508
  C:3692H         LINE#         1509
  C:3692H         LINE#         1510
  C:369DH         LINE#         1511
  C:36A0H         LINE#         1513
  C:36A2H         LINE#         1514
  C:36A4H         LINE#         1515
  C:36A6H         LINE#         1516
  C:36ABH         LINE#         1517
  C:36ADH         LINE#         1518
  C:36B2H         LINE#         1519
  C:36B4H         LINE#         1521
  C:36B9H         LINE#         1522
  C:36BBH         LINE#         1523
  C:36BBH         LINE#         1526
  C:36BEH         LINE#         1527
  C:36C0H         LINE#         1528
  -------         ENDPROC       TB_DIS
  -------         PROC          JG_DIS
  B:0025H.5       SYMBOL        on_off
  C:36C1H         LINE#         1536
  C:36C1H         LINE#         1537
  C:36C1H         LINE#         1538
  C:36CCH         LINE#         1539
  C:36CFH         LINE#         1541
  C:36D1H         LINE#         1542
  C:36D3H         LINE#         1543
  C:36D5H         LINE#         1544
  C:36DAH         LINE#         1545
  C:36DCH         LINE#         1546
  C:36E1H         LINE#         1547
  C:36E3H         LINE#         1549
  C:36E8H         LINE#         1550
  C:36EAH         LINE#         1551
  C:36EAH         LINE#         1554
  C:36EDH         LINE#         1555
  C:36EFH         LINE#         1556
  -------         ENDPROC       JG_DIS
  -------         PROC          MODE_DIS
  B:0026H.1       SYMBOL        on_off
  C:36F0H         LINE#         1563
  C:36F0H         LINE#         1564
  C:36F0H         LINE#         1565
  C:36FBH         LINE#         1566
  C:36FEH         LINE#         1568
  C:3700H         LINE#         1569
  C:3702H         LINE#         1570
  C:3704H         LINE#         1571
  C:3709H         LINE#         1572
  C:370BH         LINE#         1573
  C:3710H         LINE#         1574
  C:3712H         LINE#         1576
  C:3717H         LINE#         1577
BL51 BANKED LINKER/LOCATER V6.22.4.0                                                  11/08/2024  16:16:15  PAGE 30


  C:3719H         LINE#         1578
  C:3719H         LINE#         1581
  C:371CH         LINE#         1582
  C:371EH         LINE#         1583
  -------         ENDPROC       MODE_DIS
  -------         PROC          BF_DIS
  B:0025H.6       SYMBOL        on_off
  C:371FH         LINE#         1592
  C:371FH         LINE#         1593
  C:371FH         LINE#         1594
  C:372AH         LINE#         1595
  C:372DH         LINE#         1597
  C:372FH         LINE#         1598
  C:3731H         LINE#         1599
  C:3733H         LINE#         1600
  C:3738H         LINE#         1601
  C:373AH         LINE#         1602
  C:373FH         LINE#         1603
  C:3741H         LINE#         1605
  C:3746H         LINE#         1606
  C:3748H         LINE#         1607
  C:3748H         LINE#         1610
  C:374BH         LINE#         1611
  C:374DH         LINE#         1612
  -------         ENDPROC       BF_DIS
  -------         PROC          SET_DIS
  B:0026H.1       SYMBOL        on_off
  C:374EH         LINE#         1618
  C:374EH         LINE#         1619
  C:374EH         LINE#         1620
  C:3759H         LINE#         1621
  C:375CH         LINE#         1623
  C:375EH         LINE#         1624
  C:3760H         LINE#         1625
  C:3762H         LINE#         1626
  C:3767H         LINE#         1627
  C:3769H         LINE#         1628
  C:376EH         LINE#         1629
  C:3770H         LINE#         1631
  C:3775H         LINE#         1632
  C:3777H         LINE#         1633
  C:3777H         LINE#         1636
  C:377AH         LINE#         1637
  C:377CH         LINE#         1638
  -------         ENDPROC       SET_DIS
  -------         PROC          CUR_DIS
  B:0026H.1       SYMBOL        on_off
  C:377DH         LINE#         1642
  C:377DH         LINE#         1643
  C:377DH         LINE#         1644
  C:3788H         LINE#         1645
  C:378BH         LINE#         1647
  C:378DH         LINE#         1648
  C:378FH         LINE#         1649
  C:3791H         LINE#         1650
  C:3796H         LINE#         1651
  C:3798H         LINE#         1652
BL51 BANKED LINKER/LOCATER V6.22.4.0                                                  11/08/2024  16:16:15  PAGE 31


  C:379DH         LINE#         1653
  C:379FH         LINE#         1655
  C:37A4H         LINE#         1656
  C:37A6H         LINE#         1657
  C:37A6H         LINE#         1660
  C:37A9H         LINE#         1661
  C:37ABH         LINE#         1662
  -------         ENDPROC       CUR_DIS
  -------         PROC          F_DIS
  B:0026H.1       SYMBOL        on_off
  C:3A3CH         LINE#         1667
  C:3A3CH         LINE#         1668
  C:3A3CH         LINE#         1669
  C:3A47H         LINE#         1670
  C:3A4AH         LINE#         1672
  C:3A4AH         LINE#         1673
  C:3A4AH         LINE#         1674
  C:3A4AH         LINE#         1675
  C:3A4AH         LINE#         1676
  C:3A4AH         LINE#         1677
  C:3A4AH         LINE#         1678
  C:3A4AH         LINE#         1680
  C:3A4AH         LINE#         1681
  C:3A4AH         LINE#         1682
  C:3A4AH         LINE#         1685
  C:3A4DH         LINE#         1686
  C:3A4FH         LINE#         1687
  -------         ENDPROC       F_DIS
  -------         PROC          M_DIS
  B:0026H.1       SYMBOL        on_off
  C:3A50H         LINE#         1693
  C:3A50H         LINE#         1694
  C:3A50H         LINE#         1695
  C:3A5BH         LINE#         1696
  C:3A5EH         LINE#         1698
  C:3A5EH         LINE#         1699
  C:3A5EH         LINE#         1700
  C:3A5EH         LINE#         1701
  C:3A5EH         LINE#         1702
  C:3A5EH         LINE#         1703
  C:3A5EH         LINE#         1704
  C:3A5EH         LINE#         1706
  C:3A5EH         LINE#         1707
  C:3A5EH         LINE#         1708
  C:3A5EH         LINE#         1711
  C:3A61H         LINE#         1712
  C:3A63H         LINE#         1713
  -------         ENDPROC       M_DIS
  -------         PROC          R_DIS
  B:0026H.1       SYMBOL        on_off
  C:3A64H         LINE#         1718
  C:3A64H         LINE#         1719
  C:3A64H         LINE#         1720
  C:3A6FH         LINE#         1721
  C:3A72H         LINE#         1723
  C:3A72H         LINE#         1724
  C:3A72H         LINE#         1725
BL51 BANKED LINKER/LOCATER V6.22.4.0                                                  11/08/2024  16:16:15  PAGE 32


  C:3A72H         LINE#         1726
  C:3A72H         LINE#         1727
  C:3A72H         LINE#         1728
  C:3A72H         LINE#         1729
  C:3A72H         LINE#         1731
  C:3A72H         LINE#         1732
  C:3A72H         LINE#         1733
  C:3A72H         LINE#         1736
  C:3A75H         LINE#         1737
  C:3A77H         LINE#         1738
  -------         ENDPROC       R_DIS
  -------         PROC          P1_DIS
  B:0025H.7       SYMBOL        on_off
  C:37ACH         LINE#         1743
  C:37ACH         LINE#         1744
  C:37ACH         LINE#         1745
  C:37B7H         LINE#         1746
  C:37BAH         LINE#         1748
  C:37BCH         LINE#         1749
  C:37BEH         LINE#         1750
  C:37C0H         LINE#         1751
  C:37C5H         LINE#         1752
  C:37C7H         LINE#         1753
  C:37CCH         LINE#         1754
  C:37CEH         LINE#         1756
  C:37D3H         LINE#         1757
  C:37D5H         LINE#         1758
  C:37D5H         LINE#         1761
  C:37D8H         LINE#         1762
  C:37DAH         LINE#         1763
  -------         ENDPROC       P1_DIS
  -------         PROC          P2_DIS
  B:0026H.0       SYMBOL        on_off
  C:37DBH         LINE#         1768
  C:37DBH         LINE#         1769
  C:37DBH         LINE#         1770
  C:37E6H         LINE#         1771
  C:37E9H         LINE#         1773
  C:37EBH         LINE#         1774
  C:37EDH         LINE#         1775
  C:37EFH         LINE#         1776
  C:37F4H         LINE#         1777
  C:37F6H         LINE#         1778
  C:37FBH         LINE#         1779
  C:37FDH         LINE#         1781
  C:3802H         LINE#         1782
  C:3804H         LINE#         1783
  C:3804H         LINE#         1786
  C:3807H         LINE#         1787
  C:3809H         LINE#         1788
  -------         ENDPROC       P2_DIS
  -------         PROC          S13_DIS
  B:0026H.1       SYMBOL        on_off
  C:3A78H         LINE#         1793
  C:3A78H         LINE#         1794
  C:3A78H         LINE#         1795
  C:3A83H         LINE#         1796
BL51 BANKED LINKER/LOCATER V6.22.4.0                                                  11/08/2024  16:16:15  PAGE 33


  C:3A86H         LINE#         1798
  C:3A86H         LINE#         1799
  C:3A86H         LINE#         1800
  C:3A86H         LINE#         1801
  C:3A86H         LINE#         1802
  C:3A86H         LINE#         1803
  C:3A86H         LINE#         1804
  C:3A86H         LINE#         1806
  C:3A86H         LINE#         1807
  C:3A86H         LINE#         1808
  C:3A86H         LINE#         1811
  C:3A89H         LINE#         1812
  C:3A8BH         LINE#         1813
  -------         ENDPROC       S13_DIS
  -------         PROC          S14_DIS
  B:0026H.1       SYMBOL        on_off
  C:380AH         LINE#         1818
  C:380AH         LINE#         1819
  C:380AH         LINE#         1820
  C:3815H         LINE#         1821
  C:3818H         LINE#         1823
  C:381AH         LINE#         1824
  C:381CH         LINE#         1825
  C:381EH         LINE#         1826
  C:3823H         LINE#         1827
  C:3825H         LINE#         1828
  C:382AH         LINE#         1829
  C:382CH         LINE#         1831
  C:3831H         LINE#         1832
  C:3833H         LINE#         1833
  C:3833H         LINE#         1836
  C:3836H         LINE#         1837
  C:3838H         LINE#         1838
  -------         ENDPROC       S14_DIS
  -------         PROC          S15_DIS
  B:0026H.1       SYMBOL        on_off
  C:3839H         LINE#         1841
  C:3839H         LINE#         1842
  C:3839H         LINE#         1843
  C:3844H         LINE#         1844
  C:3847H         LINE#         1846
  C:3849H         LINE#         1847
  C:384BH         LINE#         1848
  C:384DH         LINE#         1849
  C:3852H         LINE#         1850
  C:3854H         LINE#         1851
  C:3859H         LINE#         1852
  C:385BH         LINE#         1854
  C:3860H         LINE#         1855
  C:3862H         LINE#         1856
  C:3862H         LINE#         1859
  C:3865H         LINE#         1860
  C:3867H         LINE#         1861
  -------         ENDPROC       S15_DIS
  -------         PROC          _HOT_SELECT
  D:0007H         SYMBOL        dd
  C:2CA4H         LINE#         1868
BL51 BANKED LINKER/LOCATER V6.22.4.0                                                  11/08/2024  16:16:15  PAGE 34


  C:2CA4H         LINE#         1869
  C:2CA4H         LINE#         1870
  C:2CD1H         LINE#         1871
  C:2CD1H         LINE#         1872
  C:2CE9H         LINE#         1873
  C:2D01H         LINE#         1874
  C:2D14H         LINE#         1875
  C:2D27H         LINE#         1876
  C:2D3FH         LINE#         1877
  C:2D5CH         LINE#         1878
  C:2D7AH         LINE#         1879
  C:2D7AH         LINE#         1882
  -------         ENDPROC       _HOT_SELECT
  -------         PROC          MODE_CHOSE
  C:3533H         LINE#         1889
  C:3533H         LINE#         1890
  C:3533H         LINE#         1891
  C:3536H         LINE#         1893
  C:353BH         LINE#         1896
  C:3554H         LINE#         1899
  C:3559H         LINE#         1900
  C:355EH         LINE#         1902
[...]
  C:1069H         LINE#         198
  C:107DH         LINE#         199
  C:1089H         LINE#         206
  C:109FH         LINE#         207
  C:10A5H         LINE#         208
  C:10ADH         LINE#         209
  C:10B1H         LINE#         210
  C:10B1H         LINE#         215
  C:10C8H         LINE#         216
  C:10D6H         LINE#         217
  C:10DDH         LINE#         218
  C:10EFH         LINE#         219
  C:10F9H         LINE#         220
  C:1101H         LINE#         221
  C:111BH         LINE#         222
  C:111BH         LINE#         223
  C:112CH         LINE#         226
  C:1150H         LINE#         227
  C:1175H         LINE#         229
  C:1199H         LINE#         230
  C:11BDH         LINE#         231
  C:11E1H         LINE#         232
  C:1205H         LINE#         234
  C:122AH         LINE#         235
  C:124FH         LINE#         236
  C:1274H         LINE#         237
  C:1299H         LINE#         238
  C:129CH         LINE#         239
  C:12A7H         LINE#         240
  C:12B4H         LINE#         241
  C:12CCH         LINE#         242
  C:12E5H         LINE#         243
  C:12F3H         LINE#         244
  C:12FCH         LINE#         245
  C:1305H         LINE#         246
  C:1307H         LINE#         248
  C:132AH         LINE#         249
  C:1332H         LINE#         250
  -------         ENDPROC       _FUNCTION_READ_HOLDING_REGISTERS_3
  -------         PROC          _FUNCTION_READ_INPUT_REGISTERS_4
  X:02A9H         SYMBOL        buf
  -------         DO            
  X:02ACH         SYMBOL        ret
  X:02AEH         SYMBOL        out_count
  X:02AFH         SYMBOL        start_address
  X:02B1H         SYMBOL        count
  X:02B3H         SYMBOL        crc
  X:02B5H         SYMBOL        send_total_count
  -------         ENDDO         
  C:1333H         LINE#         253
  C:133EH         LINE#         254
BL51 BANKED LINKER/LOCATER V6.22.4.0                                                  11/08/2024  16:16:15  PAGE 49


  C:133EH         LINE#         255
  C:1343H         LINE#         256
  C:1345H         LINE#         257
  C:1349H         LINE#         258
  C:134DH         LINE#         259
  C:1351H         LINE#         260
  C:1355H         LINE#         263
  C:136DH         LINE#         264
  C:1381H         LINE#         265
  C:138EH         LINE#         266
  C:13A2H         LINE#         267
  C:13AEH         LINE#         274
  C:13C4H         LINE#         275
  C:13CAH         LINE#         276
  C:13D2H         LINE#         277
  C:13D6H         LINE#         278
  C:13D6H         LINE#         284
  C:13DDH         LINE#         285
  C:13EFH         LINE#         286
  C:13F9H         LINE#         287
  C:1401H         LINE#         288
  C:141BH         LINE#         289
  C:141BH         LINE#         290
  C:142CH         LINE#         293
  C:1450H         LINE#         294
  C:1475H         LINE#         297
  C:1499H         LINE#         298
  C:14BDH         LINE#         299
  C:14E1H         LINE#         300
  C:1505H         LINE#         302
  C:152AH         LINE#         303
  C:154FH         LINE#         304
  C:1574H         LINE#         305
  C:1599H         LINE#         306
  C:159CH         LINE#         307
  C:15A7H         LINE#         308
  C:15B4H         LINE#         309
  C:15CCH         LINE#         310
  C:15E5H         LINE#         311
  C:15F3H         LINE#         312
  C:15FCH         LINE#         313
  C:1605H         LINE#         314
  C:1607H         LINE#         317
  C:162AH         LINE#         318
  C:1632H         LINE#         319
  -------         ENDPROC       _FUNCTION_READ_INPUT_REGISTERS_4
  -------         PROC          _FUNCTION_WRITE_SINGLE_COIL_5
  X:02A9H         SYMBOL        buf
  X:02ACH         SYMBOL        len
  -------         DO            
  X:02AEH         SYMBOL        ret
  X:02B0H         SYMBOL        start_address
  D:0006H         SYMBOL        value
  -------         ENDDO         
  C:320EH         LINE#         322
  C:321FH         LINE#         323
  C:321FH         LINE#         324
BL51 BANKED LINKER/LOCATER V6.22.4.0                                                  11/08/2024  16:16:15  PAGE 50


  C:3224H         LINE#         325
  C:3228H         LINE#         326
  C:3228H         LINE#         329
  C:3240H         LINE#         330
  C:3254H         LINE#         331
  C:325DH         LINE#         332
  C:3268H         LINE#         339
  C:3272H         LINE#         340
  C:3275H         LINE#         341
  C:327DH         LINE#         342
  C:3281H         LINE#         343
  C:3281H         LINE#         355
  C:3295H         LINE#         359
  C:329DH         LINE#         360
  -------         ENDPROC       _FUNCTION_WRITE_SINGLE_COIL_5
  -------         PROC          _FUNCTION_WRITE_SINGLE_REGISTER_6
  X:02A9H         SYMBOL        buf
  X:02ACH         SYMBOL        len
  -------         DO            
  X:02AEH         SYMBOL        ret
  X:02B0H         SYMBOL        start_address
  D:0006H         SYMBOL        value
  -------         ENDDO         
  C:2346H         LINE#         363
  C:2357H         LINE#         364
  C:2357H         LINE#         365
  C:235CH         LINE#         366
  C:2360H         LINE#         367
  C:2360H         LINE#         371
  C:2378H         LINE#         372
  C:238CH         LINE#         373
  C:2395H         LINE#         374
  C:23A0H         LINE#         378
  C:23AEH         LINE#         379
  C:23B4H         LINE#         380
  C:23BCH         LINE#         381
  C:23C0H         LINE#         382
  C:23C0H         LINE#         383
  C:23D7H         LINE#         384
  C:23D7H         LINE#         385
  C:23F3H         LINE#         386
  C:23F7H         LINE#         387
  C:23F9H         LINE#         388
  C:23F9H         LINE#         389
  C:23F9H         LINE#         390
  C:23F9H         LINE#         391
  C:23FBH         LINE#         393
  C:2415H         LINE#         394
  C:2415H         LINE#         396
  C:2427H         LINE#         397
  C:2429H         LINE#         398
  C:2434H         LINE#         400
  C:243DH         LINE#         401
  C:243FH         LINE#         405
  C:245FH         LINE#         408
  C:2467H         LINE#         409
  -------         ENDPROC       _FUNCTION_WRITE_SINGLE_REGISTER_6
BL51 BANKED LINKER/LOCATER V6.22.4.0                                                  11/08/2024  16:16:15  PAGE 51


  -------         PROC          _FUNCTION_WRITE_MULTIPLE_COILS_F
  X:02A9H         SYMBOL        buf
  -------         DO            
  X:02ACH         SYMBOL        ret
  X:02AEH         SYMBOL        crc
  X:02B0H         SYMBOL        start_address
  D:0006H         SYMBOL        count
  X:02B2H         SYMBOL        localbufLength
  X:02B3H         SYMBOL        index
  -------         ENDDO         
  C:2468H         LINE#         420
  C:2473H         LINE#         421
  C:2473H         LINE#         422
  C:2478H         LINE#         423
  C:247CH         LINE#         424
  C:2480H         LINE#         425
  C:2480H         LINE#         426
  C:2482H         LINE#         427
  C:2484H         LINE#         431
  C:249CH         LINE#         432
  C:24B0H         LINE#         433
  C:24B9H         LINE#         434
  C:24C4H         LINE#         441
  C:24D6H         LINE#         442
  C:24DCH         LINE#         443
  C:24E4H         LINE#         444
  C:24E8H         LINE#         445
  C:24E8H         LINE#         449
  C:24FDH         LINE#         450
  C:250BH         LINE#         451
  C:2532H         LINE#         452
  C:253AH         LINE#         455
  C:2554H         LINE#         456
  C:256EH         LINE#         457
  C:2575H         LINE#         458
  C:257CH         LINE#         462
  C:2584H         LINE#         463
  -------         ENDPROC       _FUNCTION_WRITE_MULTIPLE_COILS_F
  -------         PROC          _FUNCTION_WRITE_MULTIPLE_REGISTERS_10
  X:02A9H         SYMBOL        buf
  -------         DO            
  X:02ACH         SYMBOL        ret
  X:02AEH         SYMBOL        crc
  X:02B0H         SYMBOL        start_address
  D:0006H         SYMBOL        count
  X:02B2H         SYMBOL        localbufLength
  X:02B3H         SYMBOL        index
  -------         ENDDO         
  C:21E5H         LINE#         472
  C:21F0H         LINE#         473
  C:21F0H         LINE#         474
  C:21F5H         LINE#         475
  C:21F9H         LINE#         476
  C:21FDH         LINE#         477
  C:21FDH         LINE#         478
  C:21FFH         LINE#         479
  C:2201H         LINE#         483
BL51 BANKED LINKER/LOCATER V6.22.4.0                                                  11/08/2024  16:16:15  PAGE 52


  C:2219H         LINE#         484
  C:222DH         LINE#         485
  C:2236H         LINE#         486
  C:2241H         LINE#         491
  C:2253H         LINE#         492
  C:2259H         LINE#         493
  C:2260H         LINE#         494
  C:2263H         LINE#         495
  C:2263H         LINE#         498
  C:2295H         LINE#         499
  C:229CH         LINE#         500
  C:229FH         LINE#         501
  C:229FH         LINE#         505
  C:22B1H         LINE#         506
  C:22BBH         LINE#         507
  C:22C5H         LINE#         508
  C:22CFH         LINE#         510
  C:22DEH         LINE#         511
  C:22F8H         LINE#         512
  C:22FFH         LINE#         513
  C:2306H         LINE#         515
  C:2312H         LINE#         516
  C:231EH         LINE#         517
  C:232AH         LINE#         518
  C:2336H         LINE#         519
  C:2339H         LINE#         521
  C:2342H         LINE#         523
  C:2345H         LINE#         524
  -------         ENDPROC       _FUNCTION_WRITE_MULTIPLE_REGISTERS_10
  -------         PROC          _FUNCTION_READ_WRITE_MULTIPLE_REGISTERS_17
  X:02A9H         SYMBOL        buf
  -------         DO            
  X:02ACH         SYMBOL        ret
  X:02AEH         SYMBOL        crc
  X:02B0H         SYMBOL        read_start_address
  D:0006H         SYMBOL        write_start_address
  X:02B2H         SYMBOL        readCount
  X:02B4H         SYMBOL        writebytes
  X:02B5H         SYMBOL        writeCount
  X:02B7H         SYMBOL        localbufLength
  X:02B8H         SYMBOL        index
  X:02B9H         SYMBOL        send_total_count
  -------         ENDDO         
  C:1633H         LINE#         532
  C:163EH         LINE#         533
  C:163EH         LINE#         534
  C:1644H         LINE#         535
  C:1649H         LINE#         536
  C:164DH         LINE#         537
  C:164DH         LINE#         538
  C:1651H         LINE#         539
  C:1653H         LINE#         540
  C:1657H         LINE#         541
  C:1659H         LINE#         542
  C:165BH         LINE#         543
  C:165FH         LINE#         547
  C:1677H         LINE#         548
BL51 BANKED LINKER/LOCATER V6.22.4.0                                                  11/08/2024  16:16:15  PAGE 53


  C:168BH         LINE#         549
  C:1698H         LINE#         550
  C:16ACH         LINE#         552
  C:16B2H         LINE#         553
  C:16B8H         LINE#         554
  C:16C5H         LINE#         555
  C:16D9H         LINE#         557
  C:16E3H         LINE#         560
  C:16FCH         LINE#         561
  C:16FCH         LINE#         562
  C:16FCH         LINE#         563
  C:16FEH         LINE#         564
  C:16FEH         LINE#         565
  C:1717H         LINE#         566
  C:171DH         LINE#         567
  C:1725H         LINE#         568
  C:1729H         LINE#         569
  C:1729H         LINE#         573
  C:1731H         LINE#         574
  C:173FH         LINE#         575
  C:1766H         LINE#         576
  C:176EH         LINE#         579
  C:1775H         LINE#         580
  C:1787H         LINE#         581
  C:1791H         LINE#         582
  C:179AH         LINE#         583
  C:17A8H         LINE#         584
  C:17BBH         LINE#         585
  C:17C9H         LINE#         586
  C:17DCH         LINE#         587
  C:17EAH         LINE#         588
  C:17ECH         LINE#         589
  C:17F7H         LINE#         590
  C:1804H         LINE#         591
  C:181CH         LINE#         592
  C:1837H         LINE#         593
  C:1845H         LINE#         594
  C:184EH         LINE#         597
  C:1856H         LINE#         598
  -------         ENDPROC       _FUNCTION_READ_WRITE_MULTIPLE_REGISTERS_17
  -------         PROC          _NOT_SUPPORT_FUNCTION_CODE
  D:0007H         SYMBOL        address
  D:0005H         SYMBOL        function
  -------         DO            
  X:02A9H         SYMBOL        ret
  -------         ENDDO         
  C:39C3H         LINE#         603
  C:39C3H         LINE#         604
  C:39C3H         LINE#         605
  C:39CAH         LINE#         606
  C:39CFH         LINE#         609
  C:39D7H         LINE#         610
  -------         ENDPROC       _NOT_SUPPORT_FUNCTION_CODE
  -------         PROC          _PARSE_RECV_BUFFER
  X:02A0H         SYMBOL        buf
  X:02A3H         SYMBOL        len
  -------         DO            
BL51 BANKED LINKER/LOCATER V6.22.4.0                                                  11/08/2024  16:16:15  PAGE 54


  X:02A5H         SYMBOL        ret
  X:02A7H         SYMBOL        temp_crc
  D:0006H         SYMBOL        temp_crc2
  -------         ENDDO         
  C:1A57H         LINE#         615
  C:1A68H         LINE#         616
  C:1A68H         LINE#         617
  C:1A6DH         LINE#         618
  C:1A71H         LINE#         619
  C:1A73H         LINE#         621
  C:1A7FH         LINE#         622
  C:1A90H         LINE#         624
  C:1AA9H         LINE#         626
  C:1AA9H         LINE#         627
  C:1AABH         LINE#         628
  C:1AABH         LINE#         629
  C:1AC6H         LINE#         630
  C:1AE8H         LINE#         631
  C:1AF9H         LINE#         633
  C:1B05H         LINE#         635
  C:1B0DH         LINE#         636
  C:1B11H         LINE#         637
  C:1B11H         LINE#         639
  C:1B21H         LINE#         640
  C:1B2CH         LINE#         641
  C:1B2CH         LINE#         644
  C:1B5FH         LINE#         645
  C:1B65H         LINE#         646
  C:1B76H         LINE#         647
  C:1B87H         LINE#         648
  C:1B97H         LINE#         649
  C:1BADH         LINE#         650
  C:1BC3H         LINE#         651
  C:1BD3H         LINE#         652
  C:1BE3H         LINE#         653
  C:1BF3H         LINE#         654
  C:1C14H         LINE#         655
  C:1C14H         LINE#         657
  C:1C1CH         LINE#         658
  -------         ENDPROC       _PARSE_RECV_BUFFER
  -------         ENDMOD        MODBUS

  -------         MODULE        CRC
  C:0000H         SYMBOL        _ICE_DUMMY_
  C:0026H         PUBLIC        _crc16
  C:1857H         SYMBOL        auchCRCHi
  C:1957H         SYMBOL        auchCRCLo
  -------         PROC          _CRC16
  X:02C0H         SYMBOL        msg
  X:02C3H         SYMBOL        DataLen
  -------         DO            
  X:02C5H         SYMBOL        usTemp
  D:0007H         SYMBOL        uchCRCHi
  D:0005H         SYMBOL        uchCRCLo
  D:0002H         SYMBOL        uIndex
  -------         ENDDO         
  C:0026H         LINE#         81
BL51 BANKED LINKER/LOCATER V6.22.4.0                                                  11/08/2024  16:16:15  PAGE 55


  C:0037H         LINE#         82
  C:0037H         LINE#         83
  C:003CH         LINE#         84
  C:003EH         LINE#         85
  C:0040H         LINE#         87
  C:004EH         LINE#         88
  C:0065H         LINE#         89
  C:0072H         LINE#         90
  C:007FH         LINE#         91
  C:0081H         LINE#         92
  C:0089H         LINE#         93
  C:0093H         LINE#         95
  C:0098H         LINE#         96
  -------         ENDPROC       _CRC16
  -------         ENDMOD        CRC

  -------         MODULE        ?C?FPADD
  C:0B5AH         PUBLIC        ?C?FPADD
  C:0B56H         PUBLIC        ?C?FPSUB
  -------         ENDMOD        ?C?FPADD

  -------         MODULE        ?C?FPMUL
  C:0C4BH         PUBLIC        ?C?FPMUL
  -------         ENDMOD        ?C?FPMUL

  -------         MODULE        ?C?FPCMP
  C:0D53H         PUBLIC        ?C?FPCMP
  C:0D51H         PUBLIC        ?C?FPCMP3
  -------         ENDMOD        ?C?FPCMP

  -------         MODULE        ?C?FCAST
  C:0DD4H         PUBLIC        ?C?FCASTC
  C:0DCFH         PUBLIC        ?C?FCASTI
  C:0DCAH         PUBLIC        ?C?FCASTL
  -------         ENDMOD        ?C?FCAST

  -------         MODULE        ?C?CASTF
  C:0E08H         PUBLIC        ?C?CASTF
  -------         ENDMOD        ?C?CASTF

  -------         MODULE        ?C?CLDPTR
  C:0E89H         PUBLIC        ?C?CLDPTR
  -------         ENDMOD        ?C?CLDPTR

  -------         MODULE        ?C?CLDOPTR
  C:0EA2H         PUBLIC        ?C?CLDOPTR
  -------         ENDMOD        ?C?CLDOPTR

  -------         MODULE        ?C?CSTOPTR
  C:0ECFH         PUBLIC        ?C?CSTOPTR
  -------         ENDMOD        ?C?CSTOPTR

  -------         MODULE        ?C?IMUL
  C:0EF1H         PUBLIC        ?C?IMUL
  -------         ENDMOD        ?C?IMUL

  -------         MODULE        ?C?UIDIV
BL51 BANKED LINKER/LOCATER V6.22.4.0                                                  11/08/2024  16:16:15  PAGE 56


  C:0F03H         PUBLIC        ?C?UIDIV
  -------         ENDMOD        ?C?UIDIV

  -------         MODULE        ?C?ILDIX
  C:0F58H         PUBLIC        ?C?ILDIX
  -------         ENDMOD        ?C?ILDIX

  -------         MODULE        ?C?LNEG
  C:0F6EH         PUBLIC        ?C?LNEG
  -------         ENDMOD        ?C?LNEG

  -------         MODULE        ?C?SLCMP
  C:0F7CH         PUBLIC        ?C?SLCMP
  -------         ENDMOD        ?C?SLCMP

  -------         MODULE        ?C?LLDIDATA
  C:0F92H         PUBLIC        ?C?LLDIDATA
  -------         ENDMOD        ?C?LLDIDATA

  -------         MODULE        ?C?LLDIDATA0
  C:0F9EH         PUBLIC        ?C?LLDIDATA0
  -------         ENDMOD        ?C?LLDIDATA0

  -------         MODULE        ?C?LSTIDATA
  C:0FABH         PUBLIC        ?C?LSTIDATA
  -------         ENDMOD        ?C?LSTIDATA

  -------         MODULE        ?C?LSTXDATA
  C:0FB7H         PUBLIC        ?C?LSTXDATA
  -------         ENDMOD        ?C?LSTXDATA

  -------         MODULE        ?C?LSTKIDATA
  C:0FC3H         PUBLIC        ?C?LSTKIDATA
  -------         ENDMOD        ?C?LSTKIDATA

  -------         MODULE        ?C?OFFXADD
  C:0FDCH         PUBLIC        ?C?OFFXADD
  -------         ENDMOD        ?C?OFFXADD

  -------         MODULE        ?C?CCASE
  C:0FE8H         PUBLIC        ?C?CCASE
  -------         ENDMOD        ?C?CCASE

*** WARNING L16: UNCALLED SEGMENT, IGNORED FOR OVERLAY PROCESS
    SEGMENT: ?PR?ID_READ_OK?________

*** WARNING L16: UNCALLED SEGMENT, IGNORED FOR OVERLAY PROCESS
    SEGMENT: ?PR?FAN_POWER_SAVE?________

*** WARNING L16: UNCALLED SEGMENT, IGNORED FOR OVERLAY PROCESS
    SEGMENT: ?PR?TB_DIS?________

*** WARNING L16: UNCALLED SEGMENT, IGNORED FOR OVERLAY PROCESS
    SEGMENT: ?PR?JG_DIS?________

*** WARNING L16: UNCALLED SEGMENT, IGNORED FOR OVERLAY PROCESS
    SEGMENT: ?PR?BF_DIS?________
BL51 BANKED LINKER/LOCATER V6.22.4.0                                                  11/08/2024  16:16:15  PAGE 57



*** WARNING L16: UNCALLED SEGMENT, IGNORED FOR OVERLAY PROCESS
    SEGMENT: ?PR?P1_DIS?________

*** WARNING L16: UNCALLED SEGMENT, IGNORED FOR OVERLAY PROCESS
    SEGMENT: ?PR?P2_DIS?________

*** WARNING L16: UNCALLED SEGMENT, IGNORED FOR OVERLAY PROCESS
    SEGMENT: ?PR?_HOT_SELECT?________

Program Size: data=194.2 xdata=711 code=15093
LINK/LOCATE RUN COMPLETE.  8 WARNING(S),  0 ERROR(S)
